Component: ARM Compiler 6.14 Tool: armlink [5db06800]

==============================================================================

Section Cross References

    main.o(.text.main) refers to app_controller.o(.text.AppController_Init) for AppController_Init
    main.o(.text.main) refers to app_controller.o(.text.AppController_RunOnce) for AppController_RunOnce
    main.o(.ARM.exidx.text.main) refers to main.o(.text.main) for [Anonymous Symbol]
    app_controller.o(.text.AppController_Init) refers to platform_init.o(.text.Platform_InitSystem) for Platform_InitSystem
    app_controller.o(.text.AppController_Init) refers to error_manager.o(.text.ErrorManager_Init) for ErrorManager_Init
    app_controller.o(.text.AppController_Init) refers to config_service.o(.text.ConfigService_Init) for ConfigService_Init
    app_controller.o(.text.AppController_Init) refers to system_time.o(.text.SystemTime_Init) for SystemTime_Init
    app_controller.o(.text.AppController_Init) refers to button_driver.o(.text.ButtonDriver_Init) for ButtonDriver_Init
    app_controller.o(.text.AppController_Init) refers to uart_port.o(.text.UartPort_Init) for UartPort_Init
    app_controller.o(.text.AppController_Init) refers to debug_logger.o(.text.DebugLogger_SetReady) for DebugLogger_SetReady
    app_controller.o(.text.AppController_Init) refers to app_controller.o(.rodata.str1.1) for .L.str
    app_controller.o(.text.AppController_Init) refers to debug_logger.o(.text.DebugLogger_Log) for DebugLogger_Log
    app_controller.o(.text.AppController_Init) refers to error_manager.o(.text.ErrorManager_Flush) for ErrorManager_Flush
    app_controller.o(.text.AppController_Init) refers to flash_storage_driver.o(.text.FlashStorage_GetLastStatus) for FlashStorage_GetLastStatus
    app_controller.o(.text.AppController_Init) refers to config_service.o(.text.ConfigService_GetFrequency) for ConfigService_GetFrequency
    app_controller.o(.text.AppController_Init) refers to config_service.o(.text.ConfigService_GetDuty) for ConfigService_GetDuty
    app_controller.o(.text.AppController_Init) refers to config_service.o(.text.ConfigService_GetFrequencyStep) for ConfigService_GetFrequencyStep
    app_controller.o(.text.AppController_Init) refers to config_service.o(.text.ConfigService_GetDutyStep) for ConfigService_GetDutyStep
    app_controller.o(.text.AppController_Init) refers to flash_storage_driver.o(.text.FlashStorage_StatusString) for FlashStorage_StatusString
    app_controller.o(.text.AppController_Init) refers to measurement_service.o(.text.MeasurementService_Init) for MeasurementService_Init
    app_controller.o(.text.AppController_Init) refers to signal_generator_service.o(.text.SignalGeneratorService_Init) for SignalGeneratorService_Init
    app_controller.o(.text.AppController_Init) refers to lcd1602_driver.o(.text.Lcd1602Driver_Init) for Lcd1602Driver_Init
    app_controller.o(.text.AppController_Init) refers to ui_controller.o(.text.UiController_Init) for UiController_Init
    app_controller.o(.text.AppController_Init) refers to error_manager.o(.text.ErrorManager_Get_Total_Count) for ErrorManager_Get_Total_Count
    app_controller.o(.ARM.exidx.text.AppController_Init) refers to app_controller.o(.text.AppController_Init) for [Anonymous Symbol]
    app_controller.o(.text.AppController_RunOnce) refers to button_driver.o(.text.ButtonDriver_Process) for ButtonDriver_Process
    app_controller.o(.text.AppController_RunOnce) refers to button_driver.o(.text.ButtonDriver_GetEvent) for ButtonDriver_GetEvent
    app_controller.o(.text.AppController_RunOnce) refers to debug_logger.o(.text.DebugLogger_Log) for DebugLogger_Log
    app_controller.o(.text.AppController_RunOnce) refers to ui_controller.o(.text.UiController_HandleEvent) for UiController_HandleEvent
    app_controller.o(.text.AppController_RunOnce) refers to ui_controller.o(.text.UiController_Update) for UiController_Update
    app_controller.o(.text.AppController_RunOnce) refers to uart_port.o(.text.UartPort_GetTxTimeoutCount) for UartPort_GetTxTimeoutCount
    app_controller.o(.text.AppController_RunOnce) refers to app_controller.o(.bss.AppController_RunOnce.last_uart_timeout_count) for AppController_RunOnce.last_uart_timeout_count
    app_controller.o(.text.AppController_RunOnce) refers to error_manager.o(.text.ErrorManager_Report) for ErrorManager_Report
    app_controller.o(.ARM.exidx.text.AppController_RunOnce) refers to app_controller.o(.text.AppController_RunOnce) for [Anonymous Symbol]
    ui_controller.o(.text.UiController_Init) refers to ui_controller.o(.bss.cursorMemory) for cursorMemory
    ui_controller.o(.text.UiController_Init) refers to ui_controller.o(.bss.currentMenu) for currentMenu
    ui_controller.o(.text.UiController_Init) refers to ui_controller.o(.bss.menuNeedClear) for menuNeedClear
    ui_controller.o(.text.UiController_Init) refers to ui_controller.o(.text.Menu_Enter_State) for Menu_Enter_State
[...]
    RCC_GetClocksFreq                        0x08004d89   Thumb Code   160  stm32f10x_rcc.o(.text.RCC_GetClocksFreq)
    SignalGeneratorService_Apply             0x08004ef1   Thumb Code    96  signal_generator_service.o(.text.SignalGeneratorService_Apply)
    SignalGeneratorService_Init              0x08005001   Thumb Code    20  signal_generator_service.o(.text.SignalGeneratorService_Init)
    SysTick_Handler                          0x08005039   Thumb Code    16  system_time.o(.text.SysTick_Handler)
    SystemInit                               0x08005049   Thumb Code    86  system_stm32f10x.o(.text.SystemInit)
    SystemTime_DelayMs                       0x080050a1   Thumb Code    22  system_time.o(.text.SystemTime_DelayMs)
    SystemTime_GetTick                       0x080050b9   Thumb Code    12  system_time.o(.text.SystemTime_GetTick)
    SystemTime_Init                          0x080050c5   Thumb Code    32  system_time.o(.text.SystemTime_Init)
    TIM1_CC_IRQHandler                       0x08005319   Thumb Code    24  pwm_capture_driver.o(.text.TIM1_CC_IRQHandler)
    TIM3_IRQHandler                          0x08005331   Thumb Code    28  pwm_capture_driver.o(.text.TIM3_IRQHandler)
    TIM4_IRQHandler                          0x0800534d   Thumb Code    28  pwm_capture_driver.o(.text.TIM4_IRQHandler)
    TIM_ARRPreloadConfig                     0x08005369   Thumb Code    18  stm32f10x_tim.o(.text.TIM_ARRPreloadConfig)
    TIM_BDTRConfig                           0x0800537d   Thumb Code    40  stm32f10x_tim.o(.text.TIM_BDTRConfig)
    TIM_BDTRStructInit                       0x080053a5   Thumb Code    12  stm32f10x_tim.o(.text.TIM_BDTRStructInit)
    TIM_ClearITPendingBit                    0x080053b1   Thumb Code     6  stm32f10x_tim.o(.text.TIM_ClearITPendingBit)
    TIM_Cmd                                  0x080053b9   Thumb Code    18  stm32f10x_tim.o(.text.TIM_Cmd)
    TIM_CtrlPWMOutputs                       0x080053cd   Thumb Code    24  stm32f10x_tim.o(.text.TIM_CtrlPWMOutputs)
    TIM_GetCapture1                          0x080053e5   Thumb Code     4  stm32f10x_tim.o(.text.TIM_GetCapture1)
    TIM_GetCapture2                          0x080053e9   Thumb Code     4  stm32f10x_tim.o(.text.TIM_GetCapture2)
    TIM_GetITStatus                          0x080053ed   Thumb Code    20  stm32f10x_tim.o(.text.TIM_GetITStatus)
    TIM_ICInit                               0x08005401   Thumb Code    98  stm32f10x_tim.o(.text.TIM_ICInit)
    TIM_ITConfig                             0x08005465   Thumb Code    16  stm32f10x_tim.o(.text.TIM_ITConfig)
    TIM_OC2Init                              0x08005475   Thumb Code   122  stm32f10x_tim.o(.text.TIM_OC2Init)
    TIM_OC2PreloadConfig                     0x080054f1   Thumb Code    14  stm32f10x_tim.o(.text.TIM_OC2PreloadConfig)
    TIM_PrescalerConfig                      0x08005501   Thumb Code     6  stm32f10x_tim.o(.text.TIM_PrescalerConfig)
    TIM_SelectInputTrigger                   0x08005509   Thumb Code    12  stm32f10x_tim.o(.text.TIM_SelectInputTrigger)
    TIM_SelectMasterSlaveMode                0x08005515   Thumb Code    16  stm32f10x_tim.o(.text.TIM_SelectMasterSlaveMode)
    TIM_SelectSlaveMode                      0x08005525   Thumb Code    16  stm32f10x_tim.o(.text.TIM_SelectSlaveMode)
    TIM_SetAutoreload                        0x08005535   Thumb Code     4  stm32f10x_tim.o(.text.TIM_SetAutoreload)
    TIM_SetCompare2                          0x08005539   Thumb Code     4  stm32f10x_tim.o(.text.TIM_SetCompare2)
    TIM_SetCounter                           0x0800553d   Thumb Code     4  stm32f10x_tim.o(.text.TIM_SetCounter)
    TIM_SetIC1Prescaler                      0x08005541   Thumb Code    16  stm32f10x_tim.o(.text.TIM_SetIC1Prescaler)
    TIM_SetIC2Prescaler                      0x08005551   Thumb Code    18  stm32f10x_tim.o(.text.TIM_SetIC2Prescaler)
    TIM_SetIC3Prescaler                      0x08005565   Thumb Code    16  stm32f10x_tim.o(.text.TIM_SetIC3Prescaler)
    TIM_SetIC4Prescaler                      0x08005575   Thumb Code    18  stm32f10x_tim.o(.text.TIM_SetIC4Prescaler)
    TIM_TimeBaseInit                         0x08005589   Thumb Code   170  stm32f10x_tim.o(.text.TIM_TimeBaseInit)
    USART1_IRQHandler                        0x08005635   Thumb Code   118  uart_port.o(.text.USART1_IRQHandler)
    USART_Cmd                                0x080056ad   Thumb Code    18  stm32f10x_usart.o(.text.USART_Cmd)
    USART_GetFlagStatus                      0x080056c1   Thumb Code    10  stm32f10x_usart.o(.text.USART_GetFlagStatus)
    USART_GetITStatus                        0x080056cd   Thumb Code    58  stm32f10x_usart.o(.text.USART_GetITStatus)
    USART_ITConfig                           0x08005709   Thumb Code    46  stm32f10x_usart.o(.text.USART_ITConfig)
    USART_Init                               0x08005739   Thumb Code   178  stm32f10x_usart.o(.text.USART_Init)
    USART_ReceiveData                        0x080057ed   Thumb Code     8  stm32f10x_usart.o(.text.USART_ReceiveData)
    USART_SendData                           0x080057f5   Thumb Code     8  stm32f10x_usart.o(.text.USART_SendData)
    UartPort_GetTxTimeoutCount               0x080057fd   Thumb Code    12  uart_port.o(.text.UartPort_GetTxTimeoutCount)
    UartPort_Init                            0x08005809   Thumb Code   138  uart_port.o(.text.UartPort_Init)
    UartPort_SendString                      0x08005895   Thumb Code    28  uart_port.o(.text.UartPort_SendString)
    UartPort_TrySendChar                     0x080058b1   Thumb Code    84  uart_port.o(.text.UartPort_TrySendChar)
    UiController_HandleEvent                 0x08005905   Thumb Code    88  ui_controller.o(.text.UiController_HandleEvent)
    UiController_Init                        0x0800595d   Thumb Code    48  ui_controller.o(.text.UiController_Init)
    UiController_Update                      0x0800598d   Thumb Code   104  ui_controller.o(.text.UiController_Update)
    UiFormatter_FormatCenteredEditor         0x080059f5   Thumb Code    96  ui_formatter.o(.text.UiFormatter_FormatCenteredEditor)
    UiFormatter_FormatMeasurement            0x08005a55   Thumb Code   548  ui_formatter.o(.text.UiFormatter_FormatMeasurement)
    UiFormatter_FormatUnsignedWithUnit       0x08005c79   Thumb Code    64  ui_formatter.o(.text.UiFormatter_FormatUnsignedWithUnit)
    UiView_ShowAdjustParameter               0x08005d0d   Thumb Code    46  ui_view.o(.text.UiView_ShowAdjustParameter)
    UiView_ShowList                          0x08005d3d   Thumb Code   204  ui_view.o(.text.UiView_ShowList)
    UiView_ShowMeasurementValue              0x08005e09   Thumb Code    32  ui_view.o(.text.UiView_ShowMeasurementValue)
    UiView_ShowMessage                       0x08005e29   Thumb Code    68  ui_view.o(.text.UiView_ShowMessage)
    UiView_ShowSaveFeedback                  0x08005e6d   Thumb Code    38  ui_view.o(.text.UiView_ShowSaveFeedback)
    UiView_ShowSplash                        0x08005e95   Thumb Code   118  ui_view.o(.text.UiView_ShowSplash)
    UiView_ShowStep                          0x08005f0d   Thumb Code    62  ui_view.o(.text.UiView_ShowStep)
    UiView_ShowTitle                         0x08005f4d   Thumb Code    18  ui_view.o(.text.UiView_ShowTitle)
    main                                     0x08006255   Thumb Code    10  main.o(.text.main)
    _btod_d2e                                0x0800625f   Thumb Code    62  btod.o(CL$$btod_d2e)
    _d2e_denorm_low                          0x0800629d   Thumb Code    70  btod.o(CL$$btod_d2e_denorm_low)
    _d2e_norm_op1                            0x080062e3   Thumb Code    96  btod.o(CL$$btod_d2e_norm_op1)
    __btod_div_common                        0x08006343   Thumb Code   696  btod.o(CL$$btod_div_common)
    _e2e                                     0x0800667b   Thumb Code   220  btod.o(CL$$btod_e2e)
    _btod_ediv                               0x08006757   Thumb Code    42  btod.o(CL$$btod_ediv)
    _btod_emul                               0x08006781   Thumb Code    42  btod.o(CL$$btod_emul)
    __btod_mult_common                       0x080067ab   Thumb Code   580  btod.o(CL$$btod_mult_common)
    __ARM_fpclassify                         0x080069ef   Thumb Code    40  fpclassify.o(i.__ARM_fpclassify)
    _is_digit                                0x08006a17   Thumb Code    14  __printf_wp.o(i._is_digit)
    _get_lc_numeric                          0x08006a25   Thumb Code    44  lc_numeric_c.o(locale$$code)
    _get_lc_ctype                            0x08006a51   Thumb Code    44  lc_ctype_c.o(locale$$code)
    __fpl_dretinf                            0x08006a7d   Thumb Code    12  dretinf.o(x$fpl$dretinf)
    __aeabi_f2d                              0x08006a89   Thumb Code     0  f2d.o(x$fpl$f2d)
    _f2d                                     0x08006a89   Thumb Code    86  f2d.o(x$fpl$f2d)
    __aeabi_fadd                             0x08006ae1   Thumb Code     0  faddsub_clz.o(x$fpl$fadd)
    _fadd                                    0x08006ae1   Thumb Code   196  faddsub_clz.o(x$fpl$fadd)
    __aeabi_fcmpeq                           0x08006ba5   Thumb Code     0  fcmp.o(x$fpl$fcmp)
    _feq                                     0x08006ba5   Thumb Code    14  fcmp.o(x$fpl$fcmp)
    _fneq                                    0x08006bb3   Thumb Code    14  fcmp.o(x$fpl$fcmp)
    __aeabi_fcmpgt                           0x08006bc1   Thumb Code     0  fcmp.o(x$fpl$fcmp)
    _fgr                                     0x08006bc1   Thumb Code    14  fcmp.o(x$fpl$fcmp)
    __aeabi_fcmpge                           0x08006bcf   Thumb Code     0  fcmp.o(x$fpl$fcmp)
    _fgeq                                    0x08006bcf   Thumb Code    14  fcmp.o(x$fpl$fcmp)
    __aeabi_fcmple                           0x08006bdd   Thumb Code     0  fcmp.o(x$fpl$fcmp)
    _fleq                                    0x08006bdd   Thumb Code    14  fcmp.o(x$fpl$fcmp)
    __aeabi_fcmplt                           0x08006beb   Thumb Code     0  fcmp.o(x$fpl$fcmp)
    _fls                                     0x08006beb   Thumb Code    14  fcmp.o(x$fpl$fcmp)
    __fpl_fcmp_Inf                           0x08006bf9   Thumb Code    24  fcmpi.o(x$fpl$fcmpinf)
    __aeabi_fdiv                             0x08006c11   Thumb Code     0  fdiv.o(x$fpl$fdiv)
    _fdiv                                    0x08006c11   Thumb Code   384  fdiv.o(x$fpl$fdiv)
    __aeabi_cfcmpeq                          0x08006d95   Thumb Code     0  feqf.o(x$fpl$feqf)
    _fcmpeq                                  0x08006d95   Thumb Code   104  feqf.o(x$fpl$feqf)
    __aeabi_f2uiz                            0x08006dfd   Thumb Code     0  ffixu.o(x$fpl$ffixu)
    _ffixu                                   0x08006dfd   Thumb Code    62  ffixu.o(x$fpl$ffixu)
    __aeabi_ui2f                             0x08006e3d   Thumb Code     0  fflt_clz.o(x$fpl$ffltu)
    _ffltu                                   0x08006e3d   Thumb Code    38  fflt_clz.o(x$fpl$ffltu)
    _fcmpge                                  0x08006e65   Thumb Code   104  fgeqf.o(x$fpl$fgeqf)
    __aeabi_cfcmple                          0x08006ecd   Thumb Code     0  fleqf.o(x$fpl$fleqf)
    _fcmple                                  0x08006ecd   Thumb Code   104  fleqf.o(x$fpl$fleqf)
    __fpl_fcmple_InfNaN                      0x08006f1f   Thumb Code     0  fleqf.o(x$fpl$fleqf)
    __aeabi_fmul                             0x08006f35   Thumb Code     0  fmul.o(x$fpl$fmul)
    _fmul                                    0x08006f35   Thumb Code   258  fmul.o(x$fpl$fmul)
    __fpl_fnaninf                            0x08007037   Thumb Code   140  fnaninf.o(x$fpl$fnaninf)
    __fpl_fretinf                            0x080070c3   Thumb Code    10  fretinf.o(x$fpl$fretinf)
    __aeabi_fsub                             0x080070cd   Thumb Code     0  faddsub_clz.o(x$fpl$fsub)
    _fsub                                    0x080070cd   Thumb Code   234  faddsub_clz.o(x$fpl$fsub)
    _printf_fp_dec                           0x080071b7   Thumb Code     4  printf1.o(x$fpl$printf1)
    _printf_fp_hex                           0x080071bb   Thumb Code     4  printf2.o(x$fpl$printf2)
    __I$use$fp                               0x080071be   Number         0  usenofp.o(x$fpl$usenofp)
    Region$$Table$$Base                      0x08007534   Number         0  anon$$obj.o(Region$$Table)
    Region$$Table$$Limit                     0x08007554   Number         0  anon$$obj.o(Region$$Table)
    __ctype                                  0x0800757d   Data           0  lc_ctype_c.o(locale$$data)
    SystemCoreClock                          0x20000000   Data           4  system_stm32f10x.o(.data.SystemCoreClock)
    __libspace_start                         0x200000a8   Data          96  libspace.o(.bss)
    __temporary_stack_top$libspace           0x20000108   Data           0  libspace.o(.bss)



==============================================================================

Memory Map of the image

  Image Entry point : 0x080000ed

  Load Region LR_IROM1 (Base: 0x08000000, Size: 0x00007728, Max: 0x0000fc00, ABSOLUTE)

    Execution Region ER_IROM1 (Exec base: 0x08000000, Load base: 0x08000000, Size: 0x00007680, Max: 0x0000fc00, ABSOLUTE)

    Exec Addr    Load Addr    Size         Type   Attr      Idx    E Section Name        Object

    0x08000000   0x08000000   0x000000ec   Data   RO          683    RESET               startup_stm32f10x_md.o
    0x080000ec   0x080000ec   0x00000008   Code   RO         1297  * !!!main             c_w.l(__main.o)
    0x080000f4   0x080000f4   0x00000034   Code   RO         1641    !!!scatter          c_w.l(__scatter.o)
    0x08000128   0x08000128   0x0000001a   Code   RO         1643    !!handler_copy      c_w.l(__scatter_copy.o)
    0x08000142   0x08000142   0x00000002   PAD
    0x08000144   0x08000144   0x0000001c   Code   RO         1645    !!handler_zi        c_w.l(__scatter_zi.o)
    0x08000160   0x08000160   0x00000000   Code   RO         1284    .ARM.Collect$$_printf_percent$$00000000  c_w.l(_printf_percent.o)
    0x08000160   0x08000160   0x00000006   Code   RO         1378    .ARM.Collect$$_printf_percent$$00000001  c_w.l(_printf_n.o)
    0x08000166   0x08000166   0x00000006   Code   RO         1380    .ARM.Collect$$_printf_percent$$00000002  c_w.l(_printf_p.o)
    0x0800016c   0x0800016c   0x00000006   Code   RO         1283    .ARM.Collect$$_printf_percent$$00000003  c_w.l(_printf_f.o)
    0x08000172   0x08000172   0x00000006   Code   RO         1384    .ARM.Collect$$_printf_percent$$00000004  c_w.l(_printf_e.o)
    0x08000178   0x08000178   0x00000006   Code   RO         1385    .ARM.Collect$$_printf_percent$$00000005  c_w.l(_printf_g.o)
    0x0800017e   0x0800017e   0x00000006   Code   RO         1386    .ARM.Collect$$_printf_percent$$00000006  c_w.l(_printf_a.o)
    0x08000184   0x08000184   0x0000000a   Code   RO         1391    .ARM.Collect$$_printf_percent$$00000007  c_w.l(_printf_ll.o)
    0x0800018e   0x0800018e   0x00000006   Code   RO         1382    .ARM.Collect$$_printf_percent$$00000008  c_w.l(_printf_i.o)
    0x08000194   0x08000194   0x00000006   Code   RO         1383    .ARM.Collect$$_printf_percent$$00000009  c_w.l(_printf_d.o)
    0x0800019a   0x0800019a   0x00000006   Code   RO         1282    .ARM.Collect$$_printf_percent$$0000000A  c_w.l(_printf_u.o)
    0x080001a0   0x080001a0   0x00000006   Code   RO         1381    .ARM.Collect$$_printf_percent$$0000000B  c_w.l(_printf_o.o)
    0x080001a6   0x080001a6   0x00000006   Code   RO         1379    .ARM.Collect$$_printf_percent$$0000000C  c_w.l(_printf_x.o)
    0x080001ac   0x080001ac   0x00000006   Code   RO         1388    .ARM.Collect$$_printf_percent$$0000000D  c_w.l(_printf_lli.o)
    0x080001b2   0x080001b2   0x00000006   Code   RO         1389    .ARM.Collect$$_printf_percent$$0000000E  c_w.l(_printf_lld.o)
    0x080001b8   0x080001b8   0x00000006   Code   RO         1390    .ARM.Collect$$_printf_percent$$0000000F  c_w.l(_printf_llu.o)
    0x080001be   0x080001be   0x00000006   Code   RO         1395    .ARM.Collect$$_printf_percent$$00000010  c_w.l(_printf_llo.o)
    0x080001c4   0x080001c4   0x00000006   Code   RO         1396    .ARM.Collect$$_printf_percent$$00000011  c_w.l(_printf_llx.o)
    0x080001ca   0x080001ca   0x0000000a   Code   RO         1392    .ARM.Collect$$_printf_percent$$00000012  c_w.l(_printf_l.o)
    0x080001d4   0x080001d4   0x00000006   Code   RO         1280    .ARM.Collect$$_printf_percent$$00000013  c_w.l(_printf_c.o)
    0x080001da   0x080001da   0x00000006   Code   RO         1281    .ARM.Collect$$_printf_percent$$00000014  c_w.l(_printf_s.o)
    0x080001e0   0x080001e0   0x00000006   Code   RO         1393    .ARM.Collect$$_printf_percent$$00000015  c_w.l(_printf_lc.o)
    0x080001e6   0x080001e6   0x00000006   Code   RO         1394    .ARM.Collect$$_printf_percent$$00000016  c_w.l(_printf_ls.o)
    0x080001ec   0x080001ec   0x00000004   Code   RO         1387    .ARM.Collect$$_printf_percent$$00000017  c_w.l(_printf_percent_end.o)
    0x080001f0   0x080001f0   0x00000002   Code   RO         1503    .ARM.Collect$$libinit$$00000000  c_w.l(libinit.o)
    0x080001f2   0x080001f2   0x00000000   Code   RO         1505    .ARM.Collect$$libinit$$00000002  c_w.l(libinit2.o)
    0x080001f2   0x080001f2   0x00000000   Code   RO         1507    .ARM.Collect$$libinit$$00000004  c_w.l(libinit2.o)
    0x080001f2   0x080001f2   0x00000000   Code   RO         1510    .ARM.Collect$$libinit$$0000000A  c_w.l(libinit2.o)
    0x080001f2   0x080001f2   0x00000000   Code   RO         1512    .ARM.Collect$$libinit$$0000000C  c_w.l(libinit2.o)
    0x080001f2   0x080001f2   0x00000000   Code   RO         1514    .ARM.Collect$$libinit$$0000000E  c_w.l(libinit2.o)
    0x080001f2   0x080001f2   0x00000006   Code   RO         1515    .ARM.Collect$$libinit$$0000000F  c_w.l(libinit2.o)
    0x080001f8   0x080001f8   0x00000000   Code   RO         1517    .ARM.Collect$$libinit$$00000011  c_w.l(libinit2.o)
    0x080001f8   0x080001f8   0x0000000c   Code   RO         1518    .ARM.Collect$$libinit$$00000012  c_w.l(libinit2.o)
    0x08000204   0x08000204   0x00000000   Code   RO         1519    .ARM.Collect$$libinit$$00000013  c_w.l(libinit2.o)
    0x08000204   0x08000204   0x00000000   Code   RO         1521    .ARM.Collect$$libinit$$00000015  c_w.l(libinit2.o)
    0x08000204   0x08000204   0x0000000a   Code   RO         1522    .ARM.Collect$$libinit$$00000016  c_w.l(libinit2.o)
    0x0800020e   0x0800020e   0x00000000   Code   RO         1523    .ARM.Collect$$libinit$$00000017  c_w.l(libinit2.o)
    0x0800020e   0x0800020e   0x00000000   Code   RO         1525    .ARM.Collect$$libinit$$00000019  c_w.l(libinit2.o)
    0x0800020e   0x0800020e   0x00000000   Code   RO         1527    .ARM.Collect$$libinit$$0000001B  c_w.l(libinit2.o)
    0x0800020e   0x0800020e   0x00000000   Code   RO         1529    .ARM.Collect$$libinit$$0000001D  c_w.l(libinit2.o)
    0x0800020e   0x0800020e   0x00000000   Code   RO         1531    .ARM.Collect$$libinit$$0000001F  c_w.l(libinit2.o)
    0x0800020e   0x0800020e   0x00000000   Code   RO         1533    .ARM.Collect$$libinit$$00000021  c_w.l(libinit2.o)
    0x0800020e   0x0800020e   0x00000000   Code   RO         1535    .ARM.Collect$$libinit$$00000023  c_w.l(libinit2.o)
    0x0800020e   0x0800020e   0x00000000   Code   RO         1537    .ARM.Collect$$libinit$$00000025  c_w.l(libinit2.o)
    0x0800020e   0x0800020e   0x00000000   Code   RO         1541    .ARM.Collect$$libinit$$0000002C  c_w.l(libinit2.o)
    0x0800020e   0x0800020e   0x00000000   Code   RO         1543    .ARM.Collect$$libinit$$0000002E  c_w.l(libinit2.o)
    0x0800020e   0x0800020e   0x00000000   Code   RO         1545    .ARM.Collect$$libinit$$00000030  c_w.l(libinit2.o)
    0x0800020e   0x0800020e   0x00000000   Code   RO         1547    .ARM.Collect$$libinit$$00000032  c_w.l(libinit2.o)
    0x0800020e   0x0800020e   0x00000002   Code   RO         1548    .ARM.Collect$$libinit$$00000033  c_w.l(libinit2.o)
    0x08000210   0x08000210   0x00000002   Code   RO         1587    .ARM.Collect$$libshutdown$$00000000  c_w.l(libshutdown.o)
    0x08000212   0x08000212   0x00000000   Code   RO         1598    .ARM.Collect$$libshutdown$$00000002  c_w.l(libshutdown2.o)
    0x08000212   0x08000212   0x00000000   Code   RO         1600    .ARM.Collect$$libshutdown$$00000004  c_w.l(libshutdown2.o)
    0x08000212   0x08000212   0x00000000   Code   RO         1603    .ARM.Collect$$libshutdown$$00000007  c_w.l(libshutdown2.o)
    0x08000212   0x08000212   0x00000000   Code   RO         1606    .ARM.Collect$$libshutdown$$0000000A  c_w.l(libshutdown2.o)
    0x08000212   0x08000212   0x00000000   Code   RO         1608    .ARM.Collect$$libshutdown$$0000000C  c_w.l(libshutdown2.o)
    0x08000212   0x08000212   0x00000000   Code   RO         1611    .ARM.Collect$$libshutdown$$0000000F  c_w.l(libshutdown2.o)
    0x08000212   0x08000212   0x00000002   Code   RO         1612    .ARM.Collect$$libshutdown$$00000010  c_w.l(libshutdown2.o)
    0x08000214   0x08000214   0x00000000   Code   RO         1327    .ARM.Collect$$rtentry$$00000000  c_w.l(__rtentry.o)
    0x08000214   0x08000214   0x00000000   Code   RO         1417    .ARM.Collect$$rtentry$$00000002  c_w.l(__rtentry2.o)
    0x08000214   0x08000214   0x00000006   Code   RO         1429    .ARM.Collect$$rtentry$$00000004  c_w.l(__rtentry4.o)
    0x0800021a   0x0800021a   0x00000000   Code   RO         1419    .ARM.Collect$$rtentry$$00000009  c_w.l(__rtentry2.o)
    0x0800021a   0x0800021a   0x00000004   Code   RO         1420    .ARM.Collect$$rtentry$$0000000A  c_w.l(__rtentry2.o)
    0x0800021e   0x0800021e   0x00000000   Code   RO         1422    .ARM.Collect$$rtentry$$0000000C  c_w.l(__rtentry2.o)
    0x0800021e   0x0800021e   0x00000008   Code   RO         1423    .ARM.Collect$$rtentry$$0000000D  c_w.l(__rtentry2.o)
    0x08000226   0x08000226   0x00000002   Code   RO         1549    .ARM.Collect$$rtexit$$00000000  c_w.l(rtexit.o)
    0x08000228   0x08000228   0x00000000   Code   RO         1561    .ARM.Collect$$rtexit$$00000002  c_w.l(rtexit2.o)
    0x08000228   0x08000228   0x00000004   Code   RO         1562    .ARM.Collect$$rtexit$$00000003  c_w.l(rtexit2.o)
    0x0800022c   0x0800022c   0x00000006   Code   RO         1563    .ARM.Collect$$rtexit$$00000004  c_w.l(rtexit2.o)
    0x08000232   0x08000232   0x00000002   PAD
    0x08000234   0x08000234   0x00000040   Code   RO          684    .text               startup_stm32f10x_md.o
    0x08000274   0x08000274   0x00000034   Code   RO         1246    .text               c_w.l(vsnprintf.o)
    0x080002a8   0x080002a8   0x00000038   Code   RO         1248    .text               c_w.l(__2snprintf.o)
    0x080002e0   0x080002e0   0x0000004e   Code   RO         1254    .text               c_w.l(_printf_pad.o)
    0x0800032e   0x0800032e   0x00000052   Code   RO         1256    .text               c_w.l(_printf_str.o)
    0x08000380   0x08000380   0x00000078   Code   RO         1258    .text               c_w.l(_printf_dec.o)
    0x080003f8   0x080003f8   0x00000188   Code   RO         1277    .text               c_w.l(__printf_flags_ss_wp.o)
    0x08000580   0x08000580   0x00000058   Code   RO         1285    .text               c_w.l(memcmp.o)
    0x080005d8   0x080005d8   0x0000003e   Code   RO         1287    .text               c_w.l(strlen.o)
    0x08000616   0x08000616   0x0000008a   Code   RO         1289    .text               c_w.l(rt_memcpy_v6.o)
    0x080006a0   0x080006a0   0x00000064   Code   RO         1291    .text               c_w.l(rt_memcpy_w.o)
    0x08000704   0x08000704   0x0000004e   Code   RO         1293    .text               c_w.l(rt_memclr_w.o)
    0x08000752   0x08000752   0x00000006   Code   RO         1295    .text               c_w.l(heapauxi.o)
    0x08000758   0x08000758   0x00000024   Code   RO         1328    .text               c_w.l(_printf_truncate.o)
    0x0800077c   0x0800077c   0x000000b2   Code   RO         1330    .text               c_w.l(_printf_intcommon.o)
    0x0800082e   0x0800082e   0x00000028   Code   RO         1332    .text               c_w.l(_printf_charcount.o)
    0x08000856   0x08000856   0x0000041c   Code   RO         1334    .text               c_w.l(_printf_fp_dec.o)
    0x08000c72   0x08000c72   0x00000002   PAD
    0x08000c74   0x08000c74   0x00000030   Code   RO         1338    .text               c_w.l(_printf_char_common.o)
    0x08000ca4   0x08000ca4   0x0000000a   Code   RO         1340    .text               c_w.l(_sputc.o)
    0x08000cae   0x08000cae   0x00000010   Code   RO         1342    .text               c_w.l(_snputc.o)
    0x08000cbe   0x08000cbe   0x0000002c   Code   RO         1344    .text               c_w.l(_printf_char.o)
    0x08000cea   0x08000cea   0x00000002   PAD
    0x08000cec   0x08000cec   0x000000bc   Code   RO         1346    .text               c_w.l(_printf_wctomb.o)
    0x08000da8   0x08000da8   0x0000007c   Code   RO         1349    .text               c_w.l(_printf_longlong_dec.o)
    0x08000e24   0x08000e24   0x00000070   Code   RO         1355    .text               c_w.l(_printf_oct_int_ll.o)
    0x08000e94   0x08000e94   0x00000094   Code   RO         1375    .text               c_w.l(_printf_hex_int_ll_ptr.o)
    0x08000f28   0x08000f28   0x00000008   Code   RO         1434    .text               c_w.l(rt_locale_intlibspace.o)
    0x08000f30   0x08000f30   0x0000008a   Code   RO         1436    .text               c_w.l(lludiv10.o)
    0x08000fba   0x08000fba   0x00000002   PAD
    0x08000fbc   0x08000fbc   0x000002fc   Code   RO         1438    .text               c_w.l(_printf_fp_hex.o)
    0x080012b8   0x080012b8   0x00000080   Code   RO         1441    .text               c_w.l(_printf_fp_infnan.o)
    0x08001338   0x08001338   0x0000002c   Code   RO         1445    .text               c_w.l(_printf_wchar.o)
    0x08001364   0x08001364   0x000000e4   Code   RO         1447    .text               c_w.l(bigflt0.o)
    0x08001448   0x08001448   0x00000048   Code   RO         1474    .text               c_w.l(_c16rtomb.o)
    0x08001490   0x08001490   0x00000008   Code   RO         1485    .text               c_w.l(libspace.o)
    0x08001498   0x08001498   0x0000004a   Code   RO         1488    .text               c_w.l(sys_stackheap_outer.o)
    0x080014e2   0x080014e2   0x00000002   PAD
    0x080014e4   0x080014e4   0x00000010   Code   RO         1490    .text               c_w.l(rt_ctype_table.o)
    0x080014f4   0x080014f4   0x00000012   Code   RO         1494    .text               c_w.l(exit.o)
    0x08001506   0x08001506   0x00000002   PAD
    0x08001508   0x08001508   0x00000080   Code   RO         1496    .text               c_w.l(strcmpv7m.o)
    0x08001588   0x08001588   0x0000000c   Code   RO         1573    .text               c_w.l(sys_exit.o)
    0x08001594   0x08001594   0x00000002   Code   RO         1588    .text               c_w.l(use_no_semi.o)
    0x08001596   0x08001596   0x00000000   Code   RO         1590    .text               c_w.l(indicate_semi.o)
    0x08001596   0x08001596   0x00000002   PAD
    0x08001598   0x08001598   0x000000a2   Code   RO          330    .text.ADC1_2_IRQHandler  adc_driver.o
    0x0800163a   0x0800163a   0x00000002   PAD
    0x0800163c   0x0800163c   0x00000006   Code   RO          793    .text.ADC_ClearFlag  stm32f10x_adc.o
    0x08001642   0x08001642   0x00000002   PAD
    0x08001644   0x08001644   0x00000008   Code   RO          797    .text.ADC_ClearITPendingBit  stm32f10x_adc.o
    0x0800164c   0x0800164c   0x00000012   Code   RO          733    .text.ADC_Cmd       stm32f10x_adc.o
    0x0800165e   0x0800165e   0x00000002   PAD
    0x08001660   0x08001660   0x00000008   Code   RO          745    .text.ADC_GetCalibrationStatus  stm32f10x_adc.o
    0x08001668   0x08001668   0x00000006   Code   RO          759    .text.ADC_GetConversionValue  stm32f10x_adc.o
    0x0800166e   0x0800166e   0x00000002   PAD
    0x08001670   0x08001670   0x0000001c   Code   RO          795    .text.ADC_GetITStatus  stm32f10x_adc.o
    0x0800168c   0x0800168c   0x00000008   Code   RO          741    .text.ADC_GetResetCalibrationStatus  stm32f10x_adc.o
    0x08001694   0x08001694   0x00000012   Code   RO          737    .text.ADC_ITConfig  stm32f10x_adc.o
    0x080016a6   0x080016a6   0x00000002   PAD
    0x080016a8   0x080016a8   0x00000054   Code   RO          729    .text.ADC_Init      stm32f10x_adc.o
    0x080016fc   0x080016fc   0x00000062   Code   RO          755    .text.ADC_RegularChannelConfig  stm32f10x_adc.o
    0x0800175e   0x0800175e   0x00000002   PAD
    0x08001760   0x08001760   0x0000000a   Code   RO          739    .text.ADC_ResetCalibration  stm32f10x_adc.o
    0x0800176a   0x0800176a   0x00000002   PAD
    0x0800176c   0x0800176c   0x00000012   Code   RO          747    .text.ADC_SoftwareStartConvCmd  stm32f10x_adc.o
    0x0800177e   0x0800177e   0x00000002   PAD
    0x08001780   0x08001780   0x0000000a   Code   RO          743    .text.ADC_StartCalibration  stm32f10x_adc.o
    0x0800178a   0x0800178a   0x00000002   PAD
    0x0800178c   0x0800178c   0x00000068   Code   RO          318    .text.AdcDriver_Cancel  adc_driver.o
    0x080017f4   0x080017f4   0x000000ee   Code   RO          312    .text.AdcDriver_Config  adc_driver.o
    0x080018e2   0x080018e2   0x00000002   PAD
    0x080018e4   0x080018e4   0x00000030   Code   RO          314    .text.AdcDriver_Disable  adc_driver.o
    0x08001914   0x08001914   0x0000002c   Code   RO          316    .text.AdcDriver_Enable  adc_driver.o
    0x08001940   0x08001940   0x00000070   Code   RO          324    .text.AdcDriver_GetResult  adc_driver.o
    0x080019b0   0x080019b0   0x0000001a   Code   RO          310    .text.AdcDriver_Init  adc_driver.o
    0x080019ca   0x080019ca   0x00000002   PAD
    0x080019cc   0x080019cc   0x0000002a   Code   RO          326    .text.AdcDriver_Low_Pass_Filter  adc_driver.o
    0x080019f6   0x080019f6   0x00000002   PAD
    0x080019f8   0x080019f8   0x00000090   Code   RO          322    .text.AdcDriver_Request  adc_driver.o
    0x08001a88   0x08001a88   0x00000020   Code   RO          328    .text.AdcDriver_ResetFilter  adc_driver.o
    0x08001aa8   0x08001aa8   0x000000fc   Code   RO           11    .text.AppController_Init  app_controller.o
    0x08001ba4   0x08001ba4   0x00000068   Code   RO           13    .text.AppController_RunOnce  app_controller.o
    0x08001c0c   0x08001c0c   0x00000022   Code   RO          358    .text.ButtonDriver_Clear_Events  button_driver.o
    0x08001c2e   0x08001c2e   0x00000002   PAD
    0x08001c30   0x08001c30   0x00000028   Code   RO          354    .text.ButtonDriver_ConfigPin  button_driver.o
    0x08001c58   0x08001c58   0x00000044   Code   RO          370    .text.ButtonDriver_Disable  button_driver.o
    0x08001c9c   0x08001c9c   0x00000040   Code   RO          366    .text.ButtonDriver_Enable  button_driver.o
    0x08001cdc   0x08001cdc   0x0000000c   Code   RO          374    .text.ButtonDriver_Event_From_ID  button_driver.o
    0x08001ce8   0x08001ce8   0x00000038   Code   RO          364    .text.ButtonDriver_GetEvent  button_driver.o
    0x08001d20   0x08001d20   0x0000000e   Code   RO          376    .text.ButtonDriver_ID_From_Event  button_driver.o
    0x08001d2e   0x08001d2e   0x00000002   PAD
    0x08001d30   0x08001d30   0x0000003c   Code   RO          352    .text.ButtonDriver_Init  button_driver.o
    0x08001d6c   0x08001d6c   0x00000020   Code   RO          356    .text.ButtonDriver_Init_Once  button_driver.o
    0x08001d8c   0x08001d8c   0x00000020   Code   RO          360    .text.ButtonDriver_Process  button_driver.o
    0x08001dac   0x08001dac   0x0000004e   Code   RO          372    .text.ButtonDriver_Push_Event  button_driver.o
    0x08001dfa   0x08001dfa   0x00000002   PAD
    0x08001dfc   0x08001dfc   0x000000ac   Code   RO          368    .text.ButtonDriver_Remove_Events  button_driver.o
    0x08001ea8   0x08001ea8   0x0000006c   Code   RO          362    .text.ButtonDriver_Update_Once  button_driver.o
    0x08001f14   0x08001f14   0x00000030   Code   RO          396    .text.CapacitorChargeDriver_ConfigPin  capacitor_charge_driver.o
    0x08001f44   0x08001f44   0x00000018   Code   RO          394    .text.CapacitorChargeDriver_Enter  capacitor_charge_driver.o
    0x08001f5c   0x08001f5c   0x00000018   Code   RO          398    .text.CapacitorChargeDriver_Exit  capacitor_charge_driver.o
    0x08001f74   0x08001f74   0x0000001e   Code   RO          400    .text.CapacitorChargeDriver_SetCharging  capacitor_charge_driver.o
    0x08001f92   0x08001f92   0x00000002   PAD
    0x08001f94   0x08001f94   0x00000012   Code   RO           65    .text.Clamp_Update  ui_controller.o
    0x08001fa6   0x08001fa6   0x00000002   PAD
    0x08001fa8   0x08001fa8   0x00000010   Code   RO          207    .text.ConfigService_Clamp_U32  config_service.o
    0x08001fb8   0x08001fb8   0x0000000c   Code   RO          201    .text.ConfigService_GetDuty  config_service.o
    0x08001fc4   0x08001fc4   0x0000000c   Code   RO          205    .text.ConfigService_GetDutyStep  config_service.o
    0x08001fd0   0x08001fd0   0x0000000c   Code   RO          199    .text.ConfigService_GetFrequency  config_service.o
    0x08001fdc   0x08001fdc   0x0000000c   Code   RO          203    .text.ConfigService_GetFrequencyStep  config_service.o
    0x08001fe8   0x08001fe8   0x00000034   Code   RO          185    .text.ConfigService_Init  config_service.o
    0x0800201c   0x0800201c   0x00000036   Code   RO          187    .text.ConfigService_Load_Defaults  config_service.o
    0x08002052   0x08002052   0x00000002   PAD
    0x08002054   0x08002054   0x0000004a   Code   RO          197    .text.ConfigService_Save  config_service.o
    0x0800209e   0x0800209e   0x00000002   PAD
    0x080020a0   0x080020a0   0x00000014   Code   RO          191    .text.ConfigService_SetDuty  config_service.o
    0x080020b4   0x080020b4   0x00000014   Code   RO          195    .text.ConfigService_SetDutyStep  config_service.o
    0x080020c8   0x080020c8   0x0000001a   Code   RO          189    .text.ConfigService_SetFrequency  config_service.o
    0x080020e2   0x080020e2   0x00000002   PAD
    0x080020e4   0x080020e4   0x00000016   Code   RO          193    .text.ConfigService_SetFrequencyStep  config_service.o
    0x080020fa   0x080020fa   0x00000002   PAD
    0x080020fc   0x080020fc   0x0000000c   Code   RO          570    .text.DebugLogger_IsReady  debug_logger.o
    0x08002108   0x08002108   0x00000024   Code   RO          572    .text.DebugLogger_LevelString  debug_logger.o
    0x0800212c   0x0800212c   0x00000084   Code   RO          574    .text.DebugLogger_Log  debug_logger.o
    0x080021b0   0x080021b0   0x00000012   Code   RO          568    .text.DebugLogger_SetReady  debug_logger.o
    0x080021c2   0x080021c2   0x00000002   PAD
    0x080021c4   0x080021c4   0x000001bc   Code   RO          604    .text.ErrorManager_Code_String  error_manager.o
    0x08002380   0x08002380   0x00000008   Code   RO          606    .text.ErrorManager_Debug_Level  error_manager.o
    0x08002388   0x08002388   0x00000050   Code   RO          592    .text.ErrorManager_Flush  error_manager.o
    0x080023d8   0x080023d8   0x0000000c   Code   RO          598    .text.ErrorManager_Get_Total_Count  error_manager.o
    0x080023e4   0x080023e4   0x00000032   Code   RO          586    .text.ErrorManager_Init  error_manager.o
    0x08002416   0x08002416   0x00000002   PAD
    0x08002418   0x08002418   0x00000088   Code   RO          590    .text.ErrorManager_Log_Entry  error_manager.o
    0x080024a0   0x080024a0   0x000000cc   Code   RO          588    .text.ErrorManager_Report  error_manager.o
    0x0800256c   0x0800256c   0x0000003c   Code   RO          600    .text.ErrorManager_Source_String  error_manager.o
    0x080025a8   0x080025a8   0x0000000c   Code   RO          857    .text.FLASH_ClearFlag  stm32f10x_flash.o
    0x080025b4   0x080025b4   0x00000040   Code   RO          821    .text.FLASH_ErasePage  stm32f10x_flash.o
    0x080025f4   0x080025f4   0x0000002a   Code   RO          861    .text.FLASH_GetBank1Status  stm32f10x_flash.o
    0x0800261e   0x0800261e   0x00000002   PAD
    0x08002620   0x08002620   0x00000012   Code   RO          817    .text.FLASH_Lock    stm32f10x_flash.o
    0x08002632   0x08002632   0x00000002   PAD
    0x08002634   0x08002634   0x0000003a   Code   RO          837    .text.FLASH_ProgramHalfWord  stm32f10x_flash.o
    0x0800266e   0x0800266e   0x00000002   PAD
    0x08002670   0x08002670   0x0000001e   Code   RO          813    .text.FLASH_Unlock  stm32f10x_flash.o
    0x0800268e   0x0800268e   0x00000002   PAD
    0x08002690   0x08002690   0x00000020   Code   RO          823    .text.FLASH_WaitForLastOperation  stm32f10x_flash.o
    0x080026b0   0x080026b0   0x0000000c   Code   RO          543    .text.FlashStorage_GetLastStatus  flash_storage_driver.o
    0x080026bc   0x080026bc   0x0000004e   Code   RO          529    .text.FlashStorage_Load  flash_storage_driver.o
    0x0800270a   0x0800270a   0x00000002   PAD
    0x0800270c   0x0800270c   0x00000128   Code   RO          535    .text.FlashStorage_Save  flash_storage_driver.o
    0x08002834   0x08002834   0x00000040   Code   RO          545    .text.FlashStorage_StatusString  flash_storage_driver.o
    0x08002874   0x08002874   0x0000003e   Code   RO          553    .text.Flash_Calculate_CRC32  flash_storage_driver.o
    0x080028b2   0x080028b2   0x00000002   PAD
    0x080028b4   0x080028b4   0x00000030   Code   RO          537    .text.Flash_Config_Values_Valid  flash_storage_driver.o
    0x080028e4   0x080028e4   0x00000024   Code   RO          539    .text.Flash_Finalize_Config  flash_storage_driver.o
    0x08002908   0x08002908   0x0000009a   Code   RO          533    .text.Flash_Read_Config  flash_storage_driver.o
    0x080029a2   0x080029a2   0x00000002   PAD
    0x080029a4   0x080029a4   0x00000038   Code   RO          531    .text.Flash_Set_Status  flash_storage_driver.o
    0x080029dc   0x080029dc   0x0000004c   Code   RO          547    .text.Flash_Status_To_Error_Code  flash_storage_driver.o
    0x08002a28   0x08002a28   0x00000066   Code   RO          551    .text.Flash_Try_Migrate_V0  flash_storage_driver.o
    0x08002a8e   0x08002a8e   0x00000002   PAD
    0x08002a90   0x08002a90   0x0000004c   Code   RO          549    .text.Flash_Validate_Config  flash_storage_driver.o
    0x08002adc   0x08002adc   0x000000ca   Code   RO          541    .text.Flash_Write_Config  flash_storage_driver.o
    0x08002ba6   0x08002ba6   0x00000002   PAD
    0x08002ba8   0x08002ba8   0x000000b0   Code   RO          875    .text.GPIO_Init     stm32f10x_gpio.o
    0x08002c58   0x08002c58   0x0000000a   Code   RO          879    .text.GPIO_ReadInputDataBit  stm32f10x_gpio.o
    0x08002c62   0x08002c62   0x00000002   PAD
    0x08002c64   0x08002c64   0x00000004   Code   RO          889    .text.GPIO_ResetBits  stm32f10x_gpio.o
    0x08002c68   0x08002c68   0x00000004   Code   RO          887    .text.GPIO_SetBits  stm32f10x_gpio.o
    0x08002c6c   0x08002c6c   0x00000050   Code   RO           89    .text.Handle_Adjustment_Exit  ui_controller.o
    0x08002cbc   0x08002cbc   0x00000050   Code   RO          492    .text.Handle_Capture_Interrupt  pwm_capture_driver.o
    0x08002d0c   0x08002d0c   0x00000018   Code   RO           79    .text.Handle_Main_Menu  ui_controller.o
    0x08002d24   0x08002d24   0x0000002e   Code   RO           85    .text.Handle_Measure_All_Mode  ui_controller.o
    0x08002d52   0x08002d52   0x00000002   PAD
    0x08002d54   0x08002d54   0x0000000a   Code   RO           91    .text.Handle_Measure_Exit  ui_controller.o
    0x08002d5e   0x08002d5e   0x00000002   PAD
    0x08002d60   0x08002d60   0x0000002c   Code   RO           81    .text.Handle_Measure_Menu  ui_controller.o
    0x08002d8c   0x08002d8c   0x00000042   Code   RO           83    .text.Handle_Measure_Single_Menu  ui_controller.o
    0x08002dce   0x08002dce   0x00000002   PAD
    0x08002dd0   0x08002dd0   0x00000038   Code   RO           87    .text.Handle_Transmit_Menu  ui_controller.o
    0x08002e08   0x08002e08   0x00000050   Code   RO           77    .text.Handle_Transmit_Settings  ui_controller.o
    0x08002e58   0x08002e58   0x0000003a   Code   RO          446    .text.I2C2_LCD_Abort  lcd1602_driver.o
    0x08002e92   0x08002e92   0x00000002   PAD
    0x08002e94   0x08002e94   0x00000050   Code   RO          422    .text.I2C2_LCD_Control_Write  lcd1602_driver.o
    0x08002ee4   0x08002ee4   0x00000046   Code   RO          458    .text.I2C2_LCD_Create_Char  lcd1602_driver.o
    0x08002f2a   0x08002f2a   0x00000002   PAD
    0x08002f2c   0x08002f2c   0x00000054   Code   RO          430    .text.I2C2_LCD_Data_Write  lcd1602_driver.o
    0x08002f80   0x08002f80   0x00000014   Code   RO          444    .text.I2C2_LCD_Has_Bus_Error  lcd1602_driver.o
    0x08002f94   0x08002f94   0x00000038   Code   RO          424    .text.I2C2_LCD_Load_Icons  lcd1602_driver.o
    0x08002fcc   0x08002fcc   0x0000002c   Code   RO          450    .text.I2C2_LCD_Report_Error  lcd1602_driver.o
    0x08002ff8   0x08002ff8   0x00000024   Code   RO          426    .text.I2C2_LCD_Set_Error  lcd1602_driver.o
    0x0800301c   0x0800301c   0x00000044   Code   RO          452    .text.I2C2_LCD_Status_To_Error_Code  lcd1602_driver.o
    0x08003060   0x08003060   0x00000014   Code   RO          448    .text.I2C2_LCD_Timeout  lcd1602_driver.o
    0x08003074   0x08003074   0x00000052   Code   RO          454    .text.I2C2_LCD_Write_byte  lcd1602_driver.o
    0x080030c6   0x080030c6   0x00000002   PAD
    0x080030c8   0x080030c8   0x000000d4   Code   RO          420    .text.I2C2_Scan_Address  lcd1602_driver.o
    0x0800319c   0x0800319c   0x0000005e   Code   RO          440    .text.I2C2_Send_Address  lcd1602_driver.o
    0x080031fa   0x080031fa   0x00000002   PAD
    0x080031fc   0x080031fc   0x0000005c   Code   RO          456    .text.I2C2_Send_Data  lcd1602_driver.o
    0x08003258   0x08003258   0x0000006e   Code   RO          438    .text.I2C2_Send_Start  lcd1602_driver.o
    0x080032c6   0x080032c6   0x00000002   PAD
    0x080032c8   0x080032c8   0x0000001c   Code   RO          442    .text.I2C2_Send_Stop  lcd1602_driver.o
    0x080032e4   0x080032e4   0x00000022   Code   RO          434    .text.Lcd1602Driver_Clear  lcd1602_driver.o
    0x08003306   0x08003306   0x00000002   PAD
    0x08003308   0x08003308   0x00000012   Code   RO          418    .text.Lcd1602Driver_Clear_Error_Flags  lcd1602_driver.o
    0x0800331a   0x0800331a   0x00000002   PAD
    0x0800331c   0x0800331c   0x00000148   Code   RO          416    .text.Lcd1602Driver_Init  lcd1602_driver.o
    0x08003464   0x08003464   0x00000016   Code   RO          436    .text.Lcd1602Driver_SetCursor  lcd1602_driver.o
    0x0800347a   0x0800347a   0x00000002   PAD
    0x0800347c   0x0800347c   0x00000008   Code   RO          428    .text.Lcd1602Driver_WriteChar  lcd1602_driver.o
    0x08003484   0x08003484   0x00000036   Code   RO          432    .text.Lcd1602Driver_WriteString  lcd1602_driver.o
    0x080034ba   0x080034ba   0x00000002   PAD
    0x080034bc   0x080034bc   0x00000006   Code   RO          257    .text.MeasurementService_AbsFloat  measurement_service.o
    0x080034c2   0x080034c2   0x00000002   PAD
    0x080034c4   0x080034c4   0x0000005c   Code   RO          231    .text.MeasurementService_EnterCapacitor  measurement_service.o
    0x08003520   0x08003520   0x00000058   Code   RO          229    .text.MeasurementService_ExitCapacitor  measurement_service.o
    0x08003578   0x08003578   0x0000018c   Code   RO          255    .text.MeasurementService_FilterResistor  measurement_service.o
    0x08003704   0x08003704   0x00000056   Code   RO          249    .text.MeasurementService_GetAdcResult  measurement_service.o
    0x0800375a   0x0800375a   0x00000002   PAD
    0x0800375c   0x0800375c   0x00000040   Code   RO          245    .text.MeasurementService_GetResult  measurement_service.o
    0x0800379c   0x0800379c   0x0000000c   Code   RO          247    .text.MeasurementService_GetStatus  measurement_service.o
    0x080037a8   0x080037a8   0x00000070   Code   RO          221    .text.MeasurementService_Init  measurement_service.o
    0x08003818   0x08003818   0x0000002c   Code   RO          233    .text.MeasurementService_Process  measurement_service.o
    0x08003844   0x08003844   0x000001e8   Code   RO          237    .text.MeasurementService_ProcessCapacitor  measurement_service.o
    0x08003a2c   0x08003a2c   0x000000da   Code   RO          239    .text.MeasurementService_ProcessFrequencyDuty  measurement_service.o
    0x08003b06   0x08003b06   0x00000002   PAD
    0x08003b08   0x08003b08   0x00000294   Code   RO          235    .text.MeasurementService_ProcessResistor  measurement_service.o
    0x08003d9c   0x08003d9c   0x0000003a   Code   RO          251    .text.MeasurementService_RequestAdc  measurement_service.o
    0x08003dd6   0x08003dd6   0x00000002   PAD
    0x08003dd8   0x08003dd8   0x00000018   Code   RO          225    .text.MeasurementService_ResetAdcWatchdog  measurement_service.o
    0x08003df0   0x08003df0   0x00000070   Code   RO          223    .text.MeasurementService_ResetResistorFilter  measurement_service.o
    0x08003e60   0x08003e60   0x000000c0   Code   RO          253    .text.MeasurementService_ResistorMedianAdc  measurement_service.o
    0x08003f20   0x08003f20   0x00000106   Code   RO          227    .text.MeasurementService_SetMode  measurement_service.o
    0x08004026   0x08004026   0x00000002   PAD
    0x08004028   0x08004028   0x00000056   Code   RO          241    .text.MeasurementService_StartCapacitor  measurement_service.o
    0x0800407e   0x0800407e   0x00000002   PAD
    0x08004080   0x08004080   0x00000010   Code   RO          243    .text.MeasurementService_TakeCapacitorDone  measurement_service.o
    0x08004090   0x08004090   0x00000006   Code   RO          103    .text.Menu_Abs_Float  ui_controller.o
    0x08004096   0x08004096   0x00000002   PAD
    0x08004098   0x08004098   0x000001d4   Code   RO           27    .text.Menu_Enter_State  ui_controller.o
    0x0800426c   0x0800426c   0x0000005c   Code   RO           73    .text.Menu_Exit_State  ui_controller.o
    0x080042c8   0x080042c8   0x0000003a   Code   RO           53    .text.Menu_Get_Cursor  ui_controller.o
    0x08004302   0x08004302   0x00000002   PAD
    0x08004304   0x08004304   0x00000038   Code   RO           59    .text.Menu_Get_Cursor_Slot  ui_controller.o
    0x0800433c   0x0800433c   0x0000002e   Code   RO           61    .text.Menu_Get_Item_Count  ui_controller.o
    0x0800436a   0x0800436a   0x00000002   PAD
    0x0800436c   0x0800436c   0x0000000a   Code   RO           33    .text.Menu_Handle_Down  ui_controller.o
    0x08004376   0x08004376   0x00000002   PAD
    0x08004378   0x08004378   0x0000015a   Code   RO           63    .text.Menu_Handle_Navigation  ui_controller.o
    0x080044d2   0x080044d2   0x00000002   PAD
    0x080044d4   0x080044d4   0x00000062   Code   RO           35    .text.Menu_Handle_Select  ui_controller.o
    0x08004536   0x08004536   0x00000002   PAD
    0x08004538   0x08004538   0x0000000a   Code   RO           31    .text.Menu_Handle_Up  ui_controller.o
    0x08004542   0x08004542   0x00000002   PAD
    0x08004544   0x08004544   0x00000018   Code   RO           75    .text.Menu_Has_Back_Item  ui_controller.o
    0x0800455c   0x0800455c   0x00000066   Code   RO           55    .text.Menu_MeasureAll_EnterStep  ui_controller.o
    0x080045c2   0x080045c2   0x00000002   PAD
    0x080045c4   0x080045c4   0x00000022   Code   RO           97    .text.Menu_MeasureAll_ExitStep  ui_controller.o
    0x080045e6   0x080045e6   0x00000002   PAD
    0x080045e8   0x080045e8   0x000000a8   Code   RO          101    .text.Menu_Measure_Should_Render_Value  ui_controller.o
    0x08004690   0x08004690   0x00000028   Code   RO           99    .text.Menu_Measure_Status_Changed  ui_controller.o
    0x080046b8   0x080046b8   0x0000002e   Code   RO           37    .text.Menu_Render_Measurement_Status  ui_controller.o
    0x080046e6   0x080046e6   0x00000002   PAD
    0x080046e8   0x080046e8   0x00000054   Code   RO           57    .text.Menu_Reset_Measure_Status  ui_controller.o
    0x0800473c   0x0800473c   0x00000036   Code   RO           95    .text.Menu_Restore_Content_Cursor  ui_controller.o
    0x08004772   0x08004772   0x00000002   PAD
    0x08004774   0x08004774   0x00000040   Code   RO           71    .text.Menu_Set_Cursor  ui_controller.o
    0x080047b4   0x080047b4   0x0000004a   Code   RO           93    .text.Menu_Start_Save_Feedback  ui_controller.o
    0x080047fe   0x080047fe   0x00000002   PAD
    0x08004800   0x08004800   0x00000016   Code   RO           67    .text.Menu_Static   ui_controller.o
    0x08004816   0x08004816   0x00000002   PAD
    0x08004818   0x08004818   0x00000034   Code   RO           69    .text.Menu_Transition  ui_controller.o
    0x0800484c   0x0800484c   0x0000002a   Code   RO           51    .text.Menu_Update_Save_Feedback  ui_controller.o
    0x08004876   0x08004876   0x00000002   PAD
    0x08004878   0x08004878   0x00000022   Code   RO           41    .text.Menu_Update_Splash  ui_controller.o
    0x0800489a   0x0800489a   0x00000002   PAD
    0x0800489c   0x0800489c   0x0000005e   Code   RO          711    .text.NVIC_Init     misc.o
    0x080048fa   0x080048fa   0x00000002   PAD
    0x080048fc   0x080048fc   0x00000008   Code   RO          621    .text.Platform_InitSystem  platform_init.o
    0x08004904   0x08004904   0x00000020   Code   RO          480    .text.PwmCaptureDriver_Disable  pwm_capture_driver.o
    0x08004924   0x08004924   0x0000007e   Code   RO          484    .text.PwmCaptureDriver_Disable_All  pwm_capture_driver.o
    0x080049a2   0x080049a2   0x00000002   PAD
    0x080049a4   0x080049a4   0x0000008c   Code   RO          482    .text.PwmCaptureDriver_Enable  pwm_capture_driver.o
    0x08004a30   0x08004a30   0x00000066   Code   RO          476    .text.PwmCaptureDriver_Init  pwm_capture_driver.o
    0x08004a96   0x08004a96   0x00000002   PAD
    0x08004a98   0x08004a98   0x0000002c   Code   RO          486    .text.PwmCaptureDriver_Prepare  pwm_capture_driver.o
    0x08004ac4   0x08004ac4   0x0000005c   Code   RO          488    .text.PwmCaptureDriver_Read  pwm_capture_driver.o
    0x08004b20   0x08004b20   0x00000028   Code   RO          518    .text.PwmOutputDriver_ApplyTimer  pwm_output_driver.o
    0x08004b48   0x08004b48   0x00000028   Code   RO          514    .text.PwmOutputDriver_Disable  pwm_output_driver.o
    0x08004b70   0x08004b70   0x00000028   Code   RO          516    .text.PwmOutputDriver_Enable  pwm_output_driver.o
    0x08004b98   0x08004b98   0x00000070   Code   RO          512    .text.PwmOutputDriver_Init  pwm_output_driver.o
    0x08004c08   0x08004c08   0x0000013a   Code   RO          478    .text.Pwm_TIMx_Input_Init  pwm_capture_driver.o
    0x08004d42   0x08004d42   0x00000002   PAD
    0x08004d44   0x08004d44   0x00000014   Code   RO          945    .text.RCC_ADCCLKConfig  stm32f10x_rcc.o
    0x08004d58   0x08004d58   0x00000018   Code   RO          961    .text.RCC_APB1PeriphClockCmd  stm32f10x_rcc.o
    0x08004d70   0x08004d70   0x00000018   Code   RO          959    .text.RCC_APB2PeriphClockCmd  stm32f10x_rcc.o
    0x08004d88   0x08004d88   0x000000a0   Code   RO          955    .text.RCC_GetClocksFreq  stm32f10x_rcc.o
    0x08004e28   0x08004e28   0x00000008   Code   RO          693    .text.SetSysClock   system_stm32f10x.o
    0x08004e30   0x08004e30   0x000000be   Code   RO          697    .text.SetSysClockTo72  system_stm32f10x.o
    0x08004eee   0x08004eee   0x00000002   PAD
    0x08004ef0   0x08004ef0   0x00000060   Code   RO          297    .text.SignalGeneratorService_Apply  signal_generator_service.o
    0x08004f50   0x08004f50   0x000000b0   Code   RO          299    .text.SignalGeneratorService_FindOptimal  signal_generator_service.o
    0x08005000   0x08005000   0x00000014   Code   RO          295    .text.SignalGeneratorService_Init  signal_generator_service.o
    0x08005014   0x08005014   0x00000024   Code   RO          631    .text.SysTick_Config  system_time.o
    0x08005038   0x08005038   0x00000010   Code   RO          637    .text.SysTick_Handler  system_time.o
    0x08005048   0x08005048   0x00000056   Code   RO          691    .text.SystemInit    system_stm32f10x.o
    0x0800509e   0x0800509e   0x00000002   PAD
    0x080050a0   0x080050a0   0x00000016   Code   RO          633    .text.SystemTime_DelayMs  system_time.o
    0x080050b6   0x080050b6   0x00000002   PAD
    0x080050b8   0x080050b8   0x0000000c   Code   RO          635    .text.SystemTime_GetTick  system_time.o
    0x080050c4   0x080050c4   0x00000020   Code   RO          629    .text.SystemTime_Init  system_time.o
    0x080050e4   0x080050e4   0x00000084   Code   RO         1003    .text.TI1_Config    stm32f10x_tim.o
    0x08005168   0x08005168   0x00000090   Code   RO         1007    .text.TI2_Config    stm32f10x_tim.o
    0x080051f8   0x080051f8   0x0000008a   Code   RO         1011    .text.TI3_Config    stm32f10x_tim.o
    0x08005282   0x08005282   0x00000002   PAD
    0x08005284   0x08005284   0x00000094   Code   RO         1015    .text.TI4_Config    stm32f10x_tim.o
    0x08005318   0x08005318   0x00000018   Code   RO          490    .text.TIM1_CC_IRQHandler  pwm_capture_driver.o
    0x08005330   0x08005330   0x0000001c   Code   RO          494    .text.TIM3_IRQHandler  pwm_capture_driver.o
    0x0800534c   0x0800534c   0x0000001c   Code   RO          496    .text.TIM4_IRQHandler  pwm_capture_driver.o
    0x08005368   0x08005368   0x00000012   Code   RO         1071    .text.TIM_ARRPreloadConfig  stm32f10x_tim.o
    0x0800537a   0x0800537a   0x00000002   PAD
    0x0800537c   0x0800537c   0x00000028   Code   RO         1021    .text.TIM_BDTRConfig  stm32f10x_tim.o
    0x080053a4   0x080053a4   0x0000000c   Code   RO         1029    .text.TIM_BDTRStructInit  stm32f10x_tim.o
    0x080053b0   0x080053b0   0x00000006   Code   RO         1169    .text.TIM_ClearITPendingBit  stm32f10x_tim.o
    0x080053b6   0x080053b6   0x00000002   PAD
    0x080053b8   0x080053b8   0x00000012   Code   RO         1031    .text.TIM_Cmd       stm32f10x_tim.o
    0x080053ca   0x080053ca   0x00000002   PAD
    0x080053cc   0x080053cc   0x00000018   Code   RO         1033    .text.TIM_CtrlPWMOutputs  stm32f10x_tim.o
    0x080053e4   0x080053e4   0x00000004   Code   RO         1151    .text.TIM_GetCapture1  stm32f10x_tim.o
    0x080053e8   0x080053e8   0x00000004   Code   RO         1153    .text.TIM_GetCapture2  stm32f10x_tim.o
    0x080053ec   0x080053ec   0x00000014   Code   RO         1167    .text.TIM_GetITStatus  stm32f10x_tim.o
    0x08005400   0x08005400   0x00000062   Code   RO         1001    .text.TIM_ICInit    stm32f10x_tim.o
    0x08005462   0x08005462   0x00000002   PAD
    0x08005464   0x08005464   0x00000010   Code   RO         1035    .text.TIM_ITConfig  stm32f10x_tim.o
    0x08005474   0x08005474   0x0000007a   Code   RO          995    .text.TIM_OC2Init   stm32f10x_tim.o
    0x080054ee   0x080054ee   0x00000002   PAD
    0x080054f0   0x080054f0   0x0000000e   Code   RO         1081    .text.TIM_OC2PreloadConfig  stm32f10x_tim.o
    0x080054fe   0x080054fe   0x00000002   PAD
    0x08005500   0x08005500   0x00000006   Code   RO         1057    .text.TIM_PrescalerConfig  stm32f10x_tim.o
    0x08005506   0x08005506   0x00000002   PAD
    0x08005508   0x08005508   0x0000000c   Code   RO         1047    .text.TIM_SelectInputTrigger  stm32f10x_tim.o
    0x08005514   0x08005514   0x00000010   Code   RO         1135    .text.TIM_SelectMasterSlaveMode  stm32f10x_tim.o
    0x08005524   0x08005524   0x00000010   Code   RO         1133    .text.TIM_SelectSlaveMode  stm32f10x_tim.o
    0x08005534   0x08005534   0x00000004   Code   RO         1139    .text.TIM_SetAutoreload  stm32f10x_tim.o
    0x08005538   0x08005538   0x00000004   Code   RO         1143    .text.TIM_SetCompare2  stm32f10x_tim.o
    0x0800553c   0x0800553c   0x00000004   Code   RO         1137    .text.TIM_SetCounter  stm32f10x_tim.o
    0x08005540   0x08005540   0x00000010   Code   RO         1005    .text.TIM_SetIC1Prescaler  stm32f10x_tim.o
    0x08005550   0x08005550   0x00000012   Code   RO         1009    .text.TIM_SetIC2Prescaler  stm32f10x_tim.o
    0x08005562   0x08005562   0x00000002   PAD
    0x08005564   0x08005564   0x00000010   Code   RO         1013    .text.TIM_SetIC3Prescaler  stm32f10x_tim.o
    0x08005574   0x08005574   0x00000012   Code   RO         1017    .text.TIM_SetIC4Prescaler  stm32f10x_tim.o
    0x08005586   0x08005586   0x00000002   PAD
    0x08005588   0x08005588   0x000000aa   Code   RO          991    .text.TIM_TimeBaseInit  stm32f10x_tim.o
    0x08005632   0x08005632   0x00000002   PAD
    0x08005634   0x08005634   0x00000076   Code   RO          666    .text.USART1_IRQHandler  uart_port.o
    0x080056aa   0x080056aa   0x00000002   PAD
    0x080056ac   0x080056ac   0x00000012   Code   RO         1189    .text.USART_Cmd     stm32f10x_usart.o
    0x080056be   0x080056be   0x00000002   PAD
    0x080056c0   0x080056c0   0x0000000a   Code   RO         1229    .text.USART_GetFlagStatus  stm32f10x_usart.o
    0x080056ca   0x080056ca   0x00000002   PAD
    0x080056cc   0x080056cc   0x0000003a   Code   RO         1233    .text.USART_GetITStatus  stm32f10x_usart.o
    0x08005706   0x08005706   0x00000002   PAD
    0x08005708   0x08005708   0x0000002e   Code   RO         1191    .text.USART_ITConfig  stm32f10x_usart.o
    0x08005736   0x08005736   0x00000002   PAD
    0x08005738   0x08005738   0x000000b2   Code   RO         1181    .text.USART_Init    stm32f10x_usart.o
    0x080057ea   0x080057ea   0x00000002   PAD
    0x080057ec   0x080057ec   0x00000008   Code   RO         1207    .text.USART_ReceiveData  stm32f10x_usart.o
    0x080057f4   0x080057f4   0x00000008   Code   RO         1205    .text.USART_SendData  stm32f10x_usart.o
    0x080057fc   0x080057fc   0x0000000c   Code   RO          660    .text.UartPort_GetTxTimeoutCount  uart_port.o
    0x08005808   0x08005808   0x0000008a   Code   RO          650    .text.UartPort_Init  uart_port.o
    0x08005892   0x08005892   0x00000002   PAD
    0x08005894   0x08005894   0x0000001c   Code   RO          658    .text.UartPort_SendString  uart_port.o
    0x080058b0   0x080058b0   0x00000054   Code   RO          654    .text.UartPort_TrySendChar  uart_port.o
    0x08005904   0x08005904   0x00000058   Code   RO           29    .text.UiController_HandleEvent  ui_controller.o
    0x0800595c   0x0800595c   0x00000030   Code   RO           25    .text.UiController_Init  ui_controller.o
    0x0800598c   0x0800598c   0x00000068   Code   RO           39    .text.UiController_Update  ui_controller.o
    0x080059f4   0x080059f4   0x00000060   Code   RO          175    .text.UiFormatter_FormatCenteredEditor  ui_formatter.o
    0x08005a54   0x08005a54   0x00000224   Code   RO          171    .text.UiFormatter_FormatMeasurement  ui_formatter.o
    0x08005c78   0x08005c78   0x00000040   Code   RO          173    .text.UiFormatter_FormatUnsignedWithUnit  ui_formatter.o
    0x08005cb8   0x08005cb8   0x0000001c   Code   RO          138    .text.UiView_Clear  ui_view.o
    0x08005cd4   0x08005cd4   0x00000036   Code   RO          158    .text.UiView_ShadowSetBlank  ui_view.o
    0x08005d0a   0x08005d0a   0x00000002   PAD
    0x08005d0c   0x08005d0c   0x0000002e   Code   RO          152    .text.UiView_ShowAdjustParameter  ui_view.o
    0x08005d3a   0x08005d3a   0x00000002   PAD
    0x08005d3c   0x08005d3c   0x000000cc   Code   RO          142    .text.UiView_ShowList  ui_view.o
    0x08005e08   0x08005e08   0x00000020   Code   RO          150    .text.UiView_ShowMeasurementValue  ui_view.o
    0x08005e28   0x08005e28   0x00000044   Code   RO          148    .text.UiView_ShowMessage  ui_view.o
    0x08005e6c   0x08005e6c   0x00000026   Code   RO          156    .text.UiView_ShowSaveFeedback  ui_view.o
    0x08005e92   0x08005e92   0x00000002   PAD
    0x08005e94   0x08005e94   0x00000076   Code   RO          136    .text.UiView_ShowSplash  ui_view.o
    0x08005f0a   0x08005f0a   0x00000002   PAD
    0x08005f0c   0x08005f0c   0x0000003e   Code   RO          154    .text.UiView_ShowStep  ui_view.o
    0x08005f4a   0x08005f4a   0x00000002   PAD
    0x08005f4c   0x08005f4c   0x00000012   Code   RO          146    .text.UiView_ShowTitle  ui_view.o
    0x08005f5e   0x08005f5e   0x00000002   PAD
    0x08005f60   0x08005f60   0x0000005c   Code   RO          144    .text.UiView_WriteChar  ui_view.o
    0x08005fbc   0x08005fbc   0x0000009c   Code   RO          140    .text.UiView_WriteLine  ui_view.o
    0x08006058   0x08006058   0x00000046   Code   RO           45    .text.Update_Capacitor  ui_controller.o
    0x0800609e   0x0800609e   0x00000002   PAD
    0x080060a0   0x080060a0   0x00000054   Code   RO           49    .text.Update_Duty   ui_controller.o
    0x080060f4   0x080060f4   0x00000056   Code   RO           47    .text.Update_Frequency  ui_controller.o
    0x0800614a   0x0800614a   0x00000002   PAD
    0x0800614c   0x0800614c   0x000000c8   Code   RO           43    .text.Update_Resistor  ui_controller.o
    0x08006214   0x08006214   0x00000020   Code   RO          498    .text.__NVIC_EnableIRQ  pwm_capture_driver.o
    0x08006234   0x08006234   0x0000000e   Code   RO          652    .text.__NVIC_EnableIRQ  uart_port.o
    0x08006242   0x08006242   0x00000002   PAD
    0x08006244   0x08006244   0x0000000e   Code   RO          639    .text.__NVIC_SetPriority  system_time.o
    0x08006252   0x08006252   0x00000002   PAD
    0x08006254   0x08006254   0x0000000a   Code   RO            2    .text.main          main.o
    0x0800625e   0x0800625e   0x0000003e   Code   RO         1450    CL$$btod_d2e        c_w.l(btod.o)
    0x0800629c   0x0800629c   0x00000046   Code   RO         1452    CL$$btod_d2e_denorm_low  c_w.l(btod.o)
    0x080062e2   0x080062e2   0x00000060   Code   RO         1451    CL$$btod_d2e_norm_op1  c_w.l(btod.o)
    0x08006342   0x08006342   0x00000338   Code   RO         1460    CL$$btod_div_common  c_w.l(btod.o)
    0x0800667a   0x0800667a   0x000000dc   Code   RO         1457    CL$$btod_e2e        c_w.l(btod.o)
    0x08006756   0x08006756   0x0000002a   Code   RO         1454    CL$$btod_ediv       c_w.l(btod.o)
    0x08006780   0x08006780   0x0000002a   Code   RO         1453    CL$$btod_emul       c_w.l(btod.o)
    0x080067aa   0x080067aa   0x00000244   Code   RO         1459    CL$$btod_mult_common  c_w.l(btod.o)
    0x080069ee   0x080069ee   0x00000028   Code   RO         1483    i.__ARM_fpclassify  m_ws.l(fpclassify.o)
    0x08006a16   0x08006a16   0x0000000e   Code   RO         1270    i._is_digit         c_w.l(__printf_wp.o)
    0x08006a24   0x08006a24   0x0000002c   Code   RO         1477    locale$$code        c_w.l(lc_numeric_c.o)
    0x08006a50   0x08006a50   0x0000002c   Code   RO         1554    locale$$code        c_w.l(lc_ctype_c.o)
    0x08006a7c   0x08006a7c   0x0000000c   Code   RO         1397    x$fpl$dretinf       fz_ws.l(dretinf.o)
    0x08006a88   0x08006a88   0x00000056   Code   RO         1299    x$fpl$f2d           fz_ws.l(f2d.o)
    0x08006ade   0x08006ade   0x00000002   PAD
    0x08006ae0   0x08006ae0   0x000000c4   Code   RO         1301    x$fpl$fadd          fz_ws.l(faddsub_clz.o)
    0x08006ba4   0x08006ba4   0x00000054   Code   RO         1307    x$fpl$fcmp          fz_ws.l(fcmp.o)
    0x08006bf8   0x08006bf8   0x00000018   Code   RO         1479    x$fpl$fcmpinf       fz_ws.l(fcmpi.o)
    0x08006c10   0x08006c10   0x00000184   Code   RO         1310    x$fpl$fdiv          fz_ws.l(fdiv.o)
    0x08006d94   0x08006d94   0x00000068   Code   RO         1399    x$fpl$feqf          fz_ws.l(feqf.o)
    0x08006dfc   0x08006dfc   0x0000003e   Code   RO         1313    x$fpl$ffixu         fz_ws.l(ffixu.o)
    0x08006e3a   0x08006e3a   0x00000002   PAD
    0x08006e3c   0x08006e3c   0x00000026   Code   RO         1317    x$fpl$ffltu         fz_ws.l(fflt_clz.o)
    0x08006e62   0x08006e62   0x00000002   PAD
    0x08006e64   0x08006e64   0x00000068   Code   RO         1401    x$fpl$fgeqf         fz_ws.l(fgeqf.o)
    0x08006ecc   0x08006ecc   0x00000068   Code   RO         1403    x$fpl$fleqf         fz_ws.l(fleqf.o)
    0x08006f34   0x08006f34   0x00000102   Code   RO         1323    x$fpl$fmul          fz_ws.l(fmul.o)
    0x08007036   0x08007036   0x0000008c   Code   RO         1405    x$fpl$fnaninf       fz_ws.l(fnaninf.o)
    0x080070c2   0x080070c2   0x0000000a   Code   RO         1407    x$fpl$fretinf       fz_ws.l(fretinf.o)
    0x080070cc   0x080070cc   0x000000ea   Code   RO         1303    x$fpl$fsub          fz_ws.l(faddsub_clz.o)
    0x080071b6   0x080071b6   0x00000004   Code   RO         1325    x$fpl$printf1       fz_ws.l(printf1.o)
    0x080071ba   0x080071ba   0x00000004   Code   RO         1409    x$fpl$printf2       fz_ws.l(printf2.o)
    0x080071be   0x080071be   0x00000000   Code   RO         1415    x$fpl$usenofp       fz_ws.l(usenofp.o)
    0x080071be   0x080071be   0x00000011   Data   RO         1278    .constdata          c_w.l(__printf_flags_ss_wp.o)
    0x080071cf   0x080071cf   0x00000001   PAD
    0x080071d0   0x080071d0   0x00000008   Data   RO         1347    .constdata          c_w.l(_printf_wctomb.o)
    0x080071d8   0x080071d8   0x00000028   Data   RO         1376    .constdata          c_w.l(_printf_hex_int_ll_ptr.o)
    0x08007200   0x08007200   0x00000026   Data   RO         1439    .constdata          c_w.l(_printf_fp_hex.o)
    0x08007226   0x08007226   0x00000002   PAD
    0x08007228   0x08007228   0x00000094   Data   RO         1448    .constdata          c_w.l(bigflt0.o)
    0x080072bc   0x080072bc   0x0000000a   Data   RO          503    .rodata..L__const.Pwm_TIMx_Input_Init.IC_InitStructure  pwm_capture_driver.o
    0x080072c6   0x080072c6   0x00000002   PAD
    0x080072c8   0x080072c8   0x0000000c   Data   RO          301    .rodata..L__const.SignalGeneratorService_FindOptimal.config  signal_generator_service.o
    0x080072d4   0x080072d4   0x00000004   Data   RO          980    .rodata.ADCPrescTable  stm32f10x_rcc.o
    0x080072d8   0x080072d8   0x00000010   Data   RO          979    .rodata.APBAHBPrescTable  stm32f10x_rcc.o
    0x080072e8   0x080072e8   0x00000002   Data   RO          337    .rodata.adc_channel_map  adc_driver.o
    0x080072ea   0x080072ea   0x00000004   Data   RO          464    .rodata.cst4        lcd1602_driver.o
    0x080072ee   0x080072ee   0x00000002   PAD
    0x080072f0   0x080072f0   0x00000018   Data   RO          557    .rodata.defaultConfigTemplate  flash_storage_driver.o
    0x08007308   0x08007308   0x00000020   Data   RO          379    .rodata.gpio_button_init_once  button_driver.o
    0x08007328   0x08007328   0x00000030   Data   RO          119    .rodata.menuTable   ui_controller.o
    0x08007358   0x08007358   0x00000004   Data   RO           15    .rodata.str1.1      app_controller.o
    0x0800735c   0x0800735c   0x00000097   Data   RO          115    .rodata.str1.1      ui_controller.o
    0x080073f3   0x080073f3   0x0000006a   Data   RO          160    .rodata.str1.1      ui_view.o
    0x0800745d   0x0800745d   0x00000008   Data   RO          284    .rodata.str1.1      measurement_service.o
    0x08007465   0x08007465   0x00000004   Data   RO          332    .rodata.str1.1      adc_driver.o
    0x08007469   0x08007469   0x00000007   Data   RO          384    .rodata.str1.1      button_driver.o
    0x08007470   0x08007470   0x00000004   Data   RO          460    .rodata.str1.1      lcd1602_driver.o
    0x08007474   0x08007474   0x00000007   Data   RO          502    .rodata.str1.1      pwm_capture_driver.o
    0x0800747b   0x0800747b   0x00000008   Data   RO          520    .rodata.str1.1      pwm_output_driver.o
    0x08007483   0x08007483   0x00000070   Data   RO          559    .rodata.str1.1      flash_storage_driver.o
    0x080074f3   0x080074f3   0x0000001a   Data   RO          577    .rodata.str1.1      debug_logger.o
    0x0800750d   0x0800750d   0x00000025   Data   RO          612    .rodata.str1.1      error_manager.o
    0x08007532   0x08007532   0x00000002   PAD
    0x08007534   0x08007534   0x00000020   Data   RO         1640    Region$$Table       anon$$obj.o
    0x08007554   0x08007554   0x0000001c   Data   RO         1476    locale$$data        c_w.l(lc_numeric_c.o)
    0x08007570   0x08007570   0x00000110   Data   RO         1553    locale$$data        c_w.l(lc_ctype_c.o)


    Execution Region RW_IRAM1 (Exec base: 0x20000000, Load base: 0x08007680, Size: 0x00000940, Max: 0x00005000, ABSOLUTE)

    Exec Addr    Load Addr    Size         Type   Attr      Idx    E Section Name        Object

    0x20000000   0x08007680   0x00000004   Data   RW          699    .data.SystemCoreClock  system_stm32f10x.o
    0x20000004   0x08007684   0x00000008   Data   RW          466    .data.arrow_down    lcd1602_driver.o
    0x2000000c   0x0800768c   0x00000008   Data   RW          465    .data.arrow_up      lcd1602_driver.o
    0x20000014   0x08007694   0x00000008   Data   RW          467    .data.char_ohm      lcd1602_driver.o
    0x2000001c   0x0800769c   0x00000004   Data   RW          383    .data.gpio_button_enabled_flags  button_driver.o
    0x20000020   0x080076a0   0x00000001   Data   RW          462    .data.i2c2_lcd_last_error  lcd1602_driver.o
    0x20000021   0x080076a1   0x00000003   PAD
    0x20000024   0x080076a4   0x00000008   Data   RW          112    .data.mainMenu      ui_controller.o
    0x2000002c   0x080076ac   0x0000000c   Data   RW          113    .data.measureMenu   ui_controller.o
    0x20000038   0x080076b8   0x00000014   Data   RW          114    .data.measureSingleMenu  ui_controller.o
    0x2000004c   0x080076cc   0x00000001   Data   RW          501    .data.pwm_active_channel  pwm_capture_driver.o
    0x2000004d   0x080076cd   0x00000003   PAD
    0x20000050   0x080076d0   0x0000003c   Data   RW          500    .data.pwm_inputs    pwm_capture_driver.o
    0x2000008c   0x0800770c   0x00000001   Data   RW          126    .data.saveFeedbackReturnMenu  ui_controller.o
    0x2000008d   0x0800770d   0x00000003   PAD
    0x20000090   0x08007710   0x00000004   Data   RW          117    .data.saveFeedbackTitle  ui_controller.o
    0x20000094   0x08007714   0x00000010   Data   RW          116    .data.transmitMenu  ui_controller.o
    0x200000a4   0x08007724   0x00000004   PAD
    0x200000a8        -       0x00000060   Zero   RW         1486    .bss                c_w.l(libspace.o)
    0x20000108        -       0x00000001   Zero   RW          342    .bss.AdcDriver_Config.adc_initialized  adc_driver.o
    0x20000109   0x08007724   0x00000003   PAD
    0x2000010c        -       0x00000004   Zero   RW           16    .bss.AppController_RunOnce.last_uart_timeout_count  app_controller.o
    0x20000110        -       0x00000004   Zero   RW          285    .bss.MeasurementService_ProcessCapacitor.measure_cap_start_time  measurement_service.o
    0x20000114        -       0x00000004   Zero   RW          286    .bss.MeasurementService_ProcessCapacitor.measure_cap_stop_time  measurement_service.o
    0x20000118        -       0x00000001   Zero   RW          259    .bss.active_mode    measurement_service.o
    0x20000119        -       0x00000001   Zero   RW          338    .bss.adc_active_input  adc_driver.o
    0x2000011a        -       0x00000001   Zero   RW          333    .bss.adc_busy       adc_driver.o
    0x2000011b   0x08007724   0x00000001   PAD
    0x2000011c        -       0x00000008   Zero   RW          339    .bss.adc_completed_sum  adc_driver.o
    0x20000124        -       0x00000002   Zero   RW          340    .bss.adc_filter_initialized  adc_driver.o
    0x20000126   0x08007724   0x00000002   PAD
    0x20000128        -       0x00000008   Zero   RW          341    .bss.adc_filtered   adc_driver.o
    0x20000130        -       0x00000002   Zero   RW          343    .bss.adc_gpio_initialized  adc_driver.o
    0x20000132        -       0x00000001   Zero   RW          282    .bss.adc_request_pending  measurement_service.o
    0x20000133   0x08007724   0x00000001   PAD
    0x20000134        -       0x00000004   Zero   RW          283    .bss.adc_request_started_ms  measurement_service.o
    0x20000138        -       0x00000002   Zero   RW          336    .bss.adc_result_ready  adc_driver.o
    0x2000013a        -       0x00000001   Zero   RW          335    .bss.adc_sample_count  adc_driver.o
    0x2000013b   0x08007724   0x00000001   PAD
    0x2000013c        -       0x00000004   Zero   RW          334    .bss.adc_sample_sum  adc_driver.o
    0x20000140        -       0x00000004   Zero   RW          209    .bss.app_config.0   config_service.o
    0x20000144        -       0x00000002   Zero   RW          210    .bss.app_config.1   config_service.o
    0x20000146   0x08007724   0x00000002   PAD
    0x20000148        -       0x00000002   Zero   RW          211    .bss.app_config.2   config_service.o
    0x2000014a   0x08007724   0x00000002   PAD
    0x2000014c        -       0x00000001   Zero   RW          212    .bss.app_config.3   config_service.o
    0x2000014d   0x08007724   0x00000003   PAD
    0x20000150        -       0x00000030   Zero   RW          378    .bss.buttons        button_driver.o
    0x20000180        -       0x00000001   Zero   RW          266    .bss.capacitor_charge_batch_count  measurement_service.o
    0x20000181        -       0x00000001   Zero   RW          261    .bss.capacitor_done  measurement_service.o
    0x20000182        -       0x00000001   Zero   RW          260    .bss.capacitor_state  measurement_service.o
    0x20000183   0x08007724   0x00000001   PAD
    0x20000184        -       0x00000018   Zero   RW          556    .bss.currentConfig  flash_storage_driver.o
    0x2000019c        -       0x00000001   Zero   RW          106    .bss.currentMenu    ui_controller.o
    0x2000019d   0x08007724   0x00000003   PAD
    0x200001a0        -       0x00000008   Zero   RW          105    .bss.cursorMemory   ui_controller.o
    0x200001a8        -       0x00000001   Zero   RW          576    .bss.debug_log_ready  debug_logger.o
    0x200001a9        -       0x00000001   Zero   RW          610    .bss.error_count    error_manager.o
    0x200001aa   0x08007724   0x00000002   PAD
    0x200001ac        -       0x000000a0   Zero   RW          608    .bss.error_history  error_manager.o
    0x2000024c        -       0x00000004   Zero   RW          611    .bss.error_total_count  error_manager.o
    0x20000250        -       0x00000001   Zero   RW          609    .bss.error_write_index  error_manager.o
    0x20000251        -       0x00000001   Zero   RW          380    .bss.event_count    button_driver.o
    0x20000252        -       0x00000001   Zero   RW          382    .bss.event_head     button_driver.o
    0x20000253        -       0x00000008   Zero   RW          381    .bss.event_queue    button_driver.o
    0x2000025b        -       0x00000001   Zero   RW          385    .bss.event_tail     button_driver.o
    0x2000025c        -       0x00000001   Zero   RW          555    .bss.flash_last_status  flash_storage_driver.o
    0x2000025d        -       0x00000001   Zero   RW          558    .bss.flash_needs_rewrite  flash_storage_driver.o
    0x2000025e        -       0x00000001   Zero   RW          463    .bss.i2c2_lcd_address  lcd1602_driver.o
    0x2000025f        -       0x00000001   Zero   RW          461    .bss.i2c2_lcd_ready  lcd1602_driver.o
    0x20000260        -       0x00000004   Zero   RW          121    .bss.lastDisplayedMeasurementValue  ui_controller.o
    0x20000264        -       0x00000004   Zero   RW          122    .bss.lastMeasurementRenderTick  ui_controller.o
    0x20000268        -       0x00000001   Zero   RW          108    .bss.lastMeasurementStatus  ui_controller.o
    0x20000269        -       0x00000001   Zero   RW          110    .bss.measureAllStep  ui_controller.o
    0x2000026a   0x08007724   0x00000002   PAD
    0x2000026c        -       0x00000004   Zero   RW          271    .bss.measured_capacitance  measurement_service.o
    0x20000270        -       0x00000004   Zero   RW          270    .bss.measured_duty  measurement_service.o
    0x20000274        -       0x00000004   Zero   RW          269    .bss.measured_frequency  measurement_service.o
    0x20000278        -       0x00000004   Zero   RW          268    .bss.measured_resistor  measurement_service.o
    0x2000027c        -       0x00000001   Zero   RW          109    .bss.measurementStatusInitialized  ui_controller.o
    0x2000027d        -       0x00000001   Zero   RW          120    .bss.measurementValueInitialized  ui_controller.o
    0x2000027e        -       0x00000001   Zero   RW          267    .bss.measurement_status  measurement_service.o
    0x2000027f        -       0x00000001   Zero   RW          107    .bss.menuNeedClear  ui_controller.o
    0x20000280        -       0x00000004   Zero   RW          125    .bss.resistorLastDisplayTick  ui_controller.o
    0x20000284        -       0x00000001   Zero   RW          123    .bss.resistorReadyHoldActive  ui_controller.o
    0x20000285   0x08007724   0x00000003   PAD
    0x20000288        -       0x00000004   Zero   RW          124    .bss.resistorReadySinceTick  ui_controller.o
    0x2000028c        -       0x00000014   Zero   RW          272    .bss.resistor_adc_window  measurement_service.o
    0x200002a0        -       0x00000001   Zero   RW          273    .bss.resistor_adc_window_count  measurement_service.o
    0x200002a1        -       0x00000001   Zero   RW          274    .bss.resistor_adc_window_index  measurement_service.o
    0x200002a2        -       0x00000001   Zero   RW          276    .bss.resistor_ema_initialized  measurement_service.o
    0x200002a3   0x08007724   0x00000001   PAD
    0x200002a4        -       0x00000004   Zero   RW          275    .bss.resistor_ema_value  measurement_service.o
    0x200002a8        -       0x00000001   Zero   RW          262    .bss.resistor_open_count  measurement_service.o
    0x200002a9        -       0x00000001   Zero   RW          279    .bss.resistor_output_candidate_active  measurement_service.o
    0x200002aa        -       0x00000001   Zero   RW          280    .bss.resistor_output_candidate_direction  measurement_service.o
    0x200002ab   0x08007724   0x00000001   PAD
    0x200002ac        -       0x00000004   Zero   RW          281    .bss.resistor_output_candidate_since_ms  measurement_service.o
    0x200002b0        -       0x00000001   Zero   RW          265    .bss.resistor_presence  measurement_service.o
    0x200002b1   0x08007724   0x00000003   PAD
    0x200002b4        -       0x00000004   Zero   RW          264    .bss.resistor_present_candidate_ms  measurement_service.o
    0x200002b8        -       0x00000001   Zero   RW          263    .bss.resistor_present_count  measurement_service.o
    0x200002b9        -       0x00000001   Zero   RW          278    .bss.resistor_stable_initialized  measurement_service.o
    0x200002ba   0x08007724   0x00000002   PAD
    0x200002bc        -       0x00000004   Zero   RW          277    .bss.resistor_stable_value  measurement_service.o
    0x200002c0        -       0x00000004   Zero   RW          127    .bss.saveFeedbackStartTick  ui_controller.o
    0x200002c4        -       0x00000001   Zero   RW          118    .bss.saveFeedbackSuccess  ui_controller.o
    0x200002c5   0x08007724   0x00000003   PAD
    0x200002c8        -       0x00000004   Zero   RW          111    .bss.splashStartTick  ui_controller.o
    0x200002cc        -       0x00000004   Zero   RW          641    .bss.systick_ms     system_time.o
    0x200002d0        -       0x00000022   Zero   RW          162    .bss.uiLineShadow   ui_view.o
    0x200002f2        -       0x00000002   Zero   RW          161    .bss.uiLineShadowValid  ui_view.o
    0x200002f4        -       0x00000001   Zero   RW          668    .bss.usart1_initialized  uart_port.o
    0x200002f5   0x08007724   0x00000003   PAD
    0x200002f8        -       0x00000040   Zero   RW          671    .bss.usart1_rx_buffer  uart_port.o
    0x20000338        -       0x00000001   Zero   RW          672    .bss.usart1_rx_data_ready  uart_port.o
    0x20000339        -       0x00000001   Zero   RW          670    .bss.usart1_rx_index  uart_port.o
    0x2000033a   0x08007724   0x00000002   PAD
    0x2000033c        -       0x00000004   Zero   RW          669    .bss.usart1_tx_timeout_count  uart_port.o
    0x20000340        -       0x00000200   Zero   RW          682    HEAP                startup_stm32f10x_md.o
    0x20000540        -       0x00000400   Zero   RW          681    STACK               startup_stm32f10x_md.o


==============================================================================

Image component sizes


      Code (inc. data)   RO Data    RW Data    ZI Data      Debug   Object Name

       952         22          6          0         30       6802   adc_driver.o
       356        100          4          0          4       2932   app_controller.o
       770         32         39          4         59       6826   button_driver.o
       126          0          0          0          0       2071   capacitor_charge_driver.o
       332          0          0          0          9       3111   config_service.o
       198         44         26          0          1       1842   debug_logger.o
       994        258         37          0        166       4987   error_manager.o
      1262        118        136          0         26       7687   flash_storage_driver.o
      1618         56          8         25          2       9784   lcd1602_driver.o
        10          0          0          0          0        341   main.o
      3016         60          8          0         79      10117   measurement_service.o
        94          0          0          0          0       3502   misc.o
         8          0          0          0          0        345   platform_init.o
      1042         16         17         61          0       8675   pwm_capture_driver.o
       232         16          8          0          0       3714   pwm_output_driver.o
       292          0         12          0          0       2358   signal_generator_service.o
        64         26        236          0       1536        804   startup_stm32f10x_md.o
       320          0          0          0          0       9170   stm32f10x_adc.o
       256          0          0          0          0       8026   stm32f10x_flash.o
       194          0          0          0          0       5833   stm32f10x_gpio.o
       228          0         20          0          0       7649   stm32f10x_rcc.o
      1258          0          0          0          0      24069   stm32f10x_tim.o
       326          0          0          0          0       7917   stm32f10x_usart.o
       284          0          0          4          0       2876   system_stm32f10x.o
       132          0          0          0          4       3884   system_time.o
       394          0          0          0         71       6022   uart_port.o
      3134        150        199         61         40      13216   ui_controller.o
       708        120          0          0          0       2383   ui_formatter.o
       916         44        106          0         36       5065   ui_view.o

    ----------------------------------------------------------------------
     19718       1062        900        164       2108     172008   Object Totals
         0          0         32          0          0          0   (incl. Generated)
       202          0          6          9         45          0   (incl. Padding)

    ----------------------------------------------------------------------

      Code (inc. data)   RO Data    RW Data    ZI Data      Debug   Library Member Name

        56          6          0          0          0         88   __2snprintf.o
         8          0          0          0          0         68   __main.o
       392          4         17          0          0         92   __printf_flags_ss_wp.o
        14          0          0          0          0         68   __printf_wp.o
         0          0          0          0          0          0   __rtentry.o
        12          0          0          0          0          0   __rtentry2.o
         6          0          0          0          0          0   __rtentry4.o
        52          8          0          0          0          0   __scatter.o
        26          0          0          0          0          0   __scatter_copy.o
        28          0          0          0          0          0   __scatter_zi.o
        72          0          0          0          0         96   _c16rtomb.o
         6          0          0          0          0          0   _printf_a.o
         6          0          0          0          0          0   _printf_c.o
        44          0          0          0          0        108   _printf_char.o
        48          6          0          0          0         96   _printf_char_common.o
        40          0          0          0          0         68   _printf_charcount.o
         6          0          0          0          0          0   _printf_d.o
       120         16          0          0          0         92   _printf_dec.o
         6          0          0          0          0          0   _printf_e.o
         6          0          0          0          0          0   _printf_f.o
      1052          0          0          0          0        148   _printf_fp_dec.o
       764          8         38          0          0        100   _printf_fp_hex.o
       128         16          0          0          0         84   _printf_fp_infnan.o
         6          0          0          0          0          0   _printf_g.o
       148          4         40          0          0        160   _printf_hex_int_ll_ptr.o
         6          0          0          0          0          0   _printf_i.o
       178          0          0          0          0         88   _printf_intcommon.o
        10          0          0          0          0          0   _printf_l.o
         6          0          0          0          0          0   _printf_lc.o
        10          0          0          0          0          0   _printf_ll.o
         6          0          0          0          0          0   _printf_lld.o
         6          0          0          0          0          0   _printf_lli.o
         6          0          0          0          0          0   _printf_llo.o
         6          0          0          0          0          0   _printf_llu.o
         6          0          0          0          0          0   _printf_llx.o
       124         16          0          0          0         92   _printf_longlong_dec.o
         6          0          0          0          0          0   _printf_ls.o
         6          0          0          0          0          0   _printf_n.o
         6          0          0          0          0          0   _printf_o.o
       112          8          0          0          0        124   _printf_oct_int_ll.o
         6          0          0          0          0          0   _printf_p.o
        78          0          0          0          0        108   _printf_pad.o
         0          0          0          0          0          0   _printf_percent.o
         4          0          0          0          0          0   _printf_percent_end.o
         6          0          0          0          0          0   _printf_s.o
        82          0          0          0          0         80   _printf_str.o
        36          0          0          0          0         84   _printf_truncate.o
         6          0          0          0          0          0   _printf_u.o
        44          0          0          0          0        108   _printf_wchar.o
       188          6          8          0          0         92   _printf_wctomb.o
         6          0          0          0          0          0   _printf_x.o
        16          0          0          0          0         68   _snputc.o
        10          0          0          0          0         68   _sputc.o
       228          4        148          0          0         96   bigflt0.o
      1936        128          0          0          0        672   btod.o
        18          0          0          0          0         80   exit.o
         6          0          0          0          0        152   heapauxi.o
         0          0          0          0          0          0   indicate_semi.o
        44         10        272          0          0         76   lc_ctype_c.o
        44         10         28          0          0         76   lc_numeric_c.o
         2          0          0          0          0          0   libinit.o
        30          0          0          0          0          0   libinit2.o
         2          0          0          0          0          0   libshutdown.o
         2          0          0          0          0          0   libshutdown2.o
         8          4          0          0         96         68   libspace.o
       138          0          0          0          0         80   lludiv10.o
        88          0          0          0          0         76   memcmp.o
        16          4          0          0          0         76   rt_ctype_table.o
         8          4          0          0          0         68   rt_locale_intlibspace.o
        78          0          0          0          0         80   rt_memclr_w.o
       138          0          0          0          0         68   rt_memcpy_v6.o
       100          0          0          0          0         80   rt_memcpy_w.o
         2          0          0          0          0          0   rtexit.o
        10          0          0          0          0          0   rtexit2.o
       128          0          0          0          0         68   strcmpv7m.o
        62          0          0          0          0         76   strlen.o
        12          4          0          0          0         68   sys_exit.o
        74          0          0          0          0         80   sys_stackheap_outer.o
         2          0          0          0          0         68   use_no_semi.o
        52          4          0          0          0         80   vsnprintf.o
        12          0          0          0          0         68   dretinf.o
        86          4          0          0          0         84   f2d.o
       430          8          0          0          0        168   faddsub_clz.o
        84          0          0          0          0        196   fcmp.o
        24          0          0          0          0         68   fcmpi.o
       388         76          0          0          0         96   fdiv.o
       104          4          0          0          0         84   feqf.o
        62          4          0          0          0         84   ffixu.o
        38          0          0          0          0         68   fflt_clz.o
       104          4          0          0          0         84   fgeqf.o
       104          4          0          0          0         84   fleqf.o
       258          4          0          0          0         84   fmul.o
       140          4          0          0          0         84   fnaninf.o
        10          0          0          0          0         68   fretinf.o
         4          0          0          0          0         68   printf1.o
         4          0          0          0          0         68   printf2.o
         0          0          0          0          0          0   usenofp.o
        40          0          0          0          0         68   fpclassify.o

    ----------------------------------------------------------------------
      9164        382        554          0         96       5892   Library Totals
        22          0          3          0          0          0   (incl. Padding)

    ----------------------------------------------------------------------

      Code (inc. data)   RO Data    RW Data    ZI Data      Debug   Library Name

      7250        270        551          0         96       4368   c_w.l
      1852        112          0          0          0       1456   fz_ws.l
        40          0          0          0          0         68   m_ws.l

    ----------------------------------------------------------------------
      9164        382        554          0         96       5892   Library Totals

    ----------------------------------------------------------------------

==============================================================================


      Code (inc. data)   RO Data    RW Data    ZI Data      Debug   

     28882       1444       1454        164       2204     174188   Grand Totals
     28882       1444       1454        164       2204     174188   ELF Image Totals
     28882       1444       1454        164          0          0   ROM Totals

==============================================================================

    Total RO  Size (Code + RO Data)                30336 (  29.63kB)
    Total RW  Size (RW Data + ZI Data)              2368 (   2.31kB)
    Total ROM Size (Code + RO Data + RW Data)      30500 (  29.79kB)

==============================================================================

