Component: ARM Compiler 6.14 Tool: armlink [5db06800]

==============================================================================

Section Cross References

    adc.o(.text.Adc_Init) refers to adc.o(.text.Adc_Config) for Adc_Config
    adc.o(.text.Adc_Init) refers to adc.o(.text.Adc_Disable) for Adc_Disable
    adc.o(.ARM.exidx.text.Adc_Init) refers to adc.o(.text.Adc_Init) for [Anonymous Symbol]
    adc.o(.text.Adc_Config) refers to adc.o(.rodata.adc_channel_map) for adc_channel_map
    adc.o(.text.Adc_Config) refers to adc.o(.bss.adc_gpio_initialized) for adc_gpio_initialized
    adc.o(.text.Adc_Config) refers to stm32f10x_gpio.o(.text.GPIO_Init) for GPIO_Init
    adc.o(.text.Adc_Config) refers to adc.o(.bss.Adc_Config.adc_initialized) for Adc_Config.adc_initialized
    adc.o(.text.Adc_Config) refers to stm32f10x_rcc.o(.text.RCC_APB2PeriphClockCmd) for RCC_APB2PeriphClockCmd
    adc.o(.text.Adc_Config) refers to stm32f10x_adc.o(.text.ADC_Init) for ADC_Init
    adc.o(.text.Adc_Config) refers to stm32f10x_adc.o(.text.ADC_Cmd) for ADC_Cmd
    adc.o(.text.Adc_Config) refers to stm32f10x_adc.o(.text.ADC_ResetCalibration) for ADC_ResetCalibration
    adc.o(.text.Adc_Config) refers to stm32f10x_adc.o(.text.ADC_GetResetCalibrationStatus) for ADC_GetResetCalibrationStatus
    adc.o(.text.Adc_Config) refers to stm32f10x_adc.o(.text.ADC_StartCalibration) for ADC_StartCalibration
    adc.o(.text.Adc_Config) refers to stm32f10x_adc.o(.text.ADC_GetCalibrationStatus) for ADC_GetCalibrationStatus
    adc.o(.ARM.exidx.text.Adc_Config) refers to adc.o(.text.Adc_Config) for [Anonymous Symbol]
    adc.o(.text.Adc_Disable) refers to stm32f10x_adc.o(.text.ADC_Cmd) for ADC_Cmd
    adc.o(.text.Adc_Disable) refers to puts.o(.text) for puts
    adc.o(.ARM.exidx.text.Adc_Disable) refers to adc.o(.text.Adc_Disable) for [Anonymous Symbol]
    adc.o(.text.Adc_Enable) refers to stm32f10x_adc.o(.text.ADC_Cmd) for ADC_Cmd
    adc.o(.text.Adc_Enable) refers to puts.o(.text) for puts
    adc.o(.ARM.exidx.text.Adc_Enable) refers to adc.o(.text.Adc_Enable) for [Anonymous Symbol]
    adc.o(.text.Adc_Read_Channel) refers to adc.o(.rodata.adc_channel_map) for adc_channel_map
    adc.o(.text.Adc_Read_Channel) refers to stm32f10x_adc.o(.text.ADC_RegularChannelConfig) for ADC_RegularChannelConfig
    adc.o(.text.Adc_Read_Channel) refers to stm32f10x_adc.o(.text.ADC_SoftwareStartConvCmd) for ADC_SoftwareStartConvCmd
    adc.o(.text.Adc_Read_Channel) refers to stm32f10x_adc.o(.text.ADC_GetFlagStatus) for ADC_GetFlagStatus
    adc.o(.text.Adc_Read_Channel) refers to stm32f10x_adc.o(.text.ADC_GetConversionValue) for ADC_GetConversionValue
    adc.o(.text.Adc_Read_Channel) refers to fflt_clz.o(x$fpl$ffltu) for __aeabi_ui2f
    adc.o(.ARM.exidx.text.Adc_Read_Channel) refers to adc.o(.text.Adc_Read_Channel) for [Anonymous Symbol]
    app.o(.text.App_Init) refers to system_stm32f10x.o(.text.SystemInit) for SystemInit
    app.o(.text.App_Init) refers to flash.o(.text.Flash_Init) for Flash_Init
    app.o(.text.App_Init) refers to systick.o(.text.SysTick_Init) for SysTick_Init
    app.o(.text.App_Init) refers to gpio.o(.text.Gpio_Button_Init_All) for Gpio_Button_Init_All
    app.o(.text.App_Init) refers to usart1.o(.text.Usart1_Init) for Usart1_Init
    app.o(.text.App_Init) refers to adc.o(.text.Adc_Init) for Adc_Init
    app.o(.text.App_Init) refers to pwm_output.o(.text.Pwm_Output_Init) for Pwm_Output_Init
    app.o(.text.App_Init) refers to flash.o(.bss.currentConfig) for currentConfig
    app.o(.text.App_Init) refers to transmit.o(.text.Transmit_Freq_Duty) for Transmit_Freq_Duty
    app.o(.text.App_Init) refers to pwm_input.o(.text.Pwm_Input_Init) for Pwm_Input_Init
    app.o(.text.App_Init) refers to i2c2_lcd.o(.text.I2C2_LCD_Init) for I2C2_LCD_Init
    app.o(.text.App_Init) refers to menu.o(.text.Menu_Init) for Menu_Init
    app.o(.text.App_Init) refers to puts.o(.text) for puts
    app.o(.ARM.exidx.text.App_Init) refers to app.o(.text.App_Init) for [Anonymous Symbol]
    app.o(.text.App_Logic) refers to gpio.o(.text.Gpio_Button_Is_Pressed_Once) for Gpio_Button_Is_Pressed_Once
    app.o(.text.App_Logic) refers to gpio.o(.text.Gpio_Button_Reset_Once) for Gpio_Button_Reset_Once
    app.o(.text.App_Logic) refers to puts.o(.text) for puts
    app.o(.text.App_Logic) refers to menu.o(.text.Menu_Handle_Down) for Menu_Handle_Down
    app.o(.text.App_Logic) refers to menu.o(.text.Menu_Handle_Up) for Menu_Handle_Up
    app.o(.text.App_Logic) refers to menu.o(.text.Menu_Handle_Select) for Menu_Handle_Select
    app.o(.text.App_Logic) refers to gpio.o(.text.Gpio_Button_Is_Enabled) for Gpio_Button_Is_Enabled
    app.o(.text.App_Logic) refers to measure.o(.text.Measure_Capacitor_Start) for Measure_Capacitor_Start
    app.o(.text.App_Logic) refers to menu.o(.text.Menu_Update_Measure) for Menu_Update_Measure
[...]
    SVC_Handler                              0x08000247   Thumb Code     2  startup_stm32f10x_md.o(.text)
    DebugMon_Handler                         0x08000249   Thumb Code     2  startup_stm32f10x_md.o(.text)
    PendSV_Handler                           0x0800024b   Thumb Code     2  startup_stm32f10x_md.o(.text)
    ADC1_2_IRQHandler                        0x0800024f   Thumb Code     0  startup_stm32f10x_md.o(.text)
    CAN1_RX1_IRQHandler                      0x0800024f   Thumb Code     0  startup_stm32f10x_md.o(.text)
    CAN1_SCE_IRQHandler                      0x0800024f   Thumb Code     0  startup_stm32f10x_md.o(.text)
    DMA1_Channel1_IRQHandler                 0x0800024f   Thumb Code     0  startup_stm32f10x_md.o(.text)
    DMA1_Channel2_IRQHandler                 0x0800024f   Thumb Code     0  startup_stm32f10x_md.o(.text)
    DMA1_Channel3_IRQHandler                 0x0800024f   Thumb Code     0  startup_stm32f10x_md.o(.text)
    DMA1_Channel4_IRQHandler                 0x0800024f   Thumb Code     0  startup_stm32f10x_md.o(.text)
    DMA1_Channel5_IRQHandler                 0x0800024f   Thumb Code     0  startup_stm32f10x_md.o(.text)
    DMA1_Channel6_IRQHandler                 0x0800024f   Thumb Code     0  startup_stm32f10x_md.o(.text)
    DMA1_Channel7_IRQHandler                 0x0800024f   Thumb Code     0  startup_stm32f10x_md.o(.text)
    EXTI0_IRQHandler                         0x0800024f   Thumb Code     0  startup_stm32f10x_md.o(.text)
    EXTI15_10_IRQHandler                     0x0800024f   Thumb Code     0  startup_stm32f10x_md.o(.text)
    EXTI1_IRQHandler                         0x0800024f   Thumb Code     0  startup_stm32f10x_md.o(.text)
    EXTI2_IRQHandler                         0x0800024f   Thumb Code     0  startup_stm32f10x_md.o(.text)
    EXTI3_IRQHandler                         0x0800024f   Thumb Code     0  startup_stm32f10x_md.o(.text)
    EXTI4_IRQHandler                         0x0800024f   Thumb Code     0  startup_stm32f10x_md.o(.text)
    EXTI9_5_IRQHandler                       0x0800024f   Thumb Code     0  startup_stm32f10x_md.o(.text)
    FLASH_IRQHandler                         0x0800024f   Thumb Code     0  startup_stm32f10x_md.o(.text)
    I2C1_ER_IRQHandler                       0x0800024f   Thumb Code     0  startup_stm32f10x_md.o(.text)
    I2C1_EV_IRQHandler                       0x0800024f   Thumb Code     0  startup_stm32f10x_md.o(.text)
    I2C2_ER_IRQHandler                       0x0800024f   Thumb Code     0  startup_stm32f10x_md.o(.text)
    I2C2_EV_IRQHandler                       0x0800024f   Thumb Code     0  startup_stm32f10x_md.o(.text)
    PVD_IRQHandler                           0x0800024f   Thumb Code     0  startup_stm32f10x_md.o(.text)
    RCC_IRQHandler                           0x0800024f   Thumb Code     0  startup_stm32f10x_md.o(.text)
    RTCAlarm_IRQHandler                      0x0800024f   Thumb Code     0  startup_stm32f10x_md.o(.text)
    RTC_IRQHandler                           0x0800024f   Thumb Code     0  startup_stm32f10x_md.o(.text)
    SPI1_IRQHandler                          0x0800024f   Thumb Code     0  startup_stm32f10x_md.o(.text)
    SPI2_IRQHandler                          0x0800024f   Thumb Code     0  startup_stm32f10x_md.o(.text)
    TAMPER_IRQHandler                        0x0800024f   Thumb Code     0  startup_stm32f10x_md.o(.text)
    TIM1_BRK_IRQHandler                      0x0800024f   Thumb Code     0  startup_stm32f10x_md.o(.text)
    TIM1_TRG_COM_IRQHandler                  0x0800024f   Thumb Code     0  startup_stm32f10x_md.o(.text)
    TIM1_UP_IRQHandler                       0x0800024f   Thumb Code     0  startup_stm32f10x_md.o(.text)
    TIM2_IRQHandler                          0x0800024f   Thumb Code     0  startup_stm32f10x_md.o(.text)
    USART2_IRQHandler                        0x0800024f   Thumb Code     0  startup_stm32f10x_md.o(.text)
    USART3_IRQHandler                        0x0800024f   Thumb Code     0  startup_stm32f10x_md.o(.text)
    USBWakeUp_IRQHandler                     0x0800024f   Thumb Code     0  startup_stm32f10x_md.o(.text)
    USB_HP_CAN1_TX_IRQHandler                0x0800024f   Thumb Code     0  startup_stm32f10x_md.o(.text)
    USB_LP_CAN1_RX0_IRQHandler               0x0800024f   Thumb Code     0  startup_stm32f10x_md.o(.text)
    WWDG_IRQHandler                          0x0800024f   Thumb Code     0  startup_stm32f10x_md.o(.text)
    __user_initial_stackheap                 0x08000251   Thumb Code     0  startup_stm32f10x_md.o(.text)
    vsnprintf                                0x08000275   Thumb Code    48  vsnprintf.o(.text)
    __2printf                                0x080002a9   Thumb Code    20  __2printf.o(.text)
    __2snprintf                              0x080002c1   Thumb Code    50  __2snprintf.o(.text)
    _printf_pre_padding                      0x080002f9   Thumb Code    44  _printf_pad.o(.text)
    _printf_post_padding                     0x08000325   Thumb Code    34  _printf_pad.o(.text)
    _printf_str                              0x08000347   Thumb Code    82  _printf_str.o(.text)
    _printf_int_dec                          0x08000399   Thumb Code   104  _printf_dec.o(.text)
    __printf                                 0x08000411   Thumb Code   388  __printf_flags_ss_wp.o(.text)
    puts                                     0x08000599   Thumb Code    40  puts.o(.text)
    memcmp                                   0x080005c5   Thumb Code    88  memcmp.o(.text)
    strlen                                   0x0800061d   Thumb Code    62  strlen.o(.text)
    __aeabi_memcpy                           0x0800065b   Thumb Code     0  rt_memcpy_v6.o(.text)
    __rt_memcpy                              0x0800065b   Thumb Code   138  rt_memcpy_v6.o(.text)
    _memcpy_lastbytes                        0x080006c1   Thumb Code     0  rt_memcpy_v6.o(.text)
    __aeabi_memclr4                          0x080006e5   Thumb Code     0  rt_memclr_w.o(.text)
    __aeabi_memclr8                          0x080006e5   Thumb Code     0  rt_memclr_w.o(.text)
    __rt_memclr_w                            0x080006e5   Thumb Code    78  rt_memclr_w.o(.text)
    _memset_w                                0x080006e9   Thumb Code     0  rt_memclr_w.o(.text)
    strcmp                                   0x08000735   Thumb Code   128  strcmpv7m.o(.text)
    __use_two_region_memory                  0x080007b5   Thumb Code     2  heapauxi.o(.text)
    __rt_heap_escrow$2region                 0x080007b7   Thumb Code     2  heapauxi.o(.text)
    __rt_heap_expand$2region                 0x080007b9   Thumb Code     2  heapauxi.o(.text)
    _printf_truncate_signed                  0x080007bb   Thumb Code    18  _printf_truncate.o(.text)
    _printf_truncate_unsigned                0x080007cd   Thumb Code    18  _printf_truncate.o(.text)
    _printf_int_common                       0x080007df   Thumb Code   178  _printf_intcommon.o(.text)
    _printf_charcount                        0x08000891   Thumb Code    40  _printf_charcount.o(.text)
    _printf_fp_dec_real                      0x08000a69   Thumb Code   620  _printf_fp_dec.o(.text)
    _printf_char_common                      0x08000cdf   Thumb Code    32  _printf_char_common.o(.text)
    _sputc                                   0x08000d05   Thumb Code    10  _sputc.o(.text)
    _snputc                                  0x08000d0f   Thumb Code    16  _snputc.o(.text)
    _printf_cs_common                        0x08000d1f   Thumb Code    20  _printf_char.o(.text)
    _printf_char                             0x08000d33   Thumb Code    16  _printf_char.o(.text)
    _printf_string                           0x08000d43   Thumb Code     8  _printf_char.o(.text)
    _printf_char_file                        0x08000d4d   Thumb Code    32  _printf_char_file.o(.text)
    _printf_wctomb                           0x08000d71   Thumb Code   182  _printf_wctomb.o(.text)
    _printf_longlong_dec                     0x08000e2d   Thumb Code   108  _printf_longlong_dec.o(.text)
    _printf_longlong_oct                     0x08000ea9   Thumb Code    68  _printf_oct_int_ll.o(.text)
    _printf_int_oct                          0x08000eed   Thumb Code    24  _printf_oct_int_ll.o(.text)
    _printf_ll_oct                           0x08000f05   Thumb Code    12  _printf_oct_int_ll.o(.text)
    _printf_longlong_hex                     0x08000f19   Thumb Code    86  _printf_hex_int_ll_ptr.o(.text)
    _printf_int_hex                          0x08000f6f   Thumb Code    28  _printf_hex_int_ll_ptr.o(.text)
    _printf_ll_hex                           0x08000f8b   Thumb Code    12  _printf_hex_int_ll_ptr.o(.text)
    _printf_hex_ptr                          0x08000f97   Thumb Code    18  _printf_hex_int_ll_ptr.o(.text)
    __aeabi_memcpy4                          0x08000fad   Thumb Code     0  rt_memcpy_w.o(.text)
    __aeabi_memcpy8                          0x08000fad   Thumb Code     0  rt_memcpy_w.o(.text)
    __rt_memcpy_w                            0x08000fad   Thumb Code   100  rt_memcpy_w.o(.text)
    _memcpy_lastbytes_aligned                0x08000ff5   Thumb Code     0  rt_memcpy_w.o(.text)
    __rt_locale                              0x08001011   Thumb Code     8  rt_locale_intlibspace.o(.text)
    _ll_udiv10                               0x08001019   Thumb Code   138  lludiv10.o(.text)
    _printf_fp_hex_real                      0x080010a5   Thumb Code   756  _printf_fp_hex.o(.text)
    _printf_fp_infnan                        0x080013a1   Thumb Code   112  _printf_fp_infnan.o(.text)
    _printf_lcs_common                       0x08001421   Thumb Code    20  _printf_wchar.o(.text)
    _printf_wchar                            0x08001435   Thumb Code    16  _printf_wchar.o(.text)
    _printf_wstring                          0x08001445   Thumb Code     8  _printf_wchar.o(.text)
    _btod_etento                             0x0800144d   Thumb Code   224  bigflt0.o(.text)
    ferror                                   0x08001531   Thumb Code     8  ferror.o(.text)
    _c16rtomb                                0x08001539   Thumb Code    72  _c16rtomb.o(.text)
    _wcrtomb                                 0x08001539   Thumb Code     0  _c16rtomb.o(.text)
    __user_libspace                          0x08001581   Thumb Code     8  libspace.o(.text)
    __user_perproc_libspace                  0x08001581   Thumb Code     0  libspace.o(.text)
    __user_perthread_libspace                0x08001581   Thumb Code     0  libspace.o(.text)
    __user_setup_stackheap                   0x08001589   Thumb Code    74  sys_stackheap_outer.o(.text)
    __rt_ctype_table                         0x080015d5   Thumb Code    16  rt_ctype_table.o(.text)
    exit                                     0x080015e5   Thumb Code    18  exit.o(.text)
    _sys_exit                                0x080015f9   Thumb Code     8  sys_exit.o(.text)
    __I$use$semihosting                      0x08001605   Thumb Code     0  use_no_semi.o(.text)
    __use_no_semihosting_swi                 0x08001605   Thumb Code     2  use_no_semi.o(.text)
    __semihosting_library_function           0x08001607   Thumb Code     0  indicate_semi.o(.text)
    ADC_Cmd                                  0x08001609   Thumb Code    18  stm32f10x_adc.o(.text.ADC_Cmd)
    ADC_GetCalibrationStatus                 0x0800161d   Thumb Code     8  stm32f10x_adc.o(.text.ADC_GetCalibrationStatus)
    ADC_GetConversionValue                   0x08001625   Thumb Code     6  stm32f10x_adc.o(.text.ADC_GetConversionValue)
    ADC_GetFlagStatus                        0x0800162d   Thumb Code    10  stm32f10x_adc.o(.text.ADC_GetFlagStatus)
    ADC_GetResetCalibrationStatus            0x08001639   Thumb Code     8  stm32f10x_adc.o(.text.ADC_GetResetCalibrationStatus)
    ADC_Init                                 0x08001641   Thumb Code    84  stm32f10x_adc.o(.text.ADC_Init)
    ADC_RegularChannelConfig                 0x08001695   Thumb Code    98  stm32f10x_adc.o(.text.ADC_RegularChannelConfig)
    ADC_ResetCalibration                     0x080016f9   Thumb Code    10  stm32f10x_adc.o(.text.ADC_ResetCalibration)
    ADC_SoftwareStartConvCmd                 0x08001705   Thumb Code    18  stm32f10x_adc.o(.text.ADC_SoftwareStartConvCmd)
    ADC_StartCalibration                     0x08001719   Thumb Code    10  stm32f10x_adc.o(.text.ADC_StartCalibration)
    Adc_Disable                              0x080017ed   Thumb Code    40  adc.o(.text.Adc_Disable)
    Adc_Enable                               0x08001815   Thumb Code    40  adc.o(.text.Adc_Enable)
    Adc_Init                                 0x0800183d   Thumb Code    26  adc.o(.text.Adc_Init)
    Adc_Read_Channel                         0x08001859   Thumb Code    88  adc.o(.text.Adc_Read_Channel)
    App_Init                                 0x080018b1   Thumb Code    84  app.o(.text.App_Init)
    App_Logic                                0x08001905   Thumb Code   188  app.o(.text.App_Logic)
    Delay_Ms                                 0x080019d5   Thumb Code    22  systick.o(.text.Delay_Ms)
    FindOptimalPWM                           0x080019ed   Thumb Code   196  transmit.o(.text.FindOptimalPWM)
    Flash_Erase_Page                         0x08001ab1   Thumb Code    54  flash.o(.text.Flash_Erase_Page)
    Flash_Init                               0x08001ae9   Thumb Code    82  flash.o(.text.Flash_Init)
    Flash_Lock                               0x08001b3d   Thumb Code    18  flash.o(.text.Flash_Lock)
    Flash_Read_Config                        0x08001b51   Thumb Code   142  flash.o(.text.Flash_Read_Config)
    Flash_Save                               0x08001be1   Thumb Code   132  flash.o(.text.Flash_Save)
    Flash_Unlock                             0x08001c65   Thumb Code    30  flash.o(.text.Flash_Unlock)
    Flash_Write_Config                       0x08001c85   Thumb Code   188  flash.o(.text.Flash_Write_Config)
    GPIO_Init                                0x08001d41   Thumb Code   176  stm32f10x_gpio.o(.text.GPIO_Init)
    GPIO_ReadInputDataBit                    0x08001df1   Thumb Code    10  stm32f10x_gpio.o(.text.GPIO_ReadInputDataBit)
    GPIO_ResetBits                           0x08001dfd   Thumb Code     4  stm32f10x_gpio.o(.text.GPIO_ResetBits)
    GPIO_SetBits                             0x08001e01   Thumb Code     4  stm32f10x_gpio.o(.text.GPIO_SetBits)
    Gpio_Button_Disable                      0x08001e05   Thumb Code    56  gpio.o(.text.Gpio_Button_Disable)
    Gpio_Button_Enable                       0x08001e3d   Thumb Code    56  gpio.o(.text.Gpio_Button_Enable)
    Gpio_Button_Init_All                     0x08001e75   Thumb Code    60  gpio.o(.text.Gpio_Button_Init_All)
    Gpio_Button_Is_Enabled                   0x08001ecd   Thumb Code    36  gpio.o(.text.Gpio_Button_Is_Enabled)
    Gpio_Button_Is_Pressed_Once              0x08001ef1   Thumb Code    36  gpio.o(.text.Gpio_Button_Is_Pressed_Once)
    Gpio_Button_Reset_Once                   0x08001f15   Thumb Code    20  gpio.o(.text.Gpio_Button_Reset_Once)
    Gpio_Button_Update_All                   0x08001f29   Thumb Code    40  gpio.o(.text.Gpio_Button_Update_All)
    Gpio_Init_Pin                            0x08001fed   Thumb Code    88  gpio.o(.text.Gpio_Init_Pin)
    I2C2_LCD_Clear                           0x0800242d   Thumb Code    16  i2c2_lcd.o(.text.I2C2_LCD_Clear)
    I2C2_LCD_Control_Write                   0x0800243d   Thumb Code    58  i2c2_lcd.o(.text.I2C2_LCD_Control_Write)
    I2C2_LCD_Create_Char                     0x08002479   Thumb Code    40  i2c2_lcd.o(.text.I2C2_LCD_Create_Char)
    I2C2_LCD_Data_Write                      0x080024a1   Thumb Code    62  i2c2_lcd.o(.text.I2C2_LCD_Data_Write)
    I2C2_LCD_Init                            0x080024e1   Thumb Code   244  i2c2_lcd.o(.text.I2C2_LCD_Init)
    I2C2_LCD_Load_Icons                      0x080025d5   Thumb Code    46  i2c2_lcd.o(.text.I2C2_LCD_Load_Icons)
    I2C2_LCD_Send_Char                       0x08002605   Thumb Code     8  i2c2_lcd.o(.text.I2C2_LCD_Send_Char)
    I2C2_LCD_Send_String                     0x0800260d   Thumb Code    28  i2c2_lcd.o(.text.I2C2_LCD_Send_String)
    I2C2_LCD_Set_Cursor                      0x08002629   Thumb Code    24  i2c2_lcd.o(.text.I2C2_LCD_Set_Cursor)
    I2C2_LCD_Write_byte                      0x08002641   Thumb Code    34  i2c2_lcd.o(.text.I2C2_LCD_Write_byte)
    I2C2_Scan_Address                        0x08002665   Thumb Code   312  i2c2_lcd.o(.text.I2C2_Scan_Address)
    I2C2_Send_Address                        0x0800279d   Thumb Code    28  i2c2_lcd.o(.text.I2C2_Send_Address)
    I2C2_Send_Data                           0x080027b9   Thumb Code    34  i2c2_lcd.o(.text.I2C2_Send_Data)
    I2C2_Send_Start                          0x080027dd   Thumb Code    24  i2c2_lcd.o(.text.I2C2_Send_Start)
    I2C2_Send_Stop                           0x080027f5   Thumb Code    18  i2c2_lcd.o(.text.I2C2_Send_Stop)
    Measure_Capacitor                        0x08002809   Thumb Code   344  measure.o(.text.Measure_Capacitor)
    Measure_Capacitor_Start                  0x08002961   Thumb Code    14  measure.o(.text.Measure_Capacitor_Start)
    Measure_Charge_Pin_DeInit                0x08002971   Thumb Code    52  measure.o(.text.Measure_Charge_Pin_DeInit)
    Measure_Charge_Pin_Init                  0x080029a5   Thumb Code    60  measure.o(.text.Measure_Charge_Pin_Init)
    Measure_Freq_Duty_Apdative               0x08002a75   Thumb Code    44  measure.o(.text.Measure_Freq_Duty_Apdative)
    Measure_Resistor                         0x08002aa1   Thumb Code   132  measure.o(.text.Measure_Resistor)
    Menu_Handle_Down                         0x08002f1d   Thumb Code    10  menu.o(.text.Menu_Handle_Down)
    Menu_Handle_Select                       0x0800307d   Thumb Code   108  menu.o(.text.Menu_Handle_Select)
    Menu_Handle_Up                           0x080030e9   Thumb Code    10  menu.o(.text.Menu_Handle_Up)
    Menu_Init                                0x080030f5   Thumb Code    24  menu.o(.text.Menu_Init)
    Menu_Print_String                        0x08003141   Thumb Code    52  menu.o(.text.Menu_Print_String)
    Menu_Update_Measure                      0x08003269   Thumb Code    84  menu.o(.text.Menu_Update_Measure)
    NVIC_Init                                0x080032bd   Thumb Code    94  misc.o(.text.NVIC_Init)
    Pwm_Input_Disable                        0x0800331d   Thumb Code    84  pwm_input.o(.text.Pwm_Input_Disable)
    Pwm_Input_Enable                         0x08003371   Thumb Code    84  pwm_input.o(.text.Pwm_Input_Enable)
    Pwm_Input_Init                           0x080033c5   Thumb Code   102  pwm_input.o(.text.Pwm_Input_Init)
    Pwm_Output_Disable                       0x0800342d   Thumb Code    44  pwm_output.o(.text.Pwm_Output_Disable)
    Pwm_Output_Enable                        0x08003459   Thumb Code    40  pwm_output.o(.text.Pwm_Output_Enable)
    Pwm_Output_Init                          0x08003481   Thumb Code   112  pwm_output.o(.text.Pwm_Output_Init)
    RCC_APB1PeriphClockCmd                   0x0800361d   Thumb Code    24  stm32f10x_rcc.o(.text.RCC_APB1PeriphClockCmd)
    RCC_APB2PeriphClockCmd                   0x08003635   Thumb Code    24  stm32f10x_rcc.o(.text.RCC_APB2PeriphClockCmd)
    RCC_GetClocksFreq                        0x0800364d   Thumb Code   160  stm32f10x_rcc.o(.text.RCC_GetClocksFreq)
    SysTick_Get_Tick                         0x08003885   Thumb Code    12  systick.o(.text.SysTick_Get_Tick)
    SysTick_Handler                          0x08003891   Thumb Code    16  systick.o(.text.SysTick_Handler)
    SysTick_Init                             0x080038a1   Thumb Code    32  systick.o(.text.SysTick_Init)
    SystemInit                               0x080038c1   Thumb Code    86  system_stm32f10x.o(.text.SystemInit)
    TIM1_CC_IRQHandler                       0x08003b4d   Thumb Code    24  pwm_input.o(.text.TIM1_CC_IRQHandler)
    TIM3_IRQHandler                          0x08003b65   Thumb Code    28  pwm_input.o(.text.TIM3_IRQHandler)
    TIM4_IRQHandler                          0x08003b81   Thumb Code    28  pwm_input.o(.text.TIM4_IRQHandler)
    TIM_ARRPreloadConfig                     0x08003b9d   Thumb Code    18  stm32f10x_tim.o(.text.TIM_ARRPreloadConfig)
    TIM_BDTRConfig                           0x08003bb1   Thumb Code    40  stm32f10x_tim.o(.text.TIM_BDTRConfig)
    TIM_BDTRStructInit                       0x08003bd9   Thumb Code    12  stm32f10x_tim.o(.text.TIM_BDTRStructInit)
    TIM_ClearITPendingBit                    0x08003be5   Thumb Code     6  stm32f10x_tim.o(.text.TIM_ClearITPendingBit)
    TIM_Cmd                                  0x08003bed   Thumb Code    18  stm32f10x_tim.o(.text.TIM_Cmd)
    TIM_CtrlPWMOutputs                       0x08003c01   Thumb Code    24  stm32f10x_tim.o(.text.TIM_CtrlPWMOutputs)
    TIM_GetCapture1                          0x08003c19   Thumb Code     4  stm32f10x_tim.o(.text.TIM_GetCapture1)
    TIM_GetCapture2                          0x08003c1d   Thumb Code     4  stm32f10x_tim.o(.text.TIM_GetCapture2)
    TIM_GetITStatus                          0x08003c21   Thumb Code    20  stm32f10x_tim.o(.text.TIM_GetITStatus)
    TIM_ICInit                               0x08003c35   Thumb Code    98  stm32f10x_tim.o(.text.TIM_ICInit)
    TIM_ITConfig                             0x08003c99   Thumb Code    16  stm32f10x_tim.o(.text.TIM_ITConfig)
    TIM_OC2Init                              0x08003ca9   Thumb Code   122  stm32f10x_tim.o(.text.TIM_OC2Init)
    TIM_OC2PreloadConfig                     0x08003d25   Thumb Code    14  stm32f10x_tim.o(.text.TIM_OC2PreloadConfig)
    TIM_PrescalerConfig                      0x08003d35   Thumb Code     6  stm32f10x_tim.o(.text.TIM_PrescalerConfig)
    TIM_SelectInputTrigger                   0x08003d3d   Thumb Code    12  stm32f10x_tim.o(.text.TIM_SelectInputTrigger)
    TIM_SelectMasterSlaveMode                0x08003d49   Thumb Code    16  stm32f10x_tim.o(.text.TIM_SelectMasterSlaveMode)
    TIM_SelectSlaveMode                      0x08003d59   Thumb Code    16  stm32f10x_tim.o(.text.TIM_SelectSlaveMode)
    TIM_SetAutoreload                        0x08003d69   Thumb Code     4  stm32f10x_tim.o(.text.TIM_SetAutoreload)
    TIM_SetCompare2                          0x08003d6d   Thumb Code     4  stm32f10x_tim.o(.text.TIM_SetCompare2)
    TIM_SetIC1Prescaler                      0x08003d71   Thumb Code    16  stm32f10x_tim.o(.text.TIM_SetIC1Prescaler)
    TIM_SetIC2Prescaler                      0x08003d81   Thumb Code    18  stm32f10x_tim.o(.text.TIM_SetIC2Prescaler)
    TIM_SetIC3Prescaler                      0x08003d95   Thumb Code    16  stm32f10x_tim.o(.text.TIM_SetIC3Prescaler)
    TIM_SetIC4Prescaler                      0x08003da5   Thumb Code    18  stm32f10x_tim.o(.text.TIM_SetIC4Prescaler)
    TIM_TimeBaseInit                         0x08003db9   Thumb Code   170  stm32f10x_tim.o(.text.TIM_TimeBaseInit)
    Transmit_Freq_Duty                       0x08003e65   Thumb Code   124  transmit.o(.text.Transmit_Freq_Duty)
    USART1_IRQHandler                        0x08003ee1   Thumb Code   118  usart1.o(.text.USART1_IRQHandler)
    USART_Cmd                                0x08003f59   Thumb Code    18  stm32f10x_usart.o(.text.USART_Cmd)
    USART_GetFlagStatus                      0x08003f6d   Thumb Code    10  stm32f10x_usart.o(.text.USART_GetFlagStatus)
    USART_GetITStatus                        0x08003f79   Thumb Code    58  stm32f10x_usart.o(.text.USART_GetITStatus)
    USART_ITConfig                           0x08003fb5   Thumb Code    46  stm32f10x_usart.o(.text.USART_ITConfig)
    USART_Init                               0x08003fe5   Thumb Code   178  stm32f10x_usart.o(.text.USART_Init)
    USART_ReceiveData                        0x08004099   Thumb Code     8  stm32f10x_usart.o(.text.USART_ReceiveData)
    USART_SendData                           0x080040a1   Thumb Code     8  stm32f10x_usart.o(.text.USART_SendData)
    Usart1_Init                              0x08004191   Thumb Code   118  usart1.o(.text.Usart1_Init)
    Usart1_Send_Char                         0x08004209   Thumb Code    34  usart1.o(.text.Usart1_Send_Char)
    Usart1_Send_Format                       0x0800422d   Thumb Code    44  usart1.o(.text.Usart1_Send_Format)
    Usart1_Send_String                       0x08004259   Thumb Code    32  usart1.o(.text.Usart1_Send_String)
    fputc                                    0x080042b9   Thumb Code    14  usart1.o(.text.fputc)
    main                                     0x080042c9   Thumb Code    10  main.o(.text.main)
    _btod_d2e                                0x080042d3   Thumb Code    62  btod.o(CL$$btod_d2e)
    _d2e_denorm_low                          0x08004311   Thumb Code    70  btod.o(CL$$btod_d2e_denorm_low)
    _d2e_norm_op1                            0x08004357   Thumb Code    96  btod.o(CL$$btod_d2e_norm_op1)
    __btod_div_common                        0x080043b7   Thumb Code   696  btod.o(CL$$btod_div_common)
    _e2e                                     0x080046ef   Thumb Code   220  btod.o(CL$$btod_e2e)
    _btod_ediv                               0x080047cb   Thumb Code    42  btod.o(CL$$btod_ediv)
    _btod_emul                               0x080047f5   Thumb Code    42  btod.o(CL$$btod_emul)
    __btod_mult_common                       0x0800481f   Thumb Code   580  btod.o(CL$$btod_mult_common)
    __ARM_fpclassify                         0x08004a63   Thumb Code    40  fpclassify.o(i.__ARM_fpclassify)
    _is_digit                                0x08004a8b   Thumb Code    14  __printf_wp.o(i._is_digit)
    _get_lc_numeric                          0x08004a99   Thumb Code    44  lc_numeric_c.o(locale$$code)
    _get_lc_ctype                            0x08004ac5   Thumb Code    44  lc_ctype_c.o(locale$$code)
    __fpl_dcmp_Inf                           0x08004af1   Thumb Code    24  dcmpi.o(x$fpl$dcmpinf)
    __aeabi_ddiv                             0x08004b09   Thumb Code     0  ddiv.o(x$fpl$ddiv)
    _ddiv                                    0x08004b09   Thumb Code   552  ddiv.o(x$fpl$ddiv)
    __aeabi_cdcmpeq                          0x08004db9   Thumb Code     0  deqf.o(x$fpl$deqf)
    _dcmpeq                                  0x08004db9   Thumb Code   120  deqf.o(x$fpl$deqf)
    __aeabi_cdcmpge                          0x08004e31   Thumb Code     0  dgeqf.o(x$fpl$dgeqf)
    _dcmpge                                  0x08004e31   Thumb Code   120  dgeqf.o(x$fpl$dgeqf)
    __aeabi_cdcmple                          0x08004ea9   Thumb Code     0  dleqf.o(x$fpl$dleqf)
    _dcmple                                  0x08004ea9   Thumb Code   120  dleqf.o(x$fpl$dleqf)
    __fpl_dcmple_InfNaN                      0x08004f0b   Thumb Code     0  dleqf.o(x$fpl$dleqf)
    __aeabi_dmul                             0x08004f21   Thumb Code     0  dmul.o(x$fpl$dmul)
    _dmul                                    0x08004f21   Thumb Code   332  dmul.o(x$fpl$dmul)
    __fpl_dnaninf                            0x08005075   Thumb Code   156  dnaninf.o(x$fpl$dnaninf)
    __fpl_dretinf                            0x08005111   Thumb Code    12  dretinf.o(x$fpl$dretinf)
    __aeabi_f2d                              0x0800511d   Thumb Code     0  f2d.o(x$fpl$f2d)
    _f2d                                     0x0800511d   Thumb Code    86  f2d.o(x$fpl$f2d)
    __aeabi_fadd                             0x08005175   Thumb Code     0  faddsub_clz.o(x$fpl$fadd)
    _fadd                                    0x08005175   Thumb Code   196  faddsub_clz.o(x$fpl$fadd)
    __aeabi_dcmpeq                           0x08005239   Thumb Code     0  dcmp.o(x$fpl$fcmp)
    _deq                                     0x08005239   Thumb Code    14  dcmp.o(x$fpl$fcmp)
    _dneq                                    0x08005247   Thumb Code    14  dcmp.o(x$fpl$fcmp)
    __aeabi_dcmpgt                           0x08005255   Thumb Code     0  dcmp.o(x$fpl$fcmp)
    _dgr                                     0x08005255   Thumb Code    14  dcmp.o(x$fpl$fcmp)
    __aeabi_dcmpge                           0x08005263   Thumb Code     0  dcmp.o(x$fpl$fcmp)
    _dgeq                                    0x08005263   Thumb Code    14  dcmp.o(x$fpl$fcmp)
    __aeabi_dcmple                           0x08005271   Thumb Code     0  dcmp.o(x$fpl$fcmp)
    _dleq                                    0x08005271   Thumb Code    14  dcmp.o(x$fpl$fcmp)
    __aeabi_dcmplt                           0x0800527f   Thumb Code     0  dcmp.o(x$fpl$fcmp)
    _dls                                     0x0800527f   Thumb Code    14  dcmp.o(x$fpl$fcmp)
    __aeabi_fcmpeq                           0x0800528d   Thumb Code     0  fcmp.o(x$fpl$fcmp)
    _feq                                     0x0800528d   Thumb Code    14  fcmp.o(x$fpl$fcmp)
    _fneq                                    0x0800529b   Thumb Code    14  fcmp.o(x$fpl$fcmp)
    __aeabi_fcmpgt                           0x080052a9   Thumb Code     0  fcmp.o(x$fpl$fcmp)
    _fgr                                     0x080052a9   Thumb Code    14  fcmp.o(x$fpl$fcmp)
    __aeabi_fcmpge                           0x080052b7   Thumb Code     0  fcmp.o(x$fpl$fcmp)
    _fgeq                                    0x080052b7   Thumb Code    14  fcmp.o(x$fpl$fcmp)
    __aeabi_fcmple                           0x080052c5   Thumb Code     0  fcmp.o(x$fpl$fcmp)
    _fleq                                    0x080052c5   Thumb Code    14  fcmp.o(x$fpl$fcmp)
    __aeabi_fcmplt                           0x080052d3   Thumb Code     0  fcmp.o(x$fpl$fcmp)
    _fls                                     0x080052d3   Thumb Code    14  fcmp.o(x$fpl$fcmp)
    __fpl_fcmp_Inf                           0x080052e1   Thumb Code    24  fcmpi.o(x$fpl$fcmpinf)
    __aeabi_fdiv                             0x080052f9   Thumb Code     0  fdiv.o(x$fpl$fdiv)
    _fdiv                                    0x080052f9   Thumb Code   384  fdiv.o(x$fpl$fdiv)
    __aeabi_cfcmpeq                          0x0800547d   Thumb Code     0  feqf.o(x$fpl$feqf)
    _fcmpeq                                  0x0800547d   Thumb Code   104  feqf.o(x$fpl$feqf)
    __aeabi_f2uiz                            0x080054e5   Thumb Code     0  ffixu.o(x$fpl$ffixu)
    _ffixu                                   0x080054e5   Thumb Code    62  ffixu.o(x$fpl$ffixu)
    __aeabi_ui2f                             0x08005525   Thumb Code     0  fflt_clz.o(x$fpl$ffltu)
    _ffltu                                   0x08005525   Thumb Code    38  fflt_clz.o(x$fpl$ffltu)
    _fcmpge                                  0x0800554d   Thumb Code   104  fgeqf.o(x$fpl$fgeqf)
    __aeabi_cfcmple                          0x080055b5   Thumb Code     0  fleqf.o(x$fpl$fleqf)
    _fcmple                                  0x080055b5   Thumb Code   104  fleqf.o(x$fpl$fleqf)
    __fpl_fcmple_InfNaN                      0x08005607   Thumb Code     0  fleqf.o(x$fpl$fleqf)
    __aeabi_fmul                             0x0800561d   Thumb Code     0  fmul.o(x$fpl$fmul)
    _fmul                                    0x0800561d   Thumb Code   258  fmul.o(x$fpl$fmul)
    __fpl_fnaninf                            0x0800571f   Thumb Code   140  fnaninf.o(x$fpl$fnaninf)
    __fpl_fretinf                            0x080057ab   Thumb Code    10  fretinf.o(x$fpl$fretinf)
    __aeabi_fsub                             0x080057b5   Thumb Code     0  faddsub_clz.o(x$fpl$fsub)
    _fsub                                    0x080057b5   Thumb Code   234  faddsub_clz.o(x$fpl$fsub)
    _printf_fp_dec                           0x0800589f   Thumb Code     4  printf1.o(x$fpl$printf1)
    _printf_fp_hex                           0x080058a3   Thumb Code     4  printf2.o(x$fpl$printf2)
    __I$use$fp                               0x080058a6   Number         0  usenofp.o(x$fpl$usenofp)
    gpio_button_init_once                    0x080059e0   Data          32  gpio.o(.rodata.gpio_button_init_once)
    menuTable                                0x08005a00   Data          48  menu.o(.rodata.menuTable)
    Region$$Table$$Base                      0x08005b04   Number         0  anon$$obj.o(Region$$Table)
    Region$$Table$$Limit                     0x08005b24   Number         0  anon$$obj.o(Region$$Table)
    __ctype                                  0x08005b4d   Data           0  lc_ctype_c.o(locale$$data)
    SystemCoreClock                          0x20000000   Data           4  system_stm32f10x.o(.data.SystemCoreClock)
    arrow_down                               0x20000004   Data           8  i2c2_lcd.o(.data.arrow_down)
    arrow_up                                 0x2000000c   Data           8  i2c2_lcd.o(.data.arrow_up)
    char_ohm                                 0x20000014   Data           8  i2c2_lcd.o(.data.char_ohm)
    mainMenu                                 0x2000001c   Data           8  menu.o(.data.mainMenu)
    measureMenu                              0x20000024   Data          12  menu.o(.data.measureMenu)
    measureSingleMenu                        0x20000030   Data          20  menu.o(.data.measureSingleMenu)
    pwm_inputs                               0x20000044   Data          60  pwm_input.o(.data.pwm_inputs)
    transmitMenu                             0x20000080   Data          16  menu.o(.data.transmitMenu)
    __libspace_start                         0x20000090   Data          96  libspace.o(.bss)
    __temporary_stack_top$libspace           0x200000f0   Data           0  libspace.o(.bss)
    __stdout                                 0x20000104   Data          84  usart1.o(.bss.__stdout)
    cap_state                                0x200001c0   Data           1  measure.o(.bss.cap_state)
    currentConfig                            0x200001c4   Data          16  flash.o(.bss.currentConfig)
    duty_step                                0x200001d6   Data           1  menu.o(.bss.duty_step)
    freq_step                                0x200001d8   Data           2  menu.o(.bss.freq_step)
    i2ic2_lcd_address                        0x200001e2   Data           1  i2c2_lcd.o(.bss.i2ic2_lcd_address)
    measure_cap_done                         0x200001e4   Data           1  measure.o(.bss.measure_cap_done)
    measured_capacitance                     0x200001e8   Data           4  measure.o(.bss.measured_capacitance)
    measured_duty                            0x200001ec   Data           4  measure.o(.bss.measured_duty)
    measured_frequency                       0x200001f0   Data           4  measure.o(.bss.measured_frequency)
    measured_resistor                        0x200001f4   Data           4  measure.o(.bss.measured_resistor)
    transmited_duty                          0x20000200   Data           2  transmit.o(.bss.transmited_duty)
    transmited_frequency                     0x20000204   Data           4  transmit.o(.bss.transmited_frequency)



==============================================================================

Memory Map of the image

  Image Entry point : 0x080000ed

  Load Region LR_IROM1 (Base: 0x08000000, Size: 0x00005ce0, Max: 0x00010000, ABSOLUTE)

    Execution Region ER_IROM1 (Exec base: 0x08000000, Load base: 0x08000000, Size: 0x00005c50, Max: 0x00010000, ABSOLUTE)

    Exec Addr    Load Addr    Size         Type   Attr      Idx    E Section Name        Object

    0x08000000   0x08000000   0x000000ec   Data   RO          981    RESET               startup_stm32f10x_md.o
    0x080000ec   0x080000ec   0x00000008   Code   RO         1066  * !!!main             c_w.l(__main.o)
    0x080000f4   0x080000f4   0x00000034   Code   RO         1437    !!!scatter          c_w.l(__scatter.o)
    0x08000128   0x08000128   0x0000001a   Code   RO         1439    !!handler_copy      c_w.l(__scatter_copy.o)
    0x08000142   0x08000142   0x00000002   PAD
    0x08000144   0x08000144   0x0000001c   Code   RO         1441    !!handler_zi        c_w.l(__scatter_zi.o)
    0x08000160   0x08000160   0x00000000   Code   RO         1051    .ARM.Collect$$_printf_percent$$00000000  c_w.l(_printf_percent.o)
    0x08000160   0x08000160   0x00000006   Code   RO         1161    .ARM.Collect$$_printf_percent$$00000001  c_w.l(_printf_n.o)
    0x08000166   0x08000166   0x00000006   Code   RO         1163    .ARM.Collect$$_printf_percent$$00000002  c_w.l(_printf_p.o)
    0x0800016c   0x0800016c   0x00000006   Code   RO         1050    .ARM.Collect$$_printf_percent$$00000003  c_w.l(_printf_f.o)
    0x08000172   0x08000172   0x00000006   Code   RO         1166    .ARM.Collect$$_printf_percent$$00000004  c_w.l(_printf_e.o)
    0x08000178   0x08000178   0x00000006   Code   RO         1167    .ARM.Collect$$_printf_percent$$00000005  c_w.l(_printf_g.o)
    0x0800017e   0x0800017e   0x00000006   Code   RO         1168    .ARM.Collect$$_printf_percent$$00000006  c_w.l(_printf_a.o)
    0x08000184   0x08000184   0x0000000a   Code   RO         1173    .ARM.Collect$$_printf_percent$$00000007  c_w.l(_printf_ll.o)
    0x0800018e   0x0800018e   0x00000006   Code   RO         1165    .ARM.Collect$$_printf_percent$$00000008  c_w.l(_printf_i.o)
    0x08000194   0x08000194   0x00000006   Code   RO         1048    .ARM.Collect$$_printf_percent$$00000009  c_w.l(_printf_d.o)
    0x0800019a   0x0800019a   0x00000006   Code   RO         1049    .ARM.Collect$$_printf_percent$$0000000A  c_w.l(_printf_u.o)
    0x080001a0   0x080001a0   0x00000006   Code   RO         1164    .ARM.Collect$$_printf_percent$$0000000B  c_w.l(_printf_o.o)
    0x080001a6   0x080001a6   0x00000006   Code   RO         1162    .ARM.Collect$$_printf_percent$$0000000C  c_w.l(_printf_x.o)
    0x080001ac   0x080001ac   0x00000006   Code   RO         1170    .ARM.Collect$$_printf_percent$$0000000D  c_w.l(_printf_lli.o)
    0x080001b2   0x080001b2   0x00000006   Code   RO         1171    .ARM.Collect$$_printf_percent$$0000000E  c_w.l(_printf_lld.o)
    0x080001b8   0x080001b8   0x00000006   Code   RO         1172    .ARM.Collect$$_printf_percent$$0000000F  c_w.l(_printf_llu.o)
    0x080001be   0x080001be   0x00000006   Code   RO         1177    .ARM.Collect$$_printf_percent$$00000010  c_w.l(_printf_llo.o)
    0x080001c4   0x080001c4   0x00000006   Code   RO         1178    .ARM.Collect$$_printf_percent$$00000011  c_w.l(_printf_llx.o)
    0x080001ca   0x080001ca   0x0000000a   Code   RO         1174    .ARM.Collect$$_printf_percent$$00000012  c_w.l(_printf_l.o)
    0x080001d4   0x080001d4   0x00000006   Code   RO         1046    .ARM.Collect$$_printf_percent$$00000013  c_w.l(_printf_c.o)
    0x080001da   0x080001da   0x00000006   Code   RO         1047    .ARM.Collect$$_printf_percent$$00000014  c_w.l(_printf_s.o)
    0x080001e0   0x080001e0   0x00000006   Code   RO         1175    .ARM.Collect$$_printf_percent$$00000015  c_w.l(_printf_lc.o)
    0x080001e6   0x080001e6   0x00000006   Code   RO         1176    .ARM.Collect$$_printf_percent$$00000016  c_w.l(_printf_ls.o)
    0x080001ec   0x080001ec   0x00000004   Code   RO         1169    .ARM.Collect$$_printf_percent$$00000017  c_w.l(_printf_percent_end.o)
    0x080001f0   0x080001f0   0x00000002   Code   RO         1299    .ARM.Collect$$libinit$$00000000  c_w.l(libinit.o)
    0x080001f2   0x080001f2   0x00000000   Code   RO         1301    .ARM.Collect$$libinit$$00000002  c_w.l(libinit2.o)
    0x080001f2   0x080001f2   0x00000000   Code   RO         1303    .ARM.Collect$$libinit$$00000004  c_w.l(libinit2.o)
    0x080001f2   0x080001f2   0x00000000   Code   RO         1306    .ARM.Collect$$libinit$$0000000A  c_w.l(libinit2.o)
    0x080001f2   0x080001f2   0x00000000   Code   RO         1308    .ARM.Collect$$libinit$$0000000C  c_w.l(libinit2.o)
    0x080001f2   0x080001f2   0x00000000   Code   RO         1310    .ARM.Collect$$libinit$$0000000E  c_w.l(libinit2.o)
    0x080001f2   0x080001f2   0x00000006   Code   RO         1311    .ARM.Collect$$libinit$$0000000F  c_w.l(libinit2.o)
    0x080001f8   0x080001f8   0x00000000   Code   RO         1313    .ARM.Collect$$libinit$$00000011  c_w.l(libinit2.o)
    0x080001f8   0x080001f8   0x0000000c   Code   RO         1314    .ARM.Collect$$libinit$$00000012  c_w.l(libinit2.o)
    0x08000204   0x08000204   0x00000000   Code   RO         1315    .ARM.Collect$$libinit$$00000013  c_w.l(libinit2.o)
    0x08000204   0x08000204   0x00000000   Code   RO         1317    .ARM.Collect$$libinit$$00000015  c_w.l(libinit2.o)
    0x08000204   0x08000204   0x0000000a   Code   RO         1318    .ARM.Collect$$libinit$$00000016  c_w.l(libinit2.o)
    0x0800020e   0x0800020e   0x00000000   Code   RO         1319    .ARM.Collect$$libinit$$00000017  c_w.l(libinit2.o)
    0x0800020e   0x0800020e   0x00000000   Code   RO         1321    .ARM.Collect$$libinit$$00000019  c_w.l(libinit2.o)
    0x0800020e   0x0800020e   0x00000000   Code   RO         1323    .ARM.Collect$$libinit$$0000001B  c_w.l(libinit2.o)
    0x0800020e   0x0800020e   0x00000000   Code   RO         1325    .ARM.Collect$$libinit$$0000001D  c_w.l(libinit2.o)
    0x0800020e   0x0800020e   0x00000000   Code   RO         1327    .ARM.Collect$$libinit$$0000001F  c_w.l(libinit2.o)
    0x0800020e   0x0800020e   0x00000000   Code   RO         1329    .ARM.Collect$$libinit$$00000021  c_w.l(libinit2.o)
    0x0800020e   0x0800020e   0x00000000   Code   RO         1331    .ARM.Collect$$libinit$$00000023  c_w.l(libinit2.o)
    0x0800020e   0x0800020e   0x00000000   Code   RO         1333    .ARM.Collect$$libinit$$00000025  c_w.l(libinit2.o)
    0x0800020e   0x0800020e   0x00000000   Code   RO         1337    .ARM.Collect$$libinit$$0000002C  c_w.l(libinit2.o)
    0x0800020e   0x0800020e   0x00000000   Code   RO         1339    .ARM.Collect$$libinit$$0000002E  c_w.l(libinit2.o)
    0x0800020e   0x0800020e   0x00000000   Code   RO         1341    .ARM.Collect$$libinit$$00000030  c_w.l(libinit2.o)
    0x0800020e   0x0800020e   0x00000000   Code   RO         1343    .ARM.Collect$$libinit$$00000032  c_w.l(libinit2.o)
    0x0800020e   0x0800020e   0x00000002   Code   RO         1344    .ARM.Collect$$libinit$$00000033  c_w.l(libinit2.o)
    0x08000210   0x08000210   0x00000002   Code   RO         1383    .ARM.Collect$$libshutdown$$00000000  c_w.l(libshutdown.o)
    0x08000212   0x08000212   0x00000000   Code   RO         1394    .ARM.Collect$$libshutdown$$00000002  c_w.l(libshutdown2.o)
    0x08000212   0x08000212   0x00000000   Code   RO         1396    .ARM.Collect$$libshutdown$$00000004  c_w.l(libshutdown2.o)
    0x08000212   0x08000212   0x00000000   Code   RO         1399    .ARM.Collect$$libshutdown$$00000007  c_w.l(libshutdown2.o)
    0x08000212   0x08000212   0x00000000   Code   RO         1402    .ARM.Collect$$libshutdown$$0000000A  c_w.l(libshutdown2.o)
    0x08000212   0x08000212   0x00000000   Code   RO         1404    .ARM.Collect$$libshutdown$$0000000C  c_w.l(libshutdown2.o)
    0x08000212   0x08000212   0x00000000   Code   RO         1407    .ARM.Collect$$libshutdown$$0000000F  c_w.l(libshutdown2.o)
    0x08000212   0x08000212   0x00000002   Code   RO         1408    .ARM.Collect$$libshutdown$$00000010  c_w.l(libshutdown2.o)
    0x08000214   0x08000214   0x00000000   Code   RO         1108    .ARM.Collect$$rtentry$$00000000  c_w.l(__rtentry.o)
    0x08000214   0x08000214   0x00000000   Code   RO         1209    .ARM.Collect$$rtentry$$00000002  c_w.l(__rtentry2.o)
    0x08000214   0x08000214   0x00000006   Code   RO         1221    .ARM.Collect$$rtentry$$00000004  c_w.l(__rtentry4.o)
    0x0800021a   0x0800021a   0x00000000   Code   RO         1211    .ARM.Collect$$rtentry$$00000009  c_w.l(__rtentry2.o)
    0x0800021a   0x0800021a   0x00000004   Code   RO         1212    .ARM.Collect$$rtentry$$0000000A  c_w.l(__rtentry2.o)
    0x0800021e   0x0800021e   0x00000000   Code   RO         1214    .ARM.Collect$$rtentry$$0000000C  c_w.l(__rtentry2.o)
    0x0800021e   0x0800021e   0x00000008   Code   RO         1215    .ARM.Collect$$rtentry$$0000000D  c_w.l(__rtentry2.o)
    0x08000226   0x08000226   0x00000002   Code   RO         1345    .ARM.Collect$$rtexit$$00000000  c_w.l(rtexit.o)
    0x08000228   0x08000228   0x00000000   Code   RO         1357    .ARM.Collect$$rtexit$$00000002  c_w.l(rtexit2.o)
    0x08000228   0x08000228   0x00000004   Code   RO         1358    .ARM.Collect$$rtexit$$00000003  c_w.l(rtexit2.o)
    0x0800022c   0x0800022c   0x00000006   Code   RO         1359    .ARM.Collect$$rtexit$$00000004  c_w.l(rtexit2.o)
    0x08000232   0x08000232   0x00000002   PAD
    0x08000234   0x08000234   0x00000040   Code   RO          982    .text               startup_stm32f10x_md.o
    0x08000274   0x08000274   0x00000034   Code   RO         1008    .text               c_w.l(vsnprintf.o)
    0x080002a8   0x080002a8   0x00000018   Code   RO         1010    .text               c_w.l(__2printf.o)
    0x080002c0   0x080002c0   0x00000038   Code   RO         1012    .text               c_w.l(__2snprintf.o)
    0x080002f8   0x080002f8   0x0000004e   Code   RO         1020    .text               c_w.l(_printf_pad.o)
    0x08000346   0x08000346   0x00000052   Code   RO         1022    .text               c_w.l(_printf_str.o)
    0x08000398   0x08000398   0x00000078   Code   RO         1024    .text               c_w.l(_printf_dec.o)
    0x08000410   0x08000410   0x00000188   Code   RO         1043    .text               c_w.l(__printf_flags_ss_wp.o)
    0x08000598   0x08000598   0x0000002c   Code   RO         1052    .text               c_w.l(puts.o)
    0x080005c4   0x080005c4   0x00000058   Code   RO         1054    .text               c_w.l(memcmp.o)
    0x0800061c   0x0800061c   0x0000003e   Code   RO         1056    .text               c_w.l(strlen.o)
    0x0800065a   0x0800065a   0x0000008a   Code   RO         1058    .text               c_w.l(rt_memcpy_v6.o)
    0x080006e4   0x080006e4   0x0000004e   Code   RO         1060    .text               c_w.l(rt_memclr_w.o)
    0x08000732   0x08000732   0x00000002   PAD
    0x08000734   0x08000734   0x00000080   Code   RO         1062    .text               c_w.l(strcmpv7m.o)
    0x080007b4   0x080007b4   0x00000006   Code   RO         1064    .text               c_w.l(heapauxi.o)
    0x080007ba   0x080007ba   0x00000024   Code   RO         1109    .text               c_w.l(_printf_truncate.o)
    0x080007de   0x080007de   0x000000b2   Code   RO         1111    .text               c_w.l(_printf_intcommon.o)
    0x08000890   0x08000890   0x00000028   Code   RO         1113    .text               c_w.l(_printf_charcount.o)
    0x080008b8   0x080008b8   0x0000041c   Code   RO         1115    .text               c_w.l(_printf_fp_dec.o)
    0x08000cd4   0x08000cd4   0x00000030   Code   RO         1119    .text               c_w.l(_printf_char_common.o)
    0x08000d04   0x08000d04   0x0000000a   Code   RO         1121    .text               c_w.l(_sputc.o)
    0x08000d0e   0x08000d0e   0x00000010   Code   RO         1123    .text               c_w.l(_snputc.o)
    0x08000d1e   0x08000d1e   0x0000002c   Code   RO         1125    .text               c_w.l(_printf_char.o)
    0x08000d4a   0x08000d4a   0x00000002   PAD
    0x08000d4c   0x08000d4c   0x00000024   Code   RO         1127    .text               c_w.l(_printf_char_file.o)
    0x08000d70   0x08000d70   0x000000bc   Code   RO         1129    .text               c_w.l(_printf_wctomb.o)
    0x08000e2c   0x08000e2c   0x0000007c   Code   RO         1132    .text               c_w.l(_printf_longlong_dec.o)
    0x08000ea8   0x08000ea8   0x00000070   Code   RO         1138    .text               c_w.l(_printf_oct_int_ll.o)
    0x08000f18   0x08000f18   0x00000094   Code   RO         1158    .text               c_w.l(_printf_hex_int_ll_ptr.o)
    0x08000fac   0x08000fac   0x00000064   Code   RO         1179    .text               c_w.l(rt_memcpy_w.o)
    0x08001010   0x08001010   0x00000008   Code   RO         1226    .text               c_w.l(rt_locale_intlibspace.o)
    0x08001018   0x08001018   0x0000008a   Code   RO         1228    .text               c_w.l(lludiv10.o)
    0x080010a2   0x080010a2   0x00000002   PAD
    0x080010a4   0x080010a4   0x000002fc   Code   RO         1230    .text               c_w.l(_printf_fp_hex.o)
    0x080013a0   0x080013a0   0x00000080   Code   RO         1233    .text               c_w.l(_printf_fp_infnan.o)
    0x08001420   0x08001420   0x0000002c   Code   RO         1237    .text               c_w.l(_printf_wchar.o)
    0x0800144c   0x0800144c   0x000000e4   Code   RO         1239    .text               c_w.l(bigflt0.o)
    0x08001530   0x08001530   0x00000008   Code   RO         1266    .text               c_w.l(ferror.o)
    0x08001538   0x08001538   0x00000048   Code   RO         1270    .text               c_w.l(_c16rtomb.o)
    0x08001580   0x08001580   0x00000008   Code   RO         1283    .text               c_w.l(libspace.o)
    0x08001588   0x08001588   0x0000004a   Code   RO         1286    .text               c_w.l(sys_stackheap_outer.o)
    0x080015d2   0x080015d2   0x00000002   PAD
    0x080015d4   0x080015d4   0x00000010   Code   RO         1288    .text               c_w.l(rt_ctype_table.o)
    0x080015e4   0x080015e4   0x00000012   Code   RO         1292    .text               c_w.l(exit.o)
    0x080015f6   0x080015f6   0x00000002   PAD
    0x080015f8   0x080015f8   0x0000000c   Code   RO         1369    .text               c_w.l(sys_exit.o)
    0x08001604   0x08001604   0x00000002   Code   RO         1384    .text               c_w.l(use_no_semi.o)
    0x08001606   0x08001606   0x00000000   Code   RO         1386    .text               c_w.l(indicate_semi.o)
    0x08001606   0x08001606   0x00000002   PAD
    0x08001608   0x08001608   0x00000012   Code   RO          394    .text.ADC_Cmd       stm32f10x_adc.o
    0x0800161a   0x0800161a   0x00000002   PAD
    0x0800161c   0x0800161c   0x00000008   Code   RO          406    .text.ADC_GetCalibrationStatus  stm32f10x_adc.o
    0x08001624   0x08001624   0x00000006   Code   RO          420    .text.ADC_GetConversionValue  stm32f10x_adc.o
    0x0800162a   0x0800162a   0x00000002   PAD
    0x0800162c   0x0800162c   0x0000000a   Code   RO          452    .text.ADC_GetFlagStatus  stm32f10x_adc.o
    0x08001636   0x08001636   0x00000002   PAD
    0x08001638   0x08001638   0x00000008   Code   RO          402    .text.ADC_GetResetCalibrationStatus  stm32f10x_adc.o
    0x08001640   0x08001640   0x00000054   Code   RO          390    .text.ADC_Init      stm32f10x_adc.o
    0x08001694   0x08001694   0x00000062   Code   RO          416    .text.ADC_RegularChannelConfig  stm32f10x_adc.o
    0x080016f6   0x080016f6   0x00000002   PAD
    0x080016f8   0x080016f8   0x0000000a   Code   RO          400    .text.ADC_ResetCalibration  stm32f10x_adc.o
    0x08001702   0x08001702   0x00000002   PAD
    0x08001704   0x08001704   0x00000012   Code   RO          408    .text.ADC_SoftwareStartConvCmd  stm32f10x_adc.o
    0x08001716   0x08001716   0x00000002   PAD
    0x08001718   0x08001718   0x0000000a   Code   RO          404    .text.ADC_StartCalibration  stm32f10x_adc.o
    0x08001722   0x08001722   0x00000002   PAD
    0x08001724   0x08001724   0x000000c6   Code   RO            4    .text.Adc_Config    adc.o
    0x080017ea   0x080017ea   0x00000002   PAD
    0x080017ec   0x080017ec   0x00000028   Code   RO            6    .text.Adc_Disable   adc.o
    0x08001814   0x08001814   0x00000028   Code   RO            8    .text.Adc_Enable    adc.o
    0x0800183c   0x0800183c   0x0000001a   Code   RO            2    .text.Adc_Init      adc.o
    0x08001856   0x08001856   0x00000002   PAD
    0x08001858   0x08001858   0x00000058   Code   RO           10    .text.Adc_Read_Channel  adc.o
    0x080018b0   0x080018b0   0x00000054   Code   RO           23    .text.App_Init      app.o
    0x08001904   0x08001904   0x000000bc   Code   RO           25    .text.App_Logic     app.o
    0x080019c0   0x080019c0   0x00000012   Code   RO          229    .text.Clamp_Update  menu.o
    0x080019d2   0x080019d2   0x00000002   PAD
    0x080019d4   0x080019d4   0x00000016   Code   RO          312    .text.Delay_Ms      systick.o
    0x080019ea   0x080019ea   0x00000002   PAD
    0x080019ec   0x080019ec   0x000000c4   Code   RO          329    .text.FindOptimalPWM  transmit.o
    0x08001ab0   0x08001ab0   0x00000036   Code   RO           38    .text.Flash_Erase_Page  flash.o
    0x08001ae6   0x08001ae6   0x00000002   PAD
    0x08001ae8   0x08001ae8   0x00000052   Code   RO           44    .text.Flash_Init    flash.o
    0x08001b3a   0x08001b3a   0x00000002   PAD
    0x08001b3c   0x08001b3c   0x00000012   Code   RO           36    .text.Flash_Lock    flash.o
    0x08001b4e   0x08001b4e   0x00000002   PAD
    0x08001b50   0x08001b50   0x0000008e   Code   RO           42    .text.Flash_Read_Config  flash.o
    0x08001bde   0x08001bde   0x00000002   PAD
    0x08001be0   0x08001be0   0x00000084   Code   RO           46    .text.Flash_Save    flash.o
    0x08001c64   0x08001c64   0x0000001e   Code   RO           34    .text.Flash_Unlock  flash.o
    0x08001c82   0x08001c82   0x00000002   PAD
    0x08001c84   0x08001c84   0x000000bc   Code   RO           40    .text.Flash_Write_Config  flash.o
    0x08001d40   0x08001d40   0x000000b0   Code   RO          536    .text.GPIO_Init     stm32f10x_gpio.o
    0x08001df0   0x08001df0   0x0000000a   Code   RO          540    .text.GPIO_ReadInputDataBit  stm32f10x_gpio.o
    0x08001dfa   0x08001dfa   0x00000002   PAD
    0x08001dfc   0x08001dfc   0x00000004   Code   RO          550    .text.GPIO_ResetBits  stm32f10x_gpio.o
    0x08001e00   0x08001e00   0x00000004   Code   RO          548    .text.GPIO_SetBits  stm32f10x_gpio.o
    0x08001e04   0x08001e04   0x00000038   Code   RO           74    .text.Gpio_Button_Disable  gpio.o
    0x08001e3c   0x08001e3c   0x00000038   Code   RO           72    .text.Gpio_Button_Enable  gpio.o
    0x08001e74   0x08001e74   0x0000003c   Code   RO           60    .text.Gpio_Button_Init_All  gpio.o
    0x08001eb0   0x08001eb0   0x0000001a   Code   RO           62    .text.Gpio_Button_Init_Once  gpio.o
    0x08001eca   0x08001eca   0x00000002   PAD
    0x08001ecc   0x08001ecc   0x00000024   Code   RO           76    .text.Gpio_Button_Is_Enabled  gpio.o
    0x08001ef0   0x08001ef0   0x00000024   Code   RO           78    .text.Gpio_Button_Is_Pressed_Once  gpio.o
    0x08001f14   0x08001f14   0x00000014   Code   RO           68    .text.Gpio_Button_Reset_Once  gpio.o
    0x08001f28   0x08001f28   0x00000028   Code   RO           64    .text.Gpio_Button_Update_All  gpio.o
    0x08001f50   0x08001f50   0x0000009a   Code   RO           66    .text.Gpio_Button_Update_Once  gpio.o
    0x08001fea   0x08001fea   0x00000002   PAD
    0x08001fec   0x08001fec   0x00000058   Code   RO           58    .text.Gpio_Init_Pin  gpio.o
    0x08002044   0x08002044   0x00000030   Code   RO          207    .text.Handle_Adjustment_Exit  menu.o
    0x08002074   0x08002074   0x00000050   Code   RO          277    .text.Handle_Capture_Interrupt  pwm_input.o
    0x080020c4   0x080020c4   0x00000022   Code   RO          197    .text.Handle_Main_Menu  menu.o
    0x080020e6   0x080020e6   0x00000002   PAD
    0x080020e8   0x080020e8   0x000000a8   Code   RO          203    .text.Handle_Measure_All_Mode  menu.o
    0x08002190   0x08002190   0x0000004c   Code   RO          209    .text.Handle_Measure_Exit  menu.o
    0x080021dc   0x080021dc   0x00000060   Code   RO          199    .text.Handle_Measure_Menu  menu.o
    0x0800223c   0x0800223c   0x000000d0   Code   RO          201    .text.Handle_Measure_Single_Menu  menu.o
    0x0800230c   0x0800230c   0x000000a6   Code   RO          205    .text.Handle_Transmit_Menu  menu.o
    0x080023b2   0x080023b2   0x00000002   PAD
    0x080023b4   0x080023b4   0x00000078   Code   RO          195    .text.Handle_Transmit_Settings  menu.o
    0x0800242c   0x0800242c   0x00000010   Code   RO          117    .text.I2C2_LCD_Clear  i2c2_lcd.o
    0x0800243c   0x0800243c   0x0000003a   Code   RO          101    .text.I2C2_LCD_Control_Write  i2c2_lcd.o
    0x08002476   0x08002476   0x00000002   PAD
    0x08002478   0x08002478   0x00000028   Code   RO          125    .text.I2C2_LCD_Create_Char  i2c2_lcd.o
    0x080024a0   0x080024a0   0x0000003e   Code   RO          111    .text.I2C2_LCD_Data_Write  i2c2_lcd.o
    0x080024de   0x080024de   0x00000002   PAD
    0x080024e0   0x080024e0   0x000000f4   Code   RO           99    .text.I2C2_LCD_Init  i2c2_lcd.o
    0x080025d4   0x080025d4   0x0000002e   Code   RO          103    .text.I2C2_LCD_Load_Icons  i2c2_lcd.o
    0x08002602   0x08002602   0x00000002   PAD
    0x08002604   0x08002604   0x00000008   Code   RO          113    .text.I2C2_LCD_Send_Char  i2c2_lcd.o
    0x0800260c   0x0800260c   0x0000001c   Code   RO          115    .text.I2C2_LCD_Send_String  i2c2_lcd.o
    0x08002628   0x08002628   0x00000018   Code   RO          119    .text.I2C2_LCD_Set_Cursor  i2c2_lcd.o
    0x08002640   0x08002640   0x00000022   Code   RO          109    .text.I2C2_LCD_Write_byte  i2c2_lcd.o
    0x08002662   0x08002662   0x00000002   PAD
    0x08002664   0x08002664   0x00000138   Code   RO           93    .text.I2C2_Scan_Address  i2c2_lcd.o
    0x0800279c   0x0800279c   0x0000001c   Code   RO          107    .text.I2C2_Send_Address  i2c2_lcd.o
    0x080027b8   0x080027b8   0x00000022   Code   RO          105    .text.I2C2_Send_Data  i2c2_lcd.o
    0x080027da   0x080027da   0x00000002   PAD
    0x080027dc   0x080027dc   0x00000018   Code   RO           95    .text.I2C2_Send_Start  i2c2_lcd.o
    0x080027f4   0x080027f4   0x00000012   Code   RO           97    .text.I2C2_Send_Stop  i2c2_lcd.o
    0x08002806   0x08002806   0x00000002   PAD
    0x08002808   0x08002808   0x00000158   Code   RO          157    .text.Measure_Capacitor  measure.o
    0x08002960   0x08002960   0x0000000e   Code   RO          155    .text.Measure_Capacitor_Start  measure.o
    0x0800296e   0x0800296e   0x00000002   PAD
    0x08002970   0x08002970   0x00000034   Code   RO          153    .text.Measure_Charge_Pin_DeInit  measure.o
    0x080029a4   0x080029a4   0x0000003c   Code   RO          151    .text.Measure_Charge_Pin_Init  measure.o
    0x080029e0   0x080029e0   0x00000092   Code   RO          161    .text.Measure_Freq_Duty  measure.o
    0x08002a72   0x08002a72   0x00000002   PAD
    0x08002a74   0x08002a74   0x0000002c   Code   RO          159    .text.Measure_Freq_Duty_Apdative  measure.o
    0x08002aa0   0x08002aa0   0x00000084   Code   RO          149    .text.Measure_Resistor  measure.o
    0x08002b24   0x08002b24   0x00000040   Code   RO          185    .text.Menu_Change   menu.o
    0x08002b64   0x08002b64   0x00000008   Code   RO          223    .text.Menu_Clear    menu.o
    0x08002b6c   0x08002b6c   0x000000c4   Code   RO          225    .text.Menu_Display_General  menu.o
    0x08002c30   0x08002c30   0x00000040   Code   RO          183    .text.Menu_Display_Project_Title  menu.o
    0x08002c70   0x08002c70   0x00000014   Code   RO          237    .text.Menu_Display_Title  menu.o
    0x08002c84   0x08002c84   0x00000298   Code   RO          241    .text.Menu_Format_Value_Unit  menu.o
    0x08002f1c   0x08002f1c   0x0000000a   Code   RO          191    .text.Menu_Handle_Down  menu.o
    0x08002f26   0x08002f26   0x00000002   PAD
    0x08002f28   0x08002f28   0x00000154   Code   RO          189    .text.Menu_Handle_Navigation  menu.o
    0x0800307c   0x0800307c   0x0000006c   Code   RO          193    .text.Menu_Handle_Select  menu.o
    0x080030e8   0x080030e8   0x0000000a   Code   RO          187    .text.Menu_Handle_Up  menu.o
    0x080030f2   0x080030f2   0x00000002   PAD
    0x080030f4   0x080030f4   0x00000018   Code   RO          181    .text.Menu_Init     menu.o
    0x0800310c   0x0800310c   0x00000020   Code   RO          239    .text.Menu_Measure_Display_Value  menu.o
    0x0800312c   0x0800312c   0x00000014   Code   RO          227    .text.Menu_Print_Char  menu.o
    0x08003140   0x08003140   0x00000034   Code   RO          179    .text.Menu_Print_String  menu.o
    0x08003174   0x08003174   0x00000018   Code   RO          235    .text.Menu_Static   menu.o
    0x0800318c   0x0800318c   0x0000006c   Code   RO          231    .text.Menu_Transmit_Display_Parameter_Update  menu.o
    0x080031f8   0x080031f8   0x00000070   Code   RO          233    .text.Menu_Transmit_Display_Step_Update  menu.o
    0x08003268   0x08003268   0x00000054   Code   RO          213    .text.Menu_Update_Measure  menu.o
    0x080032bc   0x080032bc   0x0000005e   Code   RO          372    .text.NVIC_Init     misc.o
    0x0800331a   0x0800331a   0x00000002   PAD
    0x0800331c   0x0800331c   0x00000054   Code   RO          271    .text.Pwm_Input_Disable  pwm_input.o
    0x08003370   0x08003370   0x00000054   Code   RO          273    .text.Pwm_Input_Enable  pwm_input.o
    0x080033c4   0x080033c4   0x00000066   Code   RO          267    .text.Pwm_Input_Init  pwm_input.o
    0x0800342a   0x0800342a   0x00000002   PAD
    0x0800342c   0x0800342c   0x0000002c   Code   RO          297    .text.Pwm_Output_Disable  pwm_output.o
    0x08003458   0x08003458   0x00000028   Code   RO          299    .text.Pwm_Output_Enable  pwm_output.o
    0x08003480   0x08003480   0x00000070   Code   RO          295    .text.Pwm_Output_Init  pwm_output.o
    0x080034f0   0x080034f0   0x0000012a   Code   RO          269    .text.Pwm_TIMx_Input_Init  pwm_input.o
    0x0800361a   0x0800361a   0x00000002   PAD
    0x0800361c   0x0800361c   0x00000018   Code   RO          696    .text.RCC_APB1PeriphClockCmd  stm32f10x_rcc.o
    0x08003634   0x08003634   0x00000018   Code   RO          694    .text.RCC_APB2PeriphClockCmd  stm32f10x_rcc.o
    0x0800364c   0x0800364c   0x000000a0   Code   RO          690    .text.RCC_GetClocksFreq  stm32f10x_rcc.o
    0x080036ec   0x080036ec   0x000000aa   Code   RO          211    .text.Render_Current_Menu  menu.o
    0x08003796   0x08003796   0x00000002   PAD
    0x08003798   0x08003798   0x00000008   Code   RO          991    .text.SetSysClock   system_stm32f10x.o
    0x080037a0   0x080037a0   0x000000be   Code   RO          995    .text.SetSysClockTo72  system_stm32f10x.o
    0x0800385e   0x0800385e   0x00000002   PAD
    0x08003860   0x08003860   0x00000024   Code   RO          310    .text.SysTick_Config  systick.o
    0x08003884   0x08003884   0x0000000c   Code   RO          314    .text.SysTick_Get_Tick  systick.o
    0x08003890   0x08003890   0x00000010   Code   RO          316    .text.SysTick_Handler  systick.o
    0x080038a0   0x080038a0   0x00000020   Code   RO          308    .text.SysTick_Init  systick.o
    0x080038c0   0x080038c0   0x00000056   Code   RO          989    .text.SystemInit    system_stm32f10x.o
    0x08003916   0x08003916   0x00000002   PAD
    0x08003918   0x08003918   0x00000084   Code   RO          738    .text.TI1_Config    stm32f10x_tim.o
    0x0800399c   0x0800399c   0x00000090   Code   RO          742    .text.TI2_Config    stm32f10x_tim.o
    0x08003a2c   0x08003a2c   0x0000008a   Code   RO          746    .text.TI3_Config    stm32f10x_tim.o
    0x08003ab6   0x08003ab6   0x00000002   PAD
    0x08003ab8   0x08003ab8   0x00000094   Code   RO          750    .text.TI4_Config    stm32f10x_tim.o
    0x08003b4c   0x08003b4c   0x00000018   Code   RO          275    .text.TIM1_CC_IRQHandler  pwm_input.o
    0x08003b64   0x08003b64   0x0000001c   Code   RO          279    .text.TIM3_IRQHandler  pwm_input.o
    0x08003b80   0x08003b80   0x0000001c   Code   RO          281    .text.TIM4_IRQHandler  pwm_input.o
    0x08003b9c   0x08003b9c   0x00000012   Code   RO          806    .text.TIM_ARRPreloadConfig  stm32f10x_tim.o
    0x08003bae   0x08003bae   0x00000002   PAD
    0x08003bb0   0x08003bb0   0x00000028   Code   RO          756    .text.TIM_BDTRConfig  stm32f10x_tim.o
    0x08003bd8   0x08003bd8   0x0000000c   Code   RO          764    .text.TIM_BDTRStructInit  stm32f10x_tim.o
    0x08003be4   0x08003be4   0x00000006   Code   RO          904    .text.TIM_ClearITPendingBit  stm32f10x_tim.o
    0x08003bea   0x08003bea   0x00000002   PAD
    0x08003bec   0x08003bec   0x00000012   Code   RO          766    .text.TIM_Cmd       stm32f10x_tim.o
    0x08003bfe   0x08003bfe   0x00000002   PAD
    0x08003c00   0x08003c00   0x00000018   Code   RO          768    .text.TIM_CtrlPWMOutputs  stm32f10x_tim.o
    0x08003c18   0x08003c18   0x00000004   Code   RO          886    .text.TIM_GetCapture1  stm32f10x_tim.o
    0x08003c1c   0x08003c1c   0x00000004   Code   RO          888    .text.TIM_GetCapture2  stm32f10x_tim.o
    0x08003c20   0x08003c20   0x00000014   Code   RO          902    .text.TIM_GetITStatus  stm32f10x_tim.o
    0x08003c34   0x08003c34   0x00000062   Code   RO          736    .text.TIM_ICInit    stm32f10x_tim.o
    0x08003c96   0x08003c96   0x00000002   PAD
    0x08003c98   0x08003c98   0x00000010   Code   RO          770    .text.TIM_ITConfig  stm32f10x_tim.o
    0x08003ca8   0x08003ca8   0x0000007a   Code   RO          730    .text.TIM_OC2Init   stm32f10x_tim.o
    0x08003d22   0x08003d22   0x00000002   PAD
    0x08003d24   0x08003d24   0x0000000e   Code   RO          816    .text.TIM_OC2PreloadConfig  stm32f10x_tim.o
    0x08003d32   0x08003d32   0x00000002   PAD
    0x08003d34   0x08003d34   0x00000006   Code   RO          792    .text.TIM_PrescalerConfig  stm32f10x_tim.o
    0x08003d3a   0x08003d3a   0x00000002   PAD
    0x08003d3c   0x08003d3c   0x0000000c   Code   RO          782    .text.TIM_SelectInputTrigger  stm32f10x_tim.o
    0x08003d48   0x08003d48   0x00000010   Code   RO          870    .text.TIM_SelectMasterSlaveMode  stm32f10x_tim.o
    0x08003d58   0x08003d58   0x00000010   Code   RO          868    .text.TIM_SelectSlaveMode  stm32f10x_tim.o
    0x08003d68   0x08003d68   0x00000004   Code   RO          874    .text.TIM_SetAutoreload  stm32f10x_tim.o
    0x08003d6c   0x08003d6c   0x00000004   Code   RO          878    .text.TIM_SetCompare2  stm32f10x_tim.o
    0x08003d70   0x08003d70   0x00000010   Code   RO          740    .text.TIM_SetIC1Prescaler  stm32f10x_tim.o
    0x08003d80   0x08003d80   0x00000012   Code   RO          744    .text.TIM_SetIC2Prescaler  stm32f10x_tim.o
    0x08003d92   0x08003d92   0x00000002   PAD
    0x08003d94   0x08003d94   0x00000010   Code   RO          748    .text.TIM_SetIC3Prescaler  stm32f10x_tim.o
    0x08003da4   0x08003da4   0x00000012   Code   RO          752    .text.TIM_SetIC4Prescaler  stm32f10x_tim.o
    0x08003db6   0x08003db6   0x00000002   PAD
    0x08003db8   0x08003db8   0x000000aa   Code   RO          726    .text.TIM_TimeBaseInit  stm32f10x_tim.o
    0x08003e62   0x08003e62   0x00000002   PAD
    0x08003e64   0x08003e64   0x0000007c   Code   RO          331    .text.Transmit_Freq_Duty  transmit.o
    0x08003ee0   0x08003ee0   0x00000076   Code   RO          356    .text.USART1_IRQHandler  usart1.o
    0x08003f56   0x08003f56   0x00000002   PAD
    0x08003f58   0x08003f58   0x00000012   Code   RO          924    .text.USART_Cmd     stm32f10x_usart.o
    0x08003f6a   0x08003f6a   0x00000002   PAD
    0x08003f6c   0x08003f6c   0x0000000a   Code   RO          964    .text.USART_GetFlagStatus  stm32f10x_usart.o
    0x08003f76   0x08003f76   0x00000002   PAD
    0x08003f78   0x08003f78   0x0000003a   Code   RO          968    .text.USART_GetITStatus  stm32f10x_usart.o
    0x08003fb2   0x08003fb2   0x00000002   PAD
    0x08003fb4   0x08003fb4   0x0000002e   Code   RO          926    .text.USART_ITConfig  stm32f10x_usart.o
    0x08003fe2   0x08003fe2   0x00000002   PAD
    0x08003fe4   0x08003fe4   0x000000b2   Code   RO          916    .text.USART_Init    stm32f10x_usart.o
    0x08004096   0x08004096   0x00000002   PAD
    0x08004098   0x08004098   0x00000008   Code   RO          942    .text.USART_ReceiveData  stm32f10x_usart.o
    0x080040a0   0x080040a0   0x00000008   Code   RO          940    .text.USART_SendData  stm32f10x_usart.o
    0x080040a8   0x080040a8   0x00000032   Code   RO          217    .text.Update_Capacitor  menu.o
    0x080040da   0x080040da   0x00000002   PAD
    0x080040dc   0x080040dc   0x0000003a   Code   RO          221    .text.Update_Duty   menu.o
    0x08004116   0x08004116   0x00000002   PAD
    0x08004118   0x08004118   0x0000003a   Code   RO          219    .text.Update_Frequency  menu.o
    0x08004152   0x08004152   0x00000002   PAD
    0x08004154   0x08004154   0x0000003a   Code   RO          215    .text.Update_Resistor  menu.o
    0x0800418e   0x0800418e   0x00000002   PAD
    0x08004190   0x08004190   0x00000076   Code   RO          344    .text.Usart1_Init   usart1.o
    0x08004206   0x08004206   0x00000002   PAD
    0x08004208   0x08004208   0x00000022   Code   RO          348    .text.Usart1_Send_Char  usart1.o
    0x0800422a   0x0800422a   0x00000002   PAD
    0x0800422c   0x0800422c   0x0000002c   Code   RO          352    .text.Usart1_Send_Format  usart1.o
    0x08004258   0x08004258   0x00000020   Code   RO          350    .text.Usart1_Send_String  usart1.o
    0x08004278   0x08004278   0x00000020   Code   RO          283    .text.__NVIC_EnableIRQ  pwm_input.o
    0x08004298   0x08004298   0x0000000e   Code   RO          346    .text.__NVIC_EnableIRQ  usart1.o
    0x080042a6   0x080042a6   0x00000002   PAD
    0x080042a8   0x080042a8   0x0000000e   Code   RO          318    .text.__NVIC_SetPriority  systick.o
    0x080042b6   0x080042b6   0x00000002   PAD
    0x080042b8   0x080042b8   0x0000000e   Code   RO          354    .text.fputc         usart1.o
    0x080042c6   0x080042c6   0x00000002   PAD
    0x080042c8   0x080042c8   0x0000000a   Code   RO          140    .text.main          main.o
    0x080042d2   0x080042d2   0x0000003e   Code   RO         1242    CL$$btod_d2e        c_w.l(btod.o)
    0x08004310   0x08004310   0x00000046   Code   RO         1244    CL$$btod_d2e_denorm_low  c_w.l(btod.o)
    0x08004356   0x08004356   0x00000060   Code   RO         1243    CL$$btod_d2e_norm_op1  c_w.l(btod.o)
    0x080043b6   0x080043b6   0x00000338   Code   RO         1252    CL$$btod_div_common  c_w.l(btod.o)
    0x080046ee   0x080046ee   0x000000dc   Code   RO         1249    CL$$btod_e2e        c_w.l(btod.o)
    0x080047ca   0x080047ca   0x0000002a   Code   RO         1246    CL$$btod_ediv       c_w.l(btod.o)
    0x080047f4   0x080047f4   0x0000002a   Code   RO         1245    CL$$btod_emul       c_w.l(btod.o)
    0x0800481e   0x0800481e   0x00000244   Code   RO         1251    CL$$btod_mult_common  c_w.l(btod.o)
    0x08004a62   0x08004a62   0x00000028   Code   RO         1281    i.__ARM_fpclassify  m_ws.l(fpclassify.o)
    0x08004a8a   0x08004a8a   0x0000000e   Code   RO         1036    i._is_digit         c_w.l(__printf_wp.o)
    0x08004a98   0x08004a98   0x0000002c   Code   RO         1273    locale$$code        c_w.l(lc_numeric_c.o)
    0x08004ac4   0x08004ac4   0x0000002c   Code   RO         1350    locale$$code        c_w.l(lc_ctype_c.o)
    0x08004af0   0x08004af0   0x00000018   Code   RO         1275    x$fpl$dcmpinf       fz_ws.l(dcmpi.o)
    0x08004b08   0x08004b08   0x000002b0   Code   RO         1071    x$fpl$ddiv          fz_ws.l(ddiv.o)
    0x08004db8   0x08004db8   0x00000078   Code   RO         1181    x$fpl$deqf          fz_ws.l(deqf.o)
    0x08004e30   0x08004e30   0x00000078   Code   RO         1183    x$fpl$dgeqf         fz_ws.l(dgeqf.o)
    0x08004ea8   0x08004ea8   0x00000078   Code   RO         1185    x$fpl$dleqf         fz_ws.l(dleqf.o)
    0x08004f20   0x08004f20   0x00000154   Code   RO         1074    x$fpl$dmul          fz_ws.l(dmul.o)
    0x08005074   0x08005074   0x0000009c   Code   RO         1187    x$fpl$dnaninf       fz_ws.l(dnaninf.o)
    0x08005110   0x08005110   0x0000000c   Code   RO         1189    x$fpl$dretinf       fz_ws.l(dretinf.o)
    0x0800511c   0x0800511c   0x00000056   Code   RO         1076    x$fpl$f2d           fz_ws.l(f2d.o)
    0x08005172   0x08005172   0x00000002   PAD
    0x08005174   0x08005174   0x000000c4   Code   RO         1078    x$fpl$fadd          fz_ws.l(faddsub_clz.o)
    0x08005238   0x08005238   0x00000054   Code   RO         1068    x$fpl$fcmp          fz_ws.l(dcmp.o)
    0x0800528c   0x0800528c   0x00000054   Code   RO         1084    x$fpl$fcmp          fz_ws.l(fcmp.o)
    0x080052e0   0x080052e0   0x00000018   Code   RO         1277    x$fpl$fcmpinf       fz_ws.l(fcmpi.o)
    0x080052f8   0x080052f8   0x00000184   Code   RO         1087    x$fpl$fdiv          fz_ws.l(fdiv.o)
    0x0800547c   0x0800547c   0x00000068   Code   RO         1191    x$fpl$feqf          fz_ws.l(feqf.o)
    0x080054e4   0x080054e4   0x0000003e   Code   RO         1094    x$fpl$ffixu         fz_ws.l(ffixu.o)
    0x08005522   0x08005522   0x00000002   PAD
    0x08005524   0x08005524   0x00000026   Code   RO         1098    x$fpl$ffltu         fz_ws.l(fflt_clz.o)
    0x0800554a   0x0800554a   0x00000002   PAD
    0x0800554c   0x0800554c   0x00000068   Code   RO         1193    x$fpl$fgeqf         fz_ws.l(fgeqf.o)
    0x080055b4   0x080055b4   0x00000068   Code   RO         1195    x$fpl$fleqf         fz_ws.l(fleqf.o)
    0x0800561c   0x0800561c   0x00000102   Code   RO         1104    x$fpl$fmul          fz_ws.l(fmul.o)
    0x0800571e   0x0800571e   0x0000008c   Code   RO         1197    x$fpl$fnaninf       fz_ws.l(fnaninf.o)
    0x080057aa   0x080057aa   0x0000000a   Code   RO         1199    x$fpl$fretinf       fz_ws.l(fretinf.o)
    0x080057b4   0x080057b4   0x000000ea   Code   RO         1080    x$fpl$fsub          fz_ws.l(faddsub_clz.o)
    0x0800589e   0x0800589e   0x00000004   Code   RO         1106    x$fpl$printf1       fz_ws.l(printf1.o)
    0x080058a2   0x080058a2   0x00000004   Code   RO         1201    x$fpl$printf2       fz_ws.l(printf2.o)
    0x080058a6   0x080058a6   0x00000000   Code   RO         1207    x$fpl$usenofp       fz_ws.l(usenofp.o)
    0x080058a6   0x080058a6   0x00000011   Data   RO         1044    .constdata          c_w.l(__printf_flags_ss_wp.o)
    0x080058b7   0x080058b7   0x00000001   PAD
    0x080058b8   0x080058b8   0x00000008   Data   RO         1130    .constdata          c_w.l(_printf_wctomb.o)
    0x080058c0   0x080058c0   0x00000028   Data   RO         1159    .constdata          c_w.l(_printf_hex_int_ll_ptr.o)
    0x080058e8   0x080058e8   0x00000026   Data   RO         1231    .constdata          c_w.l(_printf_fp_hex.o)
    0x0800590e   0x0800590e   0x00000002   PAD
    0x08005910   0x08005910   0x00000094   Data   RO         1240    .constdata          c_w.l(bigflt0.o)
    0x080059a4   0x080059a4   0x0000000c   Data   RO          335    .rodata..L__const.FindOptimalPWM.config  transmit.o
    0x080059b0   0x080059b0   0x0000000a   Data   RO          286    .rodata..L__const.Pwm_TIMx_Input_Init.IC_InitStructure  pwm_input.o
    0x080059ba   0x080059ba   0x00000004   Data   RO          715    .rodata.ADCPrescTable  stm32f10x_rcc.o
    0x080059be   0x080059be   0x00000010   Data   RO          714    .rodata.APBAHBPrescTable  stm32f10x_rcc.o
    0x080059ce   0x080059ce   0x00000002   Data   RO           12    .rodata.adc_channel_map  adc.o
    0x080059d0   0x080059d0   0x00000010   Data   RO           48    .rodata.cst16       flash.o
    0x080059e0   0x080059e0   0x00000020   Data   RO           80    .rodata.gpio_button_init_once  gpio.o
    0x08005a00   0x08005a00   0x00000030   Data   RO          250    .rodata.menuTable   menu.o
    0x08005a30   0x08005a30   0x0000001b   Data   RO           84    .rodata.str1.1      gpio.o
    0x08005a4b   0x08005a4b   0x00000005   Data   RO          130    .rodata.str1.1      i2c2_lcd.o
    0x08005a50   0x08005a50   0x000000b2   Data   RO          245    .rodata.str1.1      menu.o
    0x08005b02   0x08005b02   0x00000002   PAD
    0x08005b04   0x08005b04   0x00000020   Data   RO         1436    Region$$Table       anon$$obj.o
    0x08005b24   0x08005b24   0x0000001c   Data   RO         1272    locale$$data        c_w.l(lc_numeric_c.o)
    0x08005b40   0x08005b40   0x00000110   Data   RO         1349    locale$$data        c_w.l(lc_ctype_c.o)


    Execution Region RW_IRAM1 (Exec base: 0x20000000, Load base: 0x08005c50, Size: 0x00000850, Max: 0x00005000, ABSOLUTE)

    Exec Addr    Load Addr    Size         Type   Attr      Idx    E Section Name        Object

    0x20000000   0x08005c50   0x00000004   Data   RW          997    .data.SystemCoreClock  system_stm32f10x.o
    0x20000004   0x08005c54   0x00000008   Data   RW          128    .data.arrow_down    i2c2_lcd.o
    0x2000000c   0x08005c5c   0x00000008   Data   RW          127    .data.arrow_up      i2c2_lcd.o
    0x20000014   0x08005c64   0x00000008   Data   RW          129    .data.char_ohm      i2c2_lcd.o
    0x2000001c   0x08005c6c   0x00000008   Data   RW          246    .data.mainMenu      menu.o
    0x20000024   0x08005c74   0x0000000c   Data   RW          247    .data.measureMenu   menu.o
    0x20000030   0x08005c80   0x00000014   Data   RW          249    .data.measureSingleMenu  menu.o
    0x20000044   0x08005c94   0x0000003c   Data   RW          285    .data.pwm_inputs    pwm_input.o
    0x20000080   0x08005cd0   0x00000010   Data   RW          248    .data.transmitMenu  menu.o
    0x20000090        -       0x00000060   Zero   RW         1284    .bss                c_w.l(libspace.o)
    0x200000f0        -       0x00000001   Zero   RW           13    .bss.Adc_Config.adc_initialized  adc.o
    0x200000f1   0x08005ce0   0x00000003   PAD
    0x200000f4        -       0x00000004   Zero   RW          170    .bss.Measure_Capacitor.measure_cap_start_time  measure.o
    0x200000f8        -       0x00000004   Zero   RW          258    .bss.Update_Duty.lastTime  menu.o
    0x200000fc        -       0x00000004   Zero   RW          257    .bss.Update_Frequency.lastTime  menu.o
    0x20000100        -       0x00000004   Zero   RW          256    .bss.Update_Resistor.lastTime  menu.o
    0x20000104        -       0x00000054   Zero   RW          361    .bss.__stdout       usart1.o
    0x20000158        -       0x00000002   Zero   RW           14    .bss.adc_gpio_initialized  adc.o
    0x2000015a   0x08005ce0   0x00000006   PAD
    0x20000160        -       0x00000060   Zero   RW           81    .bss.buttons        gpio.o
    0x200001c0        -       0x00000001   Zero   RW          168    .bss.cap_state      measure.o
    0x200001c1   0x08005ce0   0x00000003   PAD
    0x200001c4        -       0x00000010   Zero   RW           49    .bss.currentConfig  flash.o
    0x200001d4        -       0x00000001   Zero   RW          255    .bss.currentIndex   menu.o
    0x200001d5        -       0x00000001   Zero   RW          253    .bss.currentMenu    menu.o
    0x200001d6        -       0x00000001   Zero   RW          243    .bss.duty_step      menu.o
    0x200001d7   0x08005ce0   0x00000001   PAD
    0x200001d8        -       0x00000002   Zero   RW          244    .bss.freq_step      menu.o
    0x200001da        -       0x00000004   Zero   RW           83    .bss.gpio_button_enabled_flags  gpio.o
    0x200001de        -       0x00000004   Zero   RW           82    .bss.gpio_button_pressed_flags  gpio.o
    0x200001e2        -       0x00000001   Zero   RW          131    .bss.i2ic2_lcd_address  i2c2_lcd.o
    0x200001e3        -       0x00000001   Zero   RW          254    .bss.measureAllStep  menu.o
    0x200001e4        -       0x00000001   Zero   RW          167    .bss.measure_cap_done  measure.o
    0x200001e5   0x08005ce0   0x00000003   PAD
    0x200001e8        -       0x00000004   Zero   RW          166    .bss.measured_capacitance  measure.o
    0x200001ec        -       0x00000004   Zero   RW          163    .bss.measured_duty  measure.o
    0x200001f0        -       0x00000004   Zero   RW          165    .bss.measured_frequency  measure.o
    0x200001f4        -       0x00000004   Zero   RW          164    .bss.measured_resistor  measure.o
    0x200001f8        -       0x00000001   Zero   RW          252    .bss.menuNeedClear  menu.o
    0x200001f9   0x08005ce0   0x00000003   PAD
    0x200001fc        -       0x00000004   Zero   RW          320    .bss.systick_ms     systick.o
    0x20000200        -       0x00000002   Zero   RW          333    .bss.transmited_duty  transmit.o
    0x20000202   0x08005ce0   0x00000002   PAD
    0x20000204        -       0x00000004   Zero   RW          334    .bss.transmited_frequency  transmit.o
    0x20000208        -       0x00000040   Zero   RW          359    .bss.usart1_rx_buffer  usart1.o
    0x20000248        -       0x00000001   Zero   RW          360    .bss.usart1_rx_data_ready  usart1.o
    0x20000249        -       0x00000001   Zero   RW          358    .bss.usart1_rx_index  usart1.o
    0x2000024a   0x08005ce0   0x00000006   PAD
    0x20000250        -       0x00000200   Zero   RW          980    HEAP                startup_stm32f10x_md.o
    0x20000450        -       0x00000400   Zero   RW          979    STACK               startup_stm32f10x_md.o


==============================================================================

Image component sizes


      Code (inc. data)   RO Data    RW Data    ZI Data      Debug   Object Name

       392         36          2          0          3       3729   adc.o
       272         84          0          0          0        683   app.o
       646         48         16          0         16       2706   flash.o
       572         48         59          0        104       4655   gpio.o
       976        128          5         24          1       5639   i2c2_lcd.o
        10          0          0          0          0        341   main.o
       792         88          0          0         22       3501   measure.o
      3268        218        226         56         19       9729   menu.o
        94          0          0          0          0       3382   misc.o
       760         40         10         60          0       6959   pwm_input.o
       196         44          0          0          0       3191   pwm_output.o
        64         26        236          0       1536        816   startup_stm32f10x_md.o
       270          0          0          0          0       9121   stm32f10x_adc.o
       194          0          0          0          0       5784   stm32f10x_gpio.o
       208          0         20          0          0       7600   stm32f10x_rcc.o
      1254          0          0          0          0      24020   stm32f10x_tim.o
       326          0          0          0          0       7868   stm32f10x_usart.o
       284          0          0          4          0       2758   system_stm32f10x.o
       132          0          0          0          4       3775   systick.o
       320          0         12          0          6       3233   transmit.o
       374          0          0          0        150       5462   usart1.o

    ----------------------------------------------------------------------
     11530        760        620        144       1888     114952   Object Totals
         0          0         32          0          0          0   (incl. Generated)
       126          0          2          0         27          0   (incl. Padding)

    ----------------------------------------------------------------------

      Code (inc. data)   RO Data    RW Data    ZI Data      Debug   Library Member Name

        24          4          0          0          0         84   __2printf.o
        56          6          0          0          0         88   __2snprintf.o
         8          0          0          0          0         68   __main.o
       392          4         17          0          0         92   __printf_flags_ss_wp.o
        14          0          0          0          0         68   __printf_wp.o
         0          0          0          0          0          0   __rtentry.o
        12          0          0          0          0          0   __rtentry2.o
         6          0          0          0          0          0   __rtentry4.o
        52          8          0          0          0          0   __scatter.o
        26          0          0          0          0          0   __scatter_copy.o
        28          0          0          0          0          0   __scatter_zi.o
        72          0          0          0          0         96   _c16rtomb.o
         6          0          0          0          0          0   _printf_a.o
         6          0          0          0          0          0   _printf_c.o
        44          0          0          0          0        108   _printf_char.o
        48          6          0          0          0         96   _printf_char_common.o
        36          4          0          0          0         80   _printf_char_file.o
        40          0          0          0          0         68   _printf_charcount.o
         6          0          0          0          0          0   _printf_d.o
       120         16          0          0          0         92   _printf_dec.o
         6          0          0          0          0          0   _printf_e.o
         6          0          0          0          0          0   _printf_f.o
      1052          0          0          0          0        148   _printf_fp_dec.o
       764          8         38          0          0        100   _printf_fp_hex.o
       128         16          0          0          0         84   _printf_fp_infnan.o
         6          0          0          0          0          0   _printf_g.o
       148          4         40          0          0        160   _printf_hex_int_ll_ptr.o
         6          0          0          0          0          0   _printf_i.o
       178          0          0          0          0         88   _printf_intcommon.o
        10          0          0          0          0          0   _printf_l.o
         6          0          0          0          0          0   _printf_lc.o
        10          0          0          0          0          0   _printf_ll.o
         6          0          0          0          0          0   _printf_lld.o
         6          0          0          0          0          0   _printf_lli.o
         6          0          0          0          0          0   _printf_llo.o
         6          0          0          0          0          0   _printf_llu.o
         6          0          0          0          0          0   _printf_llx.o
       124         16          0          0          0         92   _printf_longlong_dec.o
         6          0          0          0          0          0   _printf_ls.o
         6          0          0          0          0          0   _printf_n.o
         6          0          0          0          0          0   _printf_o.o
       112          8          0          0          0        124   _printf_oct_int_ll.o
         6          0          0          0          0          0   _printf_p.o
        78          0          0          0          0        108   _printf_pad.o
         0          0          0          0          0          0   _printf_percent.o
         4          0          0          0          0          0   _printf_percent_end.o
         6          0          0          0          0          0   _printf_s.o
        82          0          0          0          0         80   _printf_str.o
        36          0          0          0          0         84   _printf_truncate.o
         6          0          0          0          0          0   _printf_u.o
        44          0          0          0          0        108   _printf_wchar.o
       188          6          8          0          0         92   _printf_wctomb.o
         6          0          0          0          0          0   _printf_x.o
        16          0          0          0          0         68   _snputc.o
        10          0          0          0          0         68   _sputc.o
       228          4        148          0          0         96   bigflt0.o
      1936        128          0          0          0        672   btod.o
        18          0          0          0          0         80   exit.o
         8          0          0          0          0         68   ferror.o
         6          0          0          0          0        152   heapauxi.o
         0          0          0          0          0          0   indicate_semi.o
        44         10        272          0          0         76   lc_ctype_c.o
        44         10         28          0          0         76   lc_numeric_c.o
         2          0          0          0          0          0   libinit.o
        30          0          0          0          0          0   libinit2.o
         2          0          0          0          0          0   libshutdown.o
         2          0          0          0          0          0   libshutdown2.o
         8          4          0          0         96         68   libspace.o
       138          0          0          0          0         80   lludiv10.o
        88          0          0          0          0         76   memcmp.o
        44          4          0          0          0         84   puts.o
        16          4          0          0          0         76   rt_ctype_table.o
         8          4          0          0          0         68   rt_locale_intlibspace.o
        78          0          0          0          0         80   rt_memclr_w.o
       138          0          0          0          0         68   rt_memcpy_v6.o
       100          0          0          0          0         80   rt_memcpy_w.o
         2          0          0          0          0          0   rtexit.o
        10          0          0          0          0          0   rtexit2.o
       128          0          0          0          0         68   strcmpv7m.o
        62          0          0          0          0         76   strlen.o
        12          4          0          0          0         68   sys_exit.o
        74          0          0          0          0         80   sys_stackheap_outer.o
         2          0          0          0          0         68   use_no_semi.o
        52          4          0          0          0         80   vsnprintf.o
        84          0          0          0          0        196   dcmp.o
        24          0          0          0          0         68   dcmpi.o
       688        140          0          0          0        216   ddiv.o
       120          4          0          0          0         92   deqf.o
       120          4          0          0          0         92   dgeqf.o
       120          4          0          0          0         92   dleqf.o
       340         12          0          0          0        104   dmul.o
       156          4          0          0          0         92   dnaninf.o
        12          0          0          0          0         68   dretinf.o
        86          4          0          0          0         84   f2d.o
       430          8          0          0          0        168   faddsub_clz.o
        84          0          0          0          0        196   fcmp.o
        24          0          0          0          0         68   fcmpi.o
       388         76          0          0          0         96   fdiv.o
       104          4          0          0          0         84   feqf.o
        62          4          0          0          0         84   ffixu.o
        38          0          0          0          0         68   fflt_clz.o
       104          4          0          0          0         84   fgeqf.o
       104          4          0          0          0         84   fleqf.o
       258          4          0          0          0         84   fmul.o
       140          4          0          0          0         84   fnaninf.o
        10          0          0          0          0         68   fretinf.o
         4          0          0          0          0         68   printf1.o
         4          0          0          0          0         68   printf2.o
         0          0          0          0          0          0   usenofp.o
        40          0          0          0          0         68   fpclassify.o

    ----------------------------------------------------------------------
     10928        562        554          0         96       7160   Library Totals
        22          0          3          0          0          0   (incl. Padding)

    ----------------------------------------------------------------------

      Code (inc. data)   RO Data    RW Data    ZI Data      Debug   Library Name

      7362        282        551          0         96       4684   c_w.l
      3504        280          0          0          0       2408   fz_ws.l
        40          0          0          0          0         68   m_ws.l

    ----------------------------------------------------------------------
     10928        562        554          0         96       7160   Library Totals

    ----------------------------------------------------------------------

==============================================================================


      Code (inc. data)   RO Data    RW Data    ZI Data      Debug   

     22458       1322       1174        144       1984     117904   Grand Totals
     22458       1322       1174        144       1984     117904   ELF Image Totals
     22458       1322       1174        144          0          0   ROM Totals

==============================================================================

    Total RO  Size (Code + RO Data)                23632 (  23.08kB)
    Total RW  Size (RW Data + ZI Data)              2128 (   2.08kB)
    Total ROM Size (Code + RO Data + RW Data)      23776 (  23.22kB)

==============================================================================

